test_complete_source_traceability (test_vws_integration.VWSIntegration.test_complete_source_traceability) ... ok
test_corrupt_archive_fails_before_read (test_vws_integration.VWSIntegration.test_corrupt_archive_fails_before_read) ... ok
test_exact_original_workpack_retained (test_vws_integration.VWSIntegration.test_exact_original_workpack_retained) ... ok
test_no_automatic_pass_or_lost_ids (test_vws_integration.VWSIntegration.test_no_automatic_pass_or_lost_ids) ... ok
test_traversal_task_refused (test_vws_integration.VWSIntegration.test_traversal_task_refused) ... ok
test_windows_launchers_ascii_crlf_and_no_elevation (test_vws_integration.VWSIntegration.test_windows_launchers_ascii_crlf_and_no_elevation) ... ok
test_alias_is_deterministic (test_hardening.Names.test_alias_is_deterministic) ... ok
test_alias_unsafe_extension_removed (test_hardening.Names.test_alias_unsafe_extension_removed) ... ok
test_face_name_bounded (test_hardening.Names.test_face_name_bounded) ... ok
test_normal_names (test_hardening.Names.test_normal_names) ... ok
test_path_with_spaces (test_hardening.Names.test_path_with_spaces) ... ok
test_portable_case (test_hardening.Names.test_portable_case) ... ok
test_rejected_name_00 (test_hardening.Names.test_rejected_name_00) ... ok
test_rejected_name_01 (test_hardening.Names.test_rejected_name_01) ... ok
test_rejected_name_02 (test_hardening.Names.test_rejected_name_02) ... ok
test_rejected_name_03 (test_hardening.Names.test_rejected_name_03) ... ok
test_rejected_name_04 (test_hardening.Names.test_rejected_name_04) ... ok
test_rejected_name_05 (test_hardening.Names.test_rejected_name_05) ... ok
test_rejected_name_06 (test_hardening.Names.test_rejected_name_06) ... ok
test_rejected_name_07 (test_hardening.Names.test_rejected_name_07) ... ok
test_rejected_name_08 (test_hardening.Names.test_rejected_name_08) ... ok
test_rejected_name_09 (test_hardening.Names.test_rejected_name_09) ... ok
test_rejected_name_10 (test_hardening.Names.test_rejected_name_10) ... ok
test_rejected_name_11 (test_hardening.Names.test_rejected_name_11) ... ok
test_rejected_name_12 (test_hardening.Names.test_rejected_name_12) ... ok
test_rejected_name_13 (test_hardening.Names.test_rejected_name_13) ... ok
test_rejected_name_14 (test_hardening.Names.test_rejected_name_14) ... ok
test_rejected_path_00 (test_hardening.Names.test_rejected_path_00) ... ok
test_rejected_path_01 (test_hardening.Names.test_rejected_path_01) ... ok
test_rejected_path_02 (test_hardening.Names.test_rejected_path_02) ... ok
test_rejected_path_03 (test_hardening.Names.test_rejected_path_03) ... ok
test_rejected_path_04 (test_hardening.Names.test_rejected_path_04) ... ok
test_rejected_path_05 (test_hardening.Names.test_rejected_path_05) ... ok
test_rejected_path_06 (test_hardening.Names.test_rejected_path_06) ... ok
test_rejected_path_07 (test_hardening.Names.test_rejected_path_07) ... ok
test_rejected_path_08 (test_hardening.Names.test_rejected_path_08) ... ok
test_rejected_path_09 (test_hardening.Names.test_rejected_path_09) ... ok
test_rejected_path_10 (test_hardening.Names.test_rejected_path_10) ... ok
test_rejected_path_11 (test_hardening.Names.test_rejected_path_11) ... ok
test_rejected_path_12 (test_hardening.Names.test_rejected_path_12) ... ok
test_root_symlink (test_hardening.Names.test_root_symlink) ... ok
test_safe_path (test_hardening.Names.test_safe_path) ... ok
test_symlink_component (test_hardening.Names.test_symlink_component) ... ok
test_unicode_normalization (test_hardening.Names.test_unicode_normalization) ... ok

----------------------------------------------------------------------
Ran 44 tests in 2.516s

OK
