test_tifffile_matrix (test_pixel_fabric.IndependentInteropTests.test_tifffile_matrix) ... ok
test_arithmetic_uninitialized (test_pixel_fabric.KernelTests.test_arithmetic_uninitialized) ... ok
test_batch_atomic (test_pixel_fabric.KernelTests.test_batch_atomic) ... ok
test_cas_refused (test_pixel_fabric.KernelTests.test_cas_refused) ... ok
test_coordinates (test_pixel_fabric.KernelTests.test_coordinates) ... ok
test_diff (test_pixel_fabric.KernelTests.test_diff) ... ok
test_empty_batch (test_pixel_fabric.KernelTests.test_empty_batch) ... ok
test_explicit_wrap (test_pixel_fabric.KernelTests.test_explicit_wrap) ... ok
test_native_limit (test_pixel_fabric.KernelTests.test_native_limit) ... ok
test_operation_budget (test_pixel_fabric.KernelTests.test_operation_budget) ... ok
test_overflow_rejected (test_pixel_fabric.KernelTests.test_overflow_rejected) ... ok
test_set_exact (test_pixel_fabric.KernelTests.test_set_exact) ... ok
test_set_extends_to_58 (test_pixel_fabric.KernelTests.test_set_extends_to_58) ... ok
test_ship_paint_uses_kernel (test_pixel_fabric.KernelTests.test_ship_paint_uses_kernel) ... ok
test_ship_rejects_negative_not_masks (test_pixel_fabric.KernelTests.test_ship_rejects_negative_not_masks) ... ok
test_ship_stale_digest (test_pixel_fabric.KernelTests.test_ship_stale_digest) ... ok
test_stale_blob_digest (test_pixel_fabric.KernelTests.test_stale_blob_digest) ... ok
test_value_types (test_pixel_fabric.KernelTests.test_value_types) ... ok
test_xor (test_pixel_fabric.KernelTests.test_xor) ... ok

----------------------------------------------------------------------
Ran 19 tests in 0.055s

OK
