test_associated_alpha (test_pixel_fabric.AdmissionTests.test_associated_alpha) ... ok
test_bad_external_offset (test_pixel_fabric.AdmissionTests.test_bad_external_offset) ... ok
test_bad_scalar_hex (test_pixel_fabric.AdmissionTests.test_bad_scalar_hex) ... ok
test_bigtiff_header_offset_width (test_pixel_fabric.AdmissionTests.test_bigtiff_header_offset_width) ... ok
test_bigtiff_header_reserved (test_pixel_fabric.AdmissionTests.test_bigtiff_header_reserved) ... ok
test_bool_grid (test_pixel_fabric.AdmissionTests.test_bool_grid) ... ok
test_cycle (test_pixel_fabric.AdmissionTests.test_cycle) ... ok
test_duplicate_json (test_pixel_fabric.AdmissionTests.test_duplicate_json) ... ok
test_duplicate_tag (test_pixel_fabric.AdmissionTests.test_duplicate_tag) ... ok
test_huge_ifd_pointer (test_pixel_fabric.AdmissionTests.test_huge_ifd_pointer) ... ok
test_huge_tag_count (test_pixel_fabric.AdmissionTests.test_huge_tag_count) ... ok
test_ifd_count_budget (test_pixel_fabric.AdmissionTests.test_ifd_count_budget) ... ok
test_lossy_compression (test_pixel_fabric.AdmissionTests.test_lossy_compression) ... ok
test_metadata_cumulative_budget (test_pixel_fabric.AdmissionTests.test_metadata_cumulative_budget) ... ok
test_metadata_mirror_disagreement (test_pixel_fabric.AdmissionTests.test_metadata_mirror_disagreement) ... ok
test_nonfinite_json (test_pixel_fabric.AdmissionTests.test_nonfinite_json) ... ok
test_oversize_dimensions (test_pixel_fabric.AdmissionTests.test_oversize_dimensions) ... ok
test_planar_conversion (test_pixel_fabric.AdmissionTests.test_planar_conversion) ... ok
test_png_rejected_before_decode (test_pixel_fabric.AdmissionTests.test_png_rejected_before_decode) ... ok
test_raster_metadata_overlap (test_pixel_fabric.AdmissionTests.test_raster_metadata_overlap) ... ok
test_raster_out_of_range (test_pixel_fabric.AdmissionTests.test_raster_out_of_range) ... ok
test_seeded_pointer_mutations (test_pixel_fabric.AdmissionTests.test_seeded_pointer_mutations) ... ok
test_short_header (test_pixel_fabric.AdmissionTests.test_short_header) ... ok
test_symlink_rejected (test_pixel_fabric.AdmissionTests.test_symlink_rejected) ... ok
test_truncation_campaign (test_pixel_fabric.AdmissionTests.test_truncation_campaign) ... ok
test_unknown_magic (test_pixel_fabric.AdmissionTests.test_unknown_magic) ... ok
test_unknown_sidecar_fields (test_pixel_fabric.AdmissionTests.test_unknown_sidecar_fields) ... ok
test_all_30_sealed_genesis (test_pixel_fabric.HistoryTests.test_all_30_sealed_genesis) ... ok
test_compression_matrix (test_pixel_fabric.HistoryTests.test_compression_matrix) ... ok
test_encoder_failure_preserves_old (test_pixel_fabric.HistoryTests.test_encoder_failure_preserves_old) ... ok
test_full_history_refused (test_pixel_fabric.HistoryTests.test_full_history_refused) ... ok
test_grid_matrix (test_pixel_fabric.HistoryTests.test_grid_matrix) ... ok
test_history_all_frames (test_pixel_fabric.HistoryTests.test_history_all_frames) ... ok
test_history_window (test_pixel_fabric.HistoryTests.test_history_window) ... ok
test_missing_history_metadata (test_pixel_fabric.HistoryTests.test_missing_history_metadata) ... ok
test_negative_page (test_pixel_fabric.HistoryTests.test_negative_page) ... ok
test_replace_failure_preserves_old (test_pixel_fabric.HistoryTests.test_replace_failure_preserves_old) ... ok
test_stale_commit (test_pixel_fabric.HistoryTests.test_stale_commit) ... ok

----------------------------------------------------------------------
Ran 38 tests in 0.155s

OK
