test_completed_result_cannot_replay (test_foundation.Lifecycle.test_completed_result_cannot_replay) ... ok
test_event_budget_rolls_back_state (test_foundation.Lifecycle.test_event_budget_rolls_back_state) ... ok
test_failure_records_no_running (test_foundation.Lifecycle.test_failure_records_no_running) ... ok
test_generated_legal_and_illegal_sequences (test_foundation.Lifecycle.test_generated_legal_and_illegal_sequences) ... ok
test_generation_monotonic (test_foundation.Lifecycle.test_generation_monotonic) ... ok
test_identity_survives_reopen (test_foundation.Lifecycle.test_identity_survives_reopen) ... ok
test_illegal_transition_rejected (test_foundation.Lifecycle.test_illegal_transition_rejected) ... ok
test_overlapping_operation_refused (test_foundation.Lifecycle.test_overlapping_operation_refused) ... ok
test_read_empty_does_not_create_database (test_foundation.Lifecycle.test_read_empty_does_not_create_database) ... ok
test_ready_not_assumed_from_completion (test_foundation.Lifecycle.test_ready_not_assumed_from_completion) ... ok
test_stale_begin_refused (test_foundation.Lifecycle.test_stale_begin_refused) ... ok
test_stale_result_refused (test_foundation.Lifecycle.test_stale_result_refused) ... ok
test_transition_requires_reason (test_foundation.Lifecycle.test_transition_requires_reason) ... ok
test_unknown_database_version (test_foundation.Lifecycle.test_unknown_database_version) ... ok
test_case_collision (test_hardening.Lifecycle.test_case_collision) ... ok
test_commit_failure_rolls_back (test_hardening.Lifecycle.test_commit_failure_rolls_back) ... ok
test_directory_symlink_rejected (test_hardening.Lifecycle.test_directory_symlink_rejected) ... ok
test_failed_final_journal_is_retained (test_hardening.Lifecycle.test_failed_final_journal_is_retained) ... ok
test_refuse_replace_without_flag (test_hardening.Lifecycle.test_refuse_replace_without_flag) ... ok
test_replace_keeps_backup (test_hardening.Lifecycle.test_replace_keeps_backup) ... ok
test_replace_missing_preserves_old (test_hardening.Lifecycle.test_replace_missing_preserves_old) ... ok
test_stage_exception_preserves_old (test_hardening.Lifecycle.test_stage_exception_preserves_old) ... ok
test_unload_recoverable (test_hardening.Lifecycle.test_unload_recoverable) ... ok
test_unload_traversal_preserves_outside (test_hardening.Lifecycle.test_unload_traversal_preserves_outside) ... ok

----------------------------------------------------------------------
Ran 24 tests in 0.144s

OK
