test_boolean_counter (test_pixel_fabric.BlobTests.test_boolean_counter) ... ok
test_bro1_corruption (test_pixel_fabric.BlobTests.test_bro1_corruption) ... ok
test_bro1_integrity (test_pixel_fabric.BlobTests.test_bro1_integrity) ... ok
test_bro1_object_identity (test_pixel_fabric.BlobTests.test_bro1_object_identity) ... ok
test_exact_roundtrip (test_pixel_fabric.BlobTests.test_exact_roundtrip) ... ok
test_negative_counter (test_pixel_fabric.BlobTests.test_negative_counter) ... ok
test_scalar_budget (test_pixel_fabric.BlobTests.test_scalar_budget) ... ok
test_short_magic_preserved (test_pixel_fabric.BlobTests.test_short_magic_preserved) ... ok
test_slot_overflow (test_pixel_fabric.BlobTests.test_slot_overflow) ... ok
test_tick_overflow (test_pixel_fabric.BlobTests.test_tick_overflow) ... ok
test_trailing_bytes (test_pixel_fabric.BlobTests.test_trailing_bytes) ... ok
test_truncated_blob (test_pixel_fabric.BlobTests.test_truncated_blob) ... ok
test_u64_tick (test_pixel_fabric.BlobTests.test_u64_tick) ... ok
test_unsupported_version (test_pixel_fabric.BlobTests.test_unsupported_version) ... ok
test_associated_alpha (test_pixel_fabric.AdmissionTests.test_associated_alpha) ... ok
test_bad_external_offset (test_pixel_fabric.AdmissionTests.test_bad_external_offset) ... ok
test_bad_scalar_hex (test_pixel_fabric.AdmissionTests.test_bad_scalar_hex) ... ok
test_bigtiff_header_offset_width (test_pixel_fabric.AdmissionTests.test_bigtiff_header_offset_width) ... ok
test_bigtiff_header_reserved (test_pixel_fabric.AdmissionTests.test_bigtiff_header_reserved) ... ok
test_bool_grid (test_pixel_fabric.AdmissionTests.test_bool_grid) ... ok
test_cycle (test_pixel_fabric.AdmissionTests.test_cycle) ... ok
test_duplicate_json (test_pixel_fabric.AdmissionTests.test_duplicate_json) ... ok
test_duplicate_tag (test_pixel_fabric.AdmissionTests.test_duplicate_tag) ... ok
test_huge_ifd_pointer (test_pixel_fabric.AdmissionTests.test_huge_ifd_pointer) ... ok
test_huge_tag_count (test_pixel_fabric.AdmissionTests.test_huge_tag_count) ... ok
test_ifd_count_budget (test_pixel_fabric.AdmissionTests.test_ifd_count_budget) ... ok
test_lossy_compression (test_pixel_fabric.AdmissionTests.test_lossy_compression) ... ok
test_metadata_cumulative_budget (test_pixel_fabric.AdmissionTests.test_metadata_cumulative_budget) ... ok
test_metadata_mirror_disagreement (test_pixel_fabric.AdmissionTests.test_metadata_mirror_disagreement) ... ok
test_nonfinite_json (test_pixel_fabric.AdmissionTests.test_nonfinite_json) ... ok
test_oversize_dimensions (test_pixel_fabric.AdmissionTests.test_oversize_dimensions) ... ok
test_planar_conversion (test_pixel_fabric.AdmissionTests.test_planar_conversion) ... ok
test_png_rejected_before_decode (test_pixel_fabric.AdmissionTests.test_png_rejected_before_decode) ... ok
test_raster_metadata_overlap (test_pixel_fabric.AdmissionTests.test_raster_metadata_overlap) ... ok
test_raster_out_of_range (test_pixel_fabric.AdmissionTests.test_raster_out_of_range) ... ok
test_seeded_pointer_mutations (test_pixel_fabric.AdmissionTests.test_seeded_pointer_mutations) ... ok
test_short_header (test_pixel_fabric.AdmissionTests.test_short_header) ... ok
test_symlink_rejected (test_pixel_fabric.AdmissionTests.test_symlink_rejected) ... ok
test_truncation_campaign (test_pixel_fabric.AdmissionTests.test_truncation_campaign) ... ok
test_unknown_magic (test_pixel_fabric.AdmissionTests.test_unknown_magic) ... ok
test_unknown_sidecar_fields (test_pixel_fabric.AdmissionTests.test_unknown_sidecar_fields) ... ok

----------------------------------------------------------------------
Ran 41 tests in 0.100s

OK
