$ python -m inv26_microvm_snapshotting.tools.governance_check
# rc=3 seconds=0.0
{
 "schema": "PK_SNAPSHOT_GOVERNANCE/1",
 "problems": [
  "role accountable_owner unassigned",
  "role service_owner unassigned",
  "role engineering_owner unassigned",
  "role security_owner unassigned",
  "role sre_oncall unassigned",
  "role delegate unassigned",
  "no on-call paging route",
  "WAIVER-1 waiver lacks approver/expiry",
  "WAIVER-2 waiver lacks approver/expiry",
  "review 'access (who holds snapshot.* and break-glass)' never performed",
  "review 'policy (precedence, applicability, outage)' never performed",
  "review 'dependencies (cryptography pin, CVEs)' never performed",
  "review 'configuration drift vs approved revision' never performed",
  "review 'architecture / ADR-0001 triggers' never performed",
  "review 'threat model' never performed"
 ],
 "result": "GOVERNANCE_PENDING"
}

