TAP version 13
# Subtest: F05 geometry: invalid open throws, invalid resize is refused and never stored
ok 1 - F05 geometry: invalid open throws, invalid resize is refused and never stored
  ---
  duration_ms: 3.690607
  type: 'test'
  ...
# Subtest: F04 close settles the active reader and emits exactly one exit
ok 2 - F04 close settles the active reader and emits exactly one exit
  ---
  duration_ms: 35.403286
  type: 'test'
  ...
# Subtest: close during a running command aborts it; still one exit; no late output
ok 3 - close during a running command aborts it; still one exit; no late output
  ---
  duration_ms: 86.458666
  type: 'test'
  ...
# Subtest: F10 open barrier: deferStart emits nothing until startSession
ok 4 - F10 open barrier: deferStart emits nothing until startSession
  ---
  duration_ms: 46.36871
  type: 'test'
  ...
# Subtest: exit command and Ctrl-D report logout once
ok 5 - exit command and Ctrl-D report logout once
  ---
  duration_ms: 91.211942
  type: 'test'
  ...
# Subtest: Ctrl-C at prompt, during command, and SIGINT signal are distinct and non-fatal
ok 6 - Ctrl-C at prompt, during command, and SIGINT signal are distinct and non-fatal
  ---
  duration_ms: 121.267505
  type: 'test'
  ...
# Subtest: type-ahead: pasted multi-line input executes every line in order
ok 7 - type-ahead: pasted multi-line input executes every line in order
  ---
  duration_ms: 96.867607
  type: 'test'
  ...
# Subtest: F17 bounds: capture limit, seq limit, regex length, input line length
ok 8 - F17 bounds: capture limit, seq limit, regex length, input line length
  ---
  duration_ms: 172.360048
  type: 'test'
  ...
# Subtest: VFS quota surfaces as a command error, not a crash
ok 9 - VFS quota surfaces as a command error, not a crash
  ---
  duration_ms: 125.391556
  type: 'test'
  ...
# Subtest: commandFilter removes commands from the registry
ok 10 - commandFilter removes commands from the registry
  ---
  duration_ms: 0.782347
  type: 'test'
  ...
1..10
# tests 10
# suites 0
# pass 10
# fail 0
# cancelled 0
# skipped 0
# todo 0
# duration_ms 842.442409
