TAP version 13
# Subtest: F06 unterminated OSC retention is bounded and a truncated string is never dispatched
ok 1 - F06 unterminated OSC retention is bounded and a truncated string is never dispatched
  ---
  duration_ms: 9.44138
  type: 'test'
  ...
# Subtest: F07 OSC: BEL and ESC \\ terminate; ESC + other byte aborts WITHOUT dispatch and the new sequence still executes
ok 2 - F07 OSC: BEL and ESC \\ terminate; ESC + other byte aborts WITHOUT dispatch and the new sequence still executes
  ---
  duration_ms: 1.008541
  type: 'test'
  ...
# Subtest: titles are capped and stripped of control characters; OSC 52/8 are not implemented
ok 3 - titles are capped and stripped of control characters; OSC 52/8 are not implemented
  ---
  duration_ms: 0.396887
  type: 'test'
  ...
# Subtest: hostile CSI counts terminate immediately (renderer DoS): 999999999 for @ P L M S T X
ok 4 - hostile CSI counts terminate immediately (renderer DoS): 999999999 for @ P L M S T X
  ---
  duration_ms: 5.657755
  type: 'test'
  ...
# Subtest: over-long CSI parameters / intermediates abort and recover; ESC inside CSI restarts; C0 executes inside CSI
ok 5 - over-long CSI parameters / intermediates abort and recover; ESC inside CSI restarts; C0 executes inside CSI
  ---
  duration_ms: 2.213372
  type: 'test'
  ...
# Subtest: parser state persists across arbitrary chunk boundaries (every split point of a mixed stream)
ok 6 - parser state persists across arbitrary chunk boundaries (every split point of a mixed stream)
  ---
  duration_ms: 11.909559
  type: 'test'
  ...
# Subtest: F08 scrollback bound holds on the resize path and the scroll path; total-cell budget holds for wide screens
ok 7 - F08 scrollback bound holds on the resize path and the scroll path; total-cell budget holds for wide screens
  ---
  duration_ms: 633.66997
  type: 'test'
  ...
# Subtest: geometry is clamped before allocation (constructor and resize)
ok 8 - geometry is clamped before allocation (constructor and resize)
  ---
  duration_ms: 37.378417
  type: 'test'
  ...
# Subtest: random byte soup never throws and never escapes bounds
ok 9 - random byte soup never throws and never escapes bounds
  ---
  duration_ms: 27.693982
  type: 'test'
  ...
1..9
# tests 9
# suites 0
# pass 9
# fail 0
# cancelled 0
# skipped 0
# todo 0
# duration_ms 818.509616
