TAP version 13
# Subtest: [thread] vertical slice: hello(epoch) -> open -> opened before output -> binary input/output -> executed ack -> close -> single exit; ledger returns to zero
ok 1 - [thread] vertical slice: hello(epoch) -> open -> opened before output -> binary input/output -> executed ack -> close -> single exit; ledger returns to zero
  ---
  duration_ms: 445.046532
  type: 'test'
  ...
# Subtest: [process] vertical slice: hello(epoch) -> open -> opened before output -> binary input/output -> executed ack -> close -> single exit; ledger returns to zero
ok 2 - [process] vertical slice: hello(epoch) -> open -> opened before output -> binary input/output -> executed ack -> close -> single exit; ledger returns to zero
  ---
  duration_ms: 375.37644
  type: 'test'
  ...
# Subtest: credits: the server never sends beyond the granted window; output resumes exactly on credit; violations close 1008
ok 3 - credits: the server never sends beyond the granted window; output resumes exactly on credit; violations close 1008
  ---
  duration_ms: 2060.084881
  type: 'test'
  ...
# Subtest: SESSION_RESET: a client presenting state from another epoch gets session.reset with OUTCOME_UNKNOWN (pending) or NO_PENDING_INPUT, then a fresh session; nothing is replayed
ok 4 - SESSION_RESET: a client presenting state from another epoch gets session.reset with OUTCOME_UNKNOWN (pending) or NO_PENDING_INPUT, then a fresh session; nothing is replayed
  ---
  duration_ms: 109.704907
  type: 'test'
  ...
# Subtest: binary data discipline: zero-length payload, unknown kind, output kind from the client, wrong seq, oversize input are rejected; a 8192-byte input is accepted in one message
ok 5 - binary data discipline: zero-length payload, unknown kind, output kind from the client, wrong seq, oversize input are rejected; a 8192-byte input is accepted in one message
  ---
  duration_ms: 71.229488
  type: 'test'
  ...
# Subtest: memory admission: sessions are refused (503 / LIMIT_EXCEEDED) when the ledger allowance is exhausted; no worker is created; capacity returns on close
ok 6 - memory admission: sessions are refused (503 / LIMIT_EXCEEDED) when the ledger allowance is exhausted; no worker is created; capacity returns on close
  ---
  duration_ms: 582.200084
  type: 'test'
  ...
# Subtest: [thread] allocation guard rejects oversized pipeline capture and another tenant remains responsive
ok 7 - [thread] allocation guard rejects oversized pipeline capture and another tenant remains responsive
  ---
  duration_ms: 143.632968
  type: 'test'
  ...
# Subtest: [process] allocation guard rejects oversized pipeline capture and another tenant remains responsive
ok 8 - [process] allocation guard rejects oversized pipeline capture and another tenant remains responsive
  ---
  duration_ms: 140.047331
  type: 'test'
  ...
1..8
# tests 8
# suites 0
# pass 8
# fail 0
# cancelled 0
# skipped 0
# todo 0
# duration_ms 4033.416451
