TAP version 13
# Subtest: full-jitter backoff stays within [0, min(30 s, 0.5 s * 2^attempt)) and uses the supplied randomness
ok 1 - full-jitter backoff stays within [0, min(30 s, 0.5 s * 2^attempt)) and uses the supplied randomness
  ---
  duration_ms: 0.934612
  type: 'test'
  ...
# Subtest: binary input header writer agrees with the codec for boundary seqs
ok 2 - binary input header writer agrees with the codec for boundary seqs
  ---
  duration_ms: 0.919851
  type: 'test'
  ...
# Subtest: input chunking: <= limit per chunk, byte-exact reassembly even when a multi-byte character straddles chunks
ok 3 - input chunking: <= limit per chunk, byte-exact reassembly even when a multi-byte character straddles chunks
  ---
  duration_ms: 1.585475
  type: 'test'
  ...
# Subtest: geometry clamp: finite integers inside policy for any input
ok 4 - geometry clamp: finite integers inside policy for any input
  ---
  duration_ms: 0.192224
  type: 'test'
  ...
# Subtest: IPC adapter open barrier: output that overtakes the open reply is held, delivered in order after start(), never before
ok 5 - IPC adapter open barrier: output that overtakes the open reply is held, delivered in order after start(), never before
  ---
  duration_ms: 0.697291
  type: 'test'
  ...
# Subtest: holding queue is bounded and overflow is announced, not silent
ok 6 - holding queue is bounded and overflow is announced, not silent
  ---
  duration_ms: 0.193296
  type: 'test'
  ...
1..6
# tests 6
# suites 0
# pass 6
# fail 0
# cancelled 0
# skipped 0
# todo 0
# duration_ms 62.260076
