TAP version 13
# Subtest: no credential / wrong credential / malformed header -> 401 before upgrade
ok 1 - no credential / wrong credential / malformed header -> 401 before upgrade
  ---
  duration_ms: 39.157619
  type: 'test'
  ...
# Subtest: Origin: unlisted -> 403 even with a valid credential; listed origin + bearer header is NOT accepted (browser path needs a ticket)
ok 2 - Origin: unlisted -> 403 even with a valid credential; listed origin + bearer header is NOT accepted (browser path needs a ticket)
  ---
  duration_ms: 5.077659
  type: 'test'
  ...
# Subtest: ticket: issued only to an authenticated POST from an allowed origin; HttpOnly+SameSite=Strict+path-scoped; single use; origin-bound; expires
ok 3 - ticket: issued only to an authenticated POST from an allowed origin; HttpOnly+SameSite=Strict+path-scoped; single use; origin-bound; expires
  ---
  duration_ms: 335.577783
  type: 'test'
  ...
# Subtest: session ids authorize nothing: another connection cannot address a live sid; unknown and foreign sids are indistinguishable
ok 4 - session ids authorize nothing: another connection cannot address a live sid; unknown and foreign sids are indistinguishable
  ---
  duration_ms: 425.306194
  type: 'test'
  ...
# Subtest: stale epoch, replayed rid, duplicated input seq, client-forged server message, second session.open
ok 5 - stale epoch, replayed rid, duplicated input seq, client-forged server message, second session.open
  ---
  duration_ms: 250.441692
  type: 'test'
  ...
# Subtest: capacity: per-principal and global caps; refused before a worker is spawned; released on close
ok 6 - capacity: per-principal and global caps; refused before a worker is spawned; released on close
  ---
  duration_ms: 637.669278
  type: 'test'
  ...
# Subtest: revocation ends a live session; revoked token cannot reconnect
ok 7 - revocation ends a live session; revoked token cannot reconnect
  ---
  duration_ms: 114.126685
  type: 'test'
  ...
# Subtest: secrets and host details never reach the shell, the protocol, or the logs
ok 8 - secrets and host details never reach the shell, the protocol, or the logs
  ---
  duration_ms: 276.009678
  type: 'test'
  ...
# Subtest: terminal-escape and command-injection text is data: no host effect
ok 9 - terminal-escape and command-injection text is data: no host effect
  ---
  duration_ms: 61.426276
  type: 'test'
  ...
1..9
# tests 9
# suites 0
# pass 9
# fail 0
# cancelled 0
# skipped 0
# todo 0
# duration_ms 5237.731544
