TAP version 13
# Subtest: actual containership read commands over thread WebSocket
not ok 1 - actual containership read commands over thread WebSocket
  ---
  duration_ms: 135.201856
  type: 'test'
  location: '/mnt/data/UC240/vws/tests/ship/e2e.test.js:12:2'
  failureType: 'testCodeFailure'
  error: |-
    The input did not match the regular expression /"uc_release": "UC-2\.4\.0"/. Input:
    
    '\roperator@hermit ~ › ship capabilities; echo READ-DONE\r\r\n' +
      'ship: REFUSED: $.argv: type array\r\n' +
      'READ-DONE\r\n' +
      'operator@hermit ~ › '
    
  code: 'ERR_ASSERTION'
  name: 'AssertionError'
  expected:
  actual: |-
    operator@hermit ~ › ship capabilities; echo READ-DONE
    ship: REFUSED: $.argv: type array
    READ-DONE
    operator@hermit ~ › 
  operator: 'match'
  stack: |-
    TestContext.<anonymous> (/mnt/data/UC240/vws/tests/ship/e2e.test.js:16:86)
    process.processTicksAndRejections (node:internal/process/task_queues:105:5)
    async Test.run (node:internal/test_runner/test:1054:7)
    async startSubtestAfterBootstrap (node:internal/test_runner/harness:296:3)
  ...
# Subtest: principal without ship.read has no ship command (thread)
ok 2 - principal without ship.read has no ship command (thread)
  ---
  duration_ms: 87.179043
  type: 'test'
  ...
# Subtest: actual containership read commands over process WebSocket
not ok 3 - actual containership read commands over process WebSocket
  ---
  duration_ms: 78.878571
  type: 'test'
  location: '/mnt/data/UC240/vws/tests/ship/e2e.test.js:12:2'
  failureType: 'testCodeFailure'
  error: |-
    The input did not match the regular expression /"uc_release": "UC-2\.4\.0"/. Input:
    
    '\roperator@hermit ~ › ship capabilities; echo READ-DONE\r\r\n' +
      'ship: $.argv: type array\r\n' +
      'READ-DONE\r\n' +
      'operator@hermit ~ › '
    
  code: 'ERR_ASSERTION'
  name: 'AssertionError'
  expected:
  actual: |-
    operator@hermit ~ › ship capabilities; echo READ-DONE
    ship: $.argv: type array
    READ-DONE
    operator@hermit ~ › 
  operator: 'match'
  stack: |-
    TestContext.<anonymous> (/mnt/data/UC240/vws/tests/ship/e2e.test.js:16:86)
    process.processTicksAndRejections (node:internal/process/task_queues:105:5)
    async Test.run (node:internal/test_runner/test:1054:7)
    async Test.processPendingSubtests (node:internal/test_runner/test:744:7)
  ...
# Subtest: principal without ship.read has no ship command (process)
ok 4 - principal without ship.read has no ship command (process)
  ---
  duration_ms: 57.887696
  type: 'test'
  ...
# Subtest: control-enabled gateway still denies read-only principal
ok 5 - control-enabled gateway still denies read-only principal
  ---
  duration_ms: 84.521374
  type: 'test'
  ...
# Subtest: Ctrl-C cancels gateway-owned Python job and returns terminal exit 130
not ok 6 - Ctrl-C cancels gateway-owned Python job and returns terminal exit 130
  ---
  duration_ms: 2851.174115
  type: 'test'
  location: '/mnt/data/UC240/vws/tests/ship/e2e.test.js:31:1'
  failureType: 'testCodeFailure'
  error: 'broker not started'
  code: 'ERR_TEST_FAILURE'
  stack: |-
    TestContext.<anonymous> (/mnt/data/UC240/vws/tests/ship/e2e.test.js:35:136)
    async Test.run (node:internal/test_runner/test:1054:7)
    async Test.processPendingSubtests (node:internal/test_runner/test:744:7)
  ...
# Subtest: disconnect cancels gateway job rather than orphaning it
not ok 7 - disconnect cancels gateway job rather than orphaning it
  ---
  duration_ms: 2759.477655
  type: 'test'
  location: '/mnt/data/UC240/vws/tests/ship/e2e.test.js:40:1'
  failureType: 'testCodeFailure'
  error: |-
    The expression evaluated to a falsy value:
    
      assert.ok(active)
    
  code: 'ERR_ASSERTION'
  name: 'AssertionError'
  expected: true
  actual: false
  operator: '=='
  stack: |-
    TestContext.<anonymous> (/mnt/data/UC240/vws/tests/ship/e2e.test.js:43:235)
    async Test.run (node:internal/test_runner/test:1054:7)
    async Test.processPendingSubtests (node:internal/test_runner/test:744:7)
  ...
1..7
# tests 7
# suites 0
# pass 3
# fail 4
# cancelled 0
# skipped 0
# todo 0
# duration_ms 6802.695408
