TAP version 13
# Subtest: read command vocabulary is canonical and does not authorize mutation
ok 1 - read command vocabulary is canonical and does not authorize mutation
  ---
  duration_ms: 1.219252
  type: 'test'
  ...
# Subtest: control is allowlisted; executions require positive generation and capped ticks
ok 2 - control is allowlisted; executions require positive generation and capped ticks
  ---
  duration_ms: 0.774144
  type: 'test'
  ...
# Subtest: injection, paths, extra flags, and malformed argv are refused
ok 3 - injection, paths, extra flags, and malformed argv are refused
  ---
  duration_ms: 0.225313
  type: 'test'
  ...
# Subtest: Python child environment excludes credentials and preload variables
ok 4 - Python child environment excludes credentials and preload variables
  ---
  duration_ms: 0.156071
  type: 'test'
  ...
# Subtest: launcher arguments validate ports, explicit modes and unknown options
ok 5 - launcher arguments validate ports, explicit modes and unknown options
  ---
  duration_ms: 0.227406
  type: 'test'
  ...
# Subtest: integrated config refuses public bind, dev auth, relative Python, legacy bridge and snapshots
ok 6 - integrated config refuses public bind, dev auth, relative Python, legacy bridge and snapshots
  ---
  duration_ms: 0.903546
  type: 'test'
  ...
# Subtest: exact credential revocation is not rescued by a second credential for same identity
ok 7 - exact credential revocation is not rescued by a second credential for same identity
  ---
  duration_ms: 1.775004
  type: 'test'
  ...
# Subtest: broker executes canonical isolated Python and captures bounded output
ok 8 - broker executes canonical isolated Python and captures bounded output
  ---
  duration_ms: 673.711982
  type: 'test'
  ...
# Subtest: broker denies control at the gateway even if worker asks for it
ok 9 - broker denies control at the gateway even if worker asks for it
  ---
  duration_ms: 1.119906
  type: 'test'
  ...
# Subtest: broker output overflow terminates without exceeding combined capture cap
ok 10 - broker output overflow terminates without exceeding combined capture cap
  ---
  duration_ms: 472.69866
  type: 'test'
  ...
# Subtest: broker deadline kills a stalled operation
ok 11 - broker deadline kills a stalled operation
  ---
  duration_ms: 104.726377
  type: 'test'
  ...
# Subtest: broker concurrency refuses rather than queues; ownership restricts cancellation
ok 12 - broker concurrency refuses rather than queues; ownership restricts cancellation
  ---
  duration_ms: 2.883444
  type: 'test'
  ...
# Subtest: broker shutdown cancels active job and rejects future work
ok 13 - broker shutdown cancels active job and rejects future work
  ---
  duration_ms: 2.823464
  type: 'test'
  ...
# Subtest: launcher link traversal is refused before credential writes
ok 14 - launcher link traversal is refused before credential writes
  ---
  duration_ms: 0.470145
  type: 'test'
  ...
1..14
# tests 14
# suites 0
# pass 14
# fail 0
# cancelled 0
# skipped 0
# todo 0
# duration_ms 2083.217882
