{"schema": "UC/TRANSACTION_RESULT/1", "id": "8219edf82a1b4b8081e88bd4d1edeea7", "status": "COMMITTED", "identity": null, "scope": "managed local files only; external/native side effects are not reversible"}
== UC BUILD Unikernel Containership -- UC-2.4.0
  [OK] hold extracted: DF_Fabric, DF_Large, DF_Medium, DF_Small, DF_Xtra_Large
  [OK] engine N_SMALL (DF_Small)
  [OK] engine N_MEDIUM (DF_Medium)
  [OK] engine N_LARGE (DF_Large)
  [OK] engine N_XLARGE (DF_Xtra_Large)
  [OK] hull installed: execution SIGNED_VERIFIED
  [OK] studio faces: 6/6 built
  [OK] .tif fabric images: 6/6 berths
  [OK] hull cargo: 0/0 studio containers mounted in the hull
{
  "engines": {
    "N_LARGE": {
      "host_limited": null,
      "returncode": 0
    },
    "N_MEDIUM": {
      "host_limited": null,
      "returncode": 0
    },
    "N_SMALL": {
      "host_limited": null,
      "returncode": 0
    },
    "N_XLARGE": {
      "host_limited": null,
      "returncode": 0
    }
  },
  "engines_host_adaptations": {},
  "extract": {
    "DF_Fabric": {
      "extracted": true,
      "host_limits": {
        "case_collisions_in_zip": [],
        "filesystem_case_insensitive": false,
        "skipped_by_host": []
      },
      "own_sums_pass": true
    },
    "DF_Large": {
      "extracted": true,
      "host_limits": {
        "case_collisions_in_zip": [],
        "filesystem_case_insensitive": false,
        "skipped_by_host": []
      },
      "own_sums_pass": true
    },
    "DF_Medium": {
      "extracted": true,
      "host_limits": {
        "case_collisions_in_zip": [],
        "filesystem_case_insensitive": false,
        "skipped_by_host": []
      },
      "own_sums_pass": true
    },
    "DF_Small": {
      "extracted": true,
      "host_limits": {
        "case_collisions_in_zip": [],
        "filesystem_case_insensitive": false,
        "skipped_by_host": []
      },
      "own_sums_pass": true
    },
    "DF_Xtra_Large": {
      "extracted": true,
      "host_limits": {
        "case_collisions_in_zip": [
          "DF_Xtra_Large/vm/QUORUM_LCTL_MSSL_2.1.0/vm/world/evidence/input_provenance.json"
        ],
        "filesystem_case_insensitive": false,
        "skipped_by_host": []
      },
      "own_sums_pass": true
    }
  },
  "fabric": {
    "available": true,
    "berths": 6,
    "reason": null
  },
  "host": {
    "cc": "/usr/bin/cc",
    "fork": true,
    "java": "/usr/bin/java",
    "locale_encoding": "UTF-8",
    "make": "/usr/bin/make",
    "platform": "Linux-6.18.44-x86_64-with-glibc2.41",
    "python": "3.13.5",
    "sh": "/usr/bin/sh",
    "utf8_mode": false
  },
  "hull": {
    "already": false,
    "execution_mode": "SIGNED_VERIFIED",
    "installed": true,
    "pa21_root": "/mnt/data/UC240/hold/PA21_LEDGER_EXCERPT",
    "root": "/mnt/data/UC240/_studio",
    "seconds": 16.0,
    "signing": true,
    "steps": [
      {
        "ok": true,
        "step": "prepare"
      },
      {
        "ok": true,
        "step": "copy_runtime"
      },
      {
        "ok": true,
        "step": "verify_copy"
      },
      {
        "ok": true,
        "step": "build_runner"
      },
      {
        "ok": true,
        "step": "signing"
      },
      {
        "ok": true,
        "step": "vm_selftest"
      },
      {
        "ok": true,
        "step": "bind_pa21"
      },
      {
        "ok": true,
        "step": "write_manifest"
      },
      {
        "ok": true,
        "step": "prove"
      }
    ]
  },
  "hull_can_execute": {
    "ok": true,
    "reason": null
  },
  "hull_mounts": {
    "berths": 0,
    "mounted": 0
  },
  "limits": {},
  "problems": [],
  "record": "/mnt/data/UC240/_runs/BUILD_20260922T092124567171Z.json",
  "registry": {
    "berths": 6
  },
  "schema": "UC/BUILD/1",
  "studio_faces": {
    "berths": 6,
    "ok": 6
  },
  "uc_release": "UC-2.4.0",
  "verdict": "BUILT"
}
== BUILT: engines 4/4 built (N_LARGE, N_MEDIUM, N_SMALL, N_XLARGE); hull executable; 0 problem(s) -> /mnt/data/UC240/_runs/BUILD_20260922T092124567171Z.json
