TAP version 13
# Subtest: worker killed (-9) -> exactly one session.exit{worker_failure} -> close 1011; capacity released
ok 1 - worker killed (-9) -> exactly one session.exit{worker_failure} -> close 1011; capacity released
  ---
  duration_ms: 206.077656
  type: 'test'
  ...
# Subtest: [thread] non-cooperative CPU loop (catastrophic RegExp) cannot be cancelled in-process: the supervisor terminates only that worker; the other tenant is unaffected
ok 2 - [thread] non-cooperative CPU loop (catastrophic RegExp) cannot be cancelled in-process: the supervisor terminates only that worker; the other tenant is unaffected
  ---
  duration_ms: 1390.314712
  type: 'test'
  ...
# Subtest: [process] non-cooperative CPU loop (catastrophic RegExp) cannot be cancelled in-process: the supervisor terminates only that worker; the other tenant is unaffected
ok 3 - [process] non-cooperative CPU loop (catastrophic RegExp) cannot be cancelled in-process: the supervisor terminates only that worker; the other tenant is unaffected
  ---
  duration_ms: 1220.790587
  type: 'test'
  ...
# Subtest: abrupt TCP loss: worker is stopped, session released, no orphan process
ok 4 - abrupt TCP loss: worker is stopped, session released, no orphan process
  ---
  duration_ms: 147.870089
  type: 'test'
  ...
# Subtest: application heartbeat: a peer that never answers is closed 1008 within interval + window; an answering peer stays
ok 5 - application heartbeat: a peer that never answers is closed 1008 within interval + window; an answering peer stays
  ---
  duration_ms: 1249.29184
  type: 'test'
  ...
# Subtest: no session.open within the open deadline -> NOT_READY + 1008; idle session expires
ok 6 - no session.open within the open deadline -> NOT_READY + 1008; idle session expires
  ---
  duration_ms: 282.824243
  type: 'test'
  ...
# Subtest: slow consumer (no credit): worker paused, gateway memory bounded by the ledger, a fast tenant unaffected, catch-up is lossless
ok 7 - slow consumer (no credit): worker paused, gateway memory bounded by the ledger, a fast tenant unaffected, catch-up is lossless
  ---
  duration_ms: 2174.718613
  type: 'test'
  ...
# Subtest: peer that stops reading its TCP socket: gateway send queue stays within budget and the connection is contained
ok 8 - peer that stops reading its TCP socket: gateway send queue stays within budget and the connection is contained
  ---
  duration_ms: 2597.372723
  type: 'test'
  ...
# Subtest: real process: SIGTERM drains within budget, notifies the client, exits 0; malformed PORT refuses to start (78)
ok 9 - real process: SIGTERM drains within budget, notifies the client, exits 0; malformed PORT refuses to start (78)
  ---
  duration_ms: 210.039767
  type: 'test'
  ...
# Subtest: exception during hand-off after the 101 is contained: socket released, no capacity leak, next client served, error logged
ok 10 - exception during hand-off after the 101 is contained: socket released, no capacity leak, next client served, error logged
  ---
  duration_ms: 80.985466
  type: 'test'
  ...
# Subtest: repeated and mixed termination signals run shutdown exactly once and exit 0; a signal before handlers exist terminates by default action
ok 11 - repeated and mixed termination signals run shutdown exactly once and exit 0; a signal before handlers exist terminates by default action
  ---
  duration_ms: 108.243022
  type: 'test'
  ...
# Subtest: C1 unit: a record cut in half by OUR pause does not trip the assembly deadline; a genuinely stalled peer still does
ok 12 - C1 unit: a record cut in half by OUR pause does not trip the assembly deadline; a genuinely stalled peer still does
  ---
  duration_ms: 354.210774
  type: 'test'
  ...
# Subtest: C1 e2e: a consumer slower than the bridge assembly deadline keeps its session and later receives everything, gap-free
ok 13 - C1 e2e: a consumer slower than the bridge assembly deadline keeps its session and later receives everything, gap-free
  ---
  duration_ms: 2320.452192
  type: 'test'
  ...
# Subtest: S5: a consumer that never catches up is ended with an explicit quota exit after the pause budget
ok 14 - S5: a consumer that never catches up is ended with an explicit quota exit after the pause budget
  ---
  duration_ms: 1061.169432
  type: 'test'
  ...
# Subtest: S1: with open loopback-dev identity, a non-loopback Host (DNS rebinding) is refused on every route
ok 15 - S1: with open loopback-dev identity, a non-loopback Host (DNS rebinding) is refused on every route
  ---
  duration_ms: 33.979599
  type: 'test'
  ...
# Subtest: S3: one principal cannot hold every connection slot; others are still admitted
ok 16 - S3: one principal cannot hold every connection slot; others are still admitted
  ---
  duration_ms: 3187.255583
  type: 'test'
  ...
# Subtest: S2: failed ticket attempts are limited per address without blocking a valid principal
ok 17 - S2: failed ticket attempts are limited per address without blocking a valid principal
  ---
  duration_ms: 160.448011
  type: 'test'
  ...
# Subtest: S4: a ping flood is closed 1008
ok 18 - S4: a ping flood is closed 1008
  ---
  duration_ms: 58.111901
  type: 'test'
  ...
# Subtest: S7: a malformed notAfter rejects the principals file (never fail-open); removing a capability ends sessions that hold it
ok 19 - S7: a malformed notAfter rejects the principals file (never fail-open); removing a capability ends sessions that hold it
  ---
  duration_ms: 130.317616
  type: 'test'
  ...
# Subtest: S9: aliases named after Object.prototype members are ordinary keys; Tab completion on them does not end the session
ok 20 - S9: aliases named after Object.prototype members are ordinary keys; Tab completion on them does not end the session
  ---
  duration_ms: 374.048328
  type: 'test'
  ...
# Subtest: R2-1 (thread backend): a credit-starved session with a huge multi-command line cannot grow gateway memory outside the ledger
ok 21 - R2-1 (thread backend): a credit-starved session with a huge multi-command line cannot grow gateway memory outside the ledger
  ---
  duration_ms: 4070.962532
  type: 'test'
  ...
# Subtest: R2-2: undelivered output is counted on abrupt close and on discard
ok 22 - R2-2: undelivered output is counted on abrupt close and on discard
  ---
  duration_ms: 1470.747281
  type: 'test'
  ...
# Subtest: sender: only the top-level frame of our window, loaded from our renderer file
ok 23 - sender: only the top-level frame of our window, loaded from our renderer file
  ---
  duration_ms: 0.998235
  type: 'test'
  ...
# Subtest: payload shapes: geometry, ids, input size, signals, dock bounds, unknown channels
ok 24 - payload shapes: geometry, ids, input size, signals, dock bounds, unknown channels
  ---
  duration_ms: 0.896876
  type: 'test'
  ...
# Subtest: ownership: a renderer can only address sessions it opened; teardown releases them
ok 25 - ownership: a renderer can only address sessions it opened; teardown releases them
  ---
  duration_ms: 0.577314
  type: 'test'
  ...
# Subtest: navigation policy: deny by default
ok 26 - navigation policy: deny by default
  ---
  duration_ms: 1.083081
  type: 'test'
  ...
# Subtest: policy unit: argv is rebuilt from validated parts only
ok 27 - policy unit: argv is rebuilt from validated parts only
  ---
  duration_ms: 1.877666
  type: 'test'
  ...
# Subtest: fabric status/topology/nodes/bundles render over the socket with host paths hidden
ok 28 - fabric status/topology/nodes/bundles render over the socket with host paths hidden # SKIP DF containers not found under /mnt/data/work
  ---
  duration_ms: 0.090954
  type: 'test'
  ...
# Subtest: each VM node executes a bundle through the WebSocket and returns a witness
ok 29 - each VM node executes a bundle through the WebSocket and returns a witness # SKIP DF containers not found under /mnt/data/work
  ---
  duration_ms: 0.071736
  type: 'test'
  ...
# Subtest: fabric run: four nodes reach CROSS_NODE_DIFFERENTIAL_AGREEMENT over the socket; byte stream is lossless
ok 30 - fabric run: four nodes reach CROSS_NODE_DIFFERENTIAL_AGREEMENT over the socket; byte stream is lossless # SKIP DF containers not found under /mnt/data/work
  ---
  duration_ms: 0.142251
  type: 'test'
  ...
# Subtest: denied: host-path options, unknown bundles, df use, build (operator-disabled), photon/browser absent
ok 31 - denied: host-path options, unknown bundles, df use, build (operator-disabled), photon/browser absent # SKIP DF containers not found under /mnt/data/work
  ---
  duration_ms: 0.072217
  type: 'test'
  ...
# Subtest: principal without the fabric capability has no fabric commands at all
ok 32 - principal without the fabric capability has no fabric commands at all # SKIP DF containers not found under /mnt/data/work
  ---
  duration_ms: 0.107849
  type: 'test'
  ...
# Subtest: Ctrl-C stops a running fabric job (exit 130) and the capacity slot is released
ok 33 - Ctrl-C stops a running fabric job (exit 130) and the capacity slot is released # SKIP DF containers not found under /mnt/data/work
  ---
  duration_ms: 0.103363
  type: 'test'
  ...
# Subtest: N slots admit N holders; the next waits, then times out as busy; release admits it
ok 34 - N slots admit N holders; the next waits, then times out as busy; release admits it
  ---
  duration_ms: 336.921272
  type: 'test'
  ...
# Subtest: build is exclusive and never holds a partial set while waiting
ok 35 - build is exclusive and never holds a partial set while waiting
  ---
  duration_ms: 550.587266
  type: 'test'
  ...
# Subtest: abort while waiting rejects promptly; stale slot of a dead pid is reclaimed
ok 36 - abort while waiting rejects promptly; stale slot of a dead pid is reclaimed
  ---
  duration_ms: 111.503069
  type: 'test'
  ...
# Subtest: PORT: absent -> 10000; valid kept; malformed or out-of-range PRESENT value is an error, never defaulted
ok 37 - PORT: absent -> 10000; valid kept; malformed or out-of-range PRESENT value is an error, never defaulted
  ---
  duration_ms: 1.496122
  type: 'test'
  ...
# Subtest: bind address defaults to all interfaces; loopback-dev auth is refused off loopback; static-file needs a principals file
ok 38 - bind address defaults to all interfaces; loopback-dev auth is refused off loopback; static-file needs a principals file
  ---
  duration_ms: 0.519778
  type: 'test'
  ...
# Subtest: origins must be bare exact origins; booleans and integers are strict; dependent settings are checked
ok 39 - origins must be bare exact origins; booleans and integers are strict; dependent settings are checked
  ---
  duration_ms: 2.568577
  type: 'test'
  ...
# Subtest: public configuration is an explicit allowlist (no paths, files, limits internals or environment)
ok 40 - public configuration is an explicit allowlist (no paths, files, limits internals or environment)
  ---
  duration_ms: 0.271161
  type: 'test'
  ...
# Subtest: logger: single-line JSON, secret-like fields dropped, newlines neutralised, query strings removed from paths
ok 41 - logger: single-line JSON, secret-like fields dropped, newlines neutralised, query strings removed from paths
  ---
  duration_ms: 0.728117
  type: 'test'
  ...
# Subtest: vertical slice: hello -> open -> opened precedes output -> input -> output -> close -> single exit
ok 42 - vertical slice: hello -> open -> opened precedes output -> input -> output -> close -> single exit
  ---
  duration_ms: 234.11887
  type: 'test'
  ...
# Subtest: exit command -> session.exit{logout, code}; Ctrl-C signal; resize validation
ok 43 - exit command -> session.exit{logout, code}; Ctrl-C signal; resize validation
  ---
  duration_ms: 286.659681
  type: 'test'
  ...
# Subtest: health / live / config expose no secrets; health flips to 503 while draining
ok 44 - health / live / config expose no secrets; health flips to 503 while draining
  ---
  duration_ms: 115.230827
  type: 'test'
  ...
# Subtest: health stays responsive (< 250 ms) while a session streams bulk output and large inbound messages arrive
ok 45 - health stays responsive (< 250 ms) while a session streams bulk output and large inbound messages arrive
  ---
  duration_ms: 155.201813
  type: 'test'
  ...
# Subtest: handshake: 101 with subprotocol; wrong subprotocol/version/key/path are refused without upgrade
ok 46 - handshake: 101 with subprotocol; wrong subprotocol/version/key/path are refused without upgrade
  ---
  duration_ms: 38.712438
  type: 'test'
  ...
# Subtest: unmasked client frame -> 1002
ok 47 - unmasked client frame -> 1002
  ---
  duration_ms: 3003.00882
  type: 'test'
  ...
# Subtest: reserved bit -> 1002
ok 48 - reserved bit -> 1002
  ---
  duration_ms: 3002.90693
  type: 'test'
  ...
# Subtest: unknown opcode -> 1002
ok 49 - unknown opcode -> 1002
  ---
  duration_ms: 3007.445716
  type: 'test'
  ...
# Subtest: binary message with an unknown data kind -> application error, connection stays (binary is the v2 data plane)
ok 50 - binary message with an unknown data kind -> application error, connection stays (binary is the v2 data plane)
  ---
  duration_ms: 3.276474
  type: 'test'
  ...
# Subtest: invalid UTF-8 text -> 1007
ok 51 - invalid UTF-8 text -> 1007
  ---
  duration_ms: 3003.417286
  type: 'test'
  ...
# Subtest: declared 64-bit length over the cap -> 1009 from the header alone (no payload sent)
ok 52 - declared 64-bit length over the cap -> 1009 from the header alone (no payload sent)
  ---
  duration_ms: 3004.213406
  type: 'test'
  ...
# Subtest: fragmented message over the cap -> 1009 before buffering the offending fragment
ok 53 - fragmented message over the cap -> 1009 before buffering the offending fragment
  ---
  duration_ms: 3010.098166
  type: 'test'
  ...
