TAP version 13
# Subtest: v2 valid control vectors are accepted (16); invalid (15) and raw-invalid (3) are rejected; wire size and UTF-8
ok 1 - v2 valid control vectors are accepted (16); invalid (15) and raw-invalid (3) are rejected; wire size and UTF-8
  ---
  duration_ms: 4.518851
  type: 'test'
  ...
# Subtest: strict JSON: nested duplicate key, __proto__, depth, trailing data, non-finite, leading zero
ok 2 - strict JSON: nested duplicate key, __proto__, depth, trailing data, non-finite, leading zero
  ---
  duration_ms: 0.326244
  type: 'test'
  ...
# Subtest: binary data frames: header round-trip for every uint48 boundary, no payload copy, caps and direction enforced
ok 3 - binary data frames: header round-trip for every uint48 boundary, no payload copy, caps and direction enforced
  ---
  duration_ms: 0.763414
  type: 'test'
  ...
# Subtest: base64 helpers still round-trip (used by the process backend bridge only)
ok 4 - base64 helpers still round-trip (used by the process backend bridge only)
  ---
  duration_ms: 2.809918
  type: 'test'
  ...
# Subtest: encode refuses invalid outbound envelopes
ok 5 - encode refuses invalid outbound envelopes
  ---
  duration_ms: 0.31772
  type: 'test'
  ...
1..5
# tests 5
# suites 0
# pass 5
# fail 0
# cancelled 0
# skipped 0
# todo 0
# duration_ms 61.458774
