TAP version 13
# Subtest: worker killed (-9) -> exactly one session.exit{worker_failure} -> close 1011; capacity released
ok 1 - worker killed (-9) -> exactly one session.exit{worker_failure} -> close 1011; capacity released
  ---
  duration_ms: 198.395357
  type: 'test'
  ...
# Subtest: [thread] non-cooperative CPU loop (catastrophic RegExp) cannot be cancelled in-process: the supervisor terminates only that worker; the other tenant is unaffected
ok 2 - [thread] non-cooperative CPU loop (catastrophic RegExp) cannot be cancelled in-process: the supervisor terminates only that worker; the other tenant is unaffected
  ---
  duration_ms: 1388.717774
  type: 'test'
  ...
# Subtest: [process] non-cooperative CPU loop (catastrophic RegExp) cannot be cancelled in-process: the supervisor terminates only that worker; the other tenant is unaffected
ok 3 - [process] non-cooperative CPU loop (catastrophic RegExp) cannot be cancelled in-process: the supervisor terminates only that worker; the other tenant is unaffected
  ---
  duration_ms: 1231.648442
  type: 'test'
  ...
# Subtest: abrupt TCP loss: worker is stopped, session released, no orphan process
ok 4 - abrupt TCP loss: worker is stopped, session released, no orphan process
  ---
  duration_ms: 159.444635
  type: 'test'
  ...
# Subtest: application heartbeat: a peer that never answers is closed 1008 within interval + window; an answering peer stays
ok 5 - application heartbeat: a peer that never answers is closed 1008 within interval + window; an answering peer stays
  ---
  duration_ms: 1248.42456
  type: 'test'
  ...
# Subtest: no session.open within the open deadline -> NOT_READY + 1008; idle session expires
ok 6 - no session.open within the open deadline -> NOT_READY + 1008; idle session expires
  ---
  duration_ms: 282.54077
  type: 'test'
  ...
# Subtest: slow consumer (no credit): worker paused, gateway memory bounded by the ledger, a fast tenant unaffected, catch-up is lossless
ok 7 - slow consumer (no credit): worker paused, gateway memory bounded by the ledger, a fast tenant unaffected, catch-up is lossless
  ---
  duration_ms: 2101.327238
  type: 'test'
  ...
# Subtest: peer that stops reading its TCP socket: gateway send queue stays within budget and the connection is contained
ok 8 - peer that stops reading its TCP socket: gateway send queue stays within budget and the connection is contained
  ---
  duration_ms: 2575.473508
  type: 'test'
  ...
# Subtest: real process: SIGTERM drains within budget, notifies the client, exits 0; malformed PORT refuses to start (78)
ok 9 - real process: SIGTERM drains within budget, notifies the client, exits 0; malformed PORT refuses to start (78)
  ---
  duration_ms: 203.598768
  type: 'test'
  ...
# Subtest: exception during hand-off after the 101 is contained: socket released, no capacity leak, next client served, error logged
ok 10 - exception during hand-off after the 101 is contained: socket released, no capacity leak, next client served, error logged
  ---
  duration_ms: 75.34809
  type: 'test'
  ...
# Subtest: repeated and mixed termination signals run shutdown exactly once and exit 0; a signal before handlers exist terminates by default action
ok 11 - repeated and mixed termination signals run shutdown exactly once and exit 0; a signal before handlers exist terminates by default action
  ---
  duration_ms: 108.938399
  type: 'test'
  ...
1..11
# tests 11
# suites 0
# pass 11
# fail 0
# cancelled 0
# skipped 0
# todo 0
# duration_ms 9656.004519
