TAP version 13
# Subtest: actual containership read commands over thread WebSocket
ok 1 - actual containership read commands over thread WebSocket
  ---
  duration_ms: 2313.312486
  type: 'test'
  ...
# Subtest: principal without ship.read has no ship command (thread)
ok 2 - principal without ship.read has no ship command (thread)
  ---
  duration_ms: 77.214216
  type: 'test'
  ...
# Subtest: actual containership read commands over process WebSocket
ok 3 - actual containership read commands over process WebSocket
  ---
  duration_ms: 2476.786644
  type: 'test'
  ...
# Subtest: principal without ship.read has no ship command (process)
ok 4 - principal without ship.read has no ship command (process)
  ---
  duration_ms: 63.681189
  type: 'test'
  ...
# Subtest: control-enabled gateway still denies read-only principal
ok 5 - control-enabled gateway still denies read-only principal
  ---
  duration_ms: 84.95752
  type: 'test'
  ...
# Subtest: Ctrl-C cancels gateway-owned Python job and returns terminal exit 130
ok 6 - Ctrl-C cancels gateway-owned Python job and returns terminal exit 130
  ---
  duration_ms: 115.017068
  type: 'test'
  ...
# Subtest: disconnect cancels gateway job rather than orphaning it
ok 7 - disconnect cancels gateway job rather than orphaning it
  ---
  duration_ms: 124.120323
  type: 'test'
  ...
1..7
# tests 7
# suites 0
# pass 7
# fail 0
# cancelled 0
# skipped 0
# todo 0
# duration_ms 5983.004613
