...................................................................................................................................................................................../mnt/data/work/UC250/ship/unikernel/ucmanifest.py:114: ResourceWarning: unclosed file <_io.TextIOWrapper name='/tmp/tmpujq5t2nm/MANIFEST.json' mode='r' encoding='utf-8'>
  man = _json.load(open(mp, encoding="utf-8"))
ResourceWarning: Enable tracemalloc to get the object allocation traceback
...........................................................EE.FF..../mnt/data/work/UC250/ship/unikernel/cli.py:495: ResourceWarning: unclosed file <_io.TextIOWrapper name='/tmp/tmpcbfpm_b2/berths/demo/SORT_LEDGER.json' mode='r' encoding='utf-8'>
  ledger = json.load(open(os.path.join(d, "SORT_LEDGER.json"), encoding="utf-8"))
ResourceWarning: Enable tracemalloc to get the object allocation traceback
.../usr/lib/python3.13/traceback.py:269: ResourceWarning: unclosed file <_io.TextIOWrapper name='/tmp/tmp6sibaxrr/_studio/uc_mounts.json' mode='r' encoding='utf-8'>
  tb.tb_frame.clear()
ResourceWarning: Enable tracemalloc to get the object allocation traceback
./mnt/data/work/UC250/ship/unikernel/cli.py:495: ResourceWarning: unclosed file <_io.TextIOWrapper name='/tmp/tmpjycemn6j/berths/demo/SORT_LEDGER.json' mode='r' encoding='utf-8'>
  ledger = json.load(open(os.path.join(d, "SORT_LEDGER.json"), encoding="utf-8"))
ResourceWarning: Enable tracemalloc to get the object allocation traceback
/mnt/data/work/UC250/ship/unikernel/cli.py:511: ResourceWarning: unclosed file <_io.BufferedReader name='/tmp/tmpjycemn6j/berths/demo/DF_Small/cargo/_alias/a.mssl'>
  if a.cargo.endswith(".pal") or open(p, "rb").read(9).startswith(b"#PA-LCTL/"):
ResourceWarning: Enable tracemalloc to get the object allocation traceback
./mnt/data/work/UC250/ship/unikernel/cli.py:495: ResourceWarning: unclosed file <_io.TextIOWrapper name='/tmp/tmpq5fncs5r/berths/demo/SORT_LEDGER.json' mode='r' encoding='utf-8'>
  ledger = json.load(open(os.path.join(d, "SORT_LEDGER.json"), encoding="utf-8"))
ResourceWarning: Enable tracemalloc to get the object allocation traceback
/mnt/data/work/UC250/ship/unikernel/cli.py:511: ResourceWarning: unclosed file <_io.BufferedReader name='/tmp/tmpq5fncs5r/berths/demo/DF_Small/cargo/_alias/a.mssl'>
  if a.cargo.endswith(".pal") or open(p, "rb").read(9).startswith(b"#PA-LCTL/"):
ResourceWarning: Enable tracemalloc to get the object allocation traceback
./mnt/data/work/UC250/ship/unikernel/cli.py:495: ResourceWarning: unclosed file <_io.TextIOWrapper name='/tmp/tmp0udgh4hq/berths/demo/SORT_LEDGER.json' mode='r' encoding='utf-8'>
  ledger = json.load(open(os.path.join(d, "SORT_LEDGER.json"), encoding="utf-8"))
ResourceWarning: Enable tracemalloc to get the object allocation traceback
/mnt/data/work/UC250/ship/unikernel/cli.py:511: ResourceWarning: unclosed file <_io.BufferedReader name='/tmp/tmp0udgh4hq/berths/demo/DF_Small/cargo/_alias/a.mssl'>
  if a.cargo.endswith(".pal") or open(p, "rb").read(9).startswith(b"#PA-LCTL/"):
ResourceWarning: Enable tracemalloc to get the object allocation traceback
..../mnt/data/work/UC250/ship/unikernel/cli.py:495: ResourceWarning: unclosed file <_io.TextIOWrapper name='/tmp/tmpelyscgsm/berths/demo/SORT_LEDGER.json' mode='r' encoding='utf-8'>
  ledger = json.load(open(os.path.join(d, "SORT_LEDGER.json"), encoding="utf-8"))
ResourceWarning: Enable tracemalloc to get the object allocation traceback
./mnt/data/work/UC250/ship/unikernel/cli.py:495: ResourceWarning: unclosed file <_io.TextIOWrapper name='/tmp/tmp90k7cl21/berths/demo/SORT_LEDGER.json' mode='r' encoding='utf-8'>
  ledger = json.load(open(os.path.join(d, "SORT_LEDGER.json"), encoding="utf-8"))
ResourceWarning: Enable tracemalloc to get the object allocation traceback
............
======================================================================
ERROR: test_bad_paint_tile (test_hardening.TIFF.test_bad_paint_tile)
----------------------------------------------------------------------
Traceback (most recent call last):
  File "/mnt/data/work/UC250/tests/test_hardening.py", line 275, in test_bad_paint_tile
    with self.assertRaises(Refusal): TF.paint("does-not-exist",4,0,1)
                                     ~~~~~~~~^^^^^^^^^^^^^^^^^^^^^^^^
  File "/mnt/data/work/UC250/ship/unikernel/tif_fabric.py", line 541, in paint
    _validate_tif(path, appending=True)
    ~~~~~~~~~~~~~^^^^^^^^^^^^^^^^^^^^^^
  File "/mnt/data/work/UC250/ship/unikernel/tif_fabric.py", line 494, in _validate_tif
    if os.path.getsize(path) > MAX_TIF_BYTES:
       ~~~~~~~~~~~~~~~^^^^^^
  File "<frozen genericpath>", line 86, in getsize
FileNotFoundError: [Errno 2] No such file or directory: 'does-not-exist'

======================================================================
ERROR: test_bad_paint_word (test_hardening.TIFF.test_bad_paint_word)
----------------------------------------------------------------------
Traceback (most recent call last):
  File "/mnt/data/work/UC250/tests/test_hardening.py", line 277, in test_bad_paint_word
    with self.assertRaises(Refusal): TF.paint("does-not-exist",0,64,1)
                                     ~~~~~~~~^^^^^^^^^^^^^^^^^^^^^^^^^
  File "/mnt/data/work/UC250/ship/unikernel/tif_fabric.py", line 541, in paint
    _validate_tif(path, appending=True)
    ~~~~~~~~~~~~~^^^^^^^^^^^^^^^^^^^^^^
  File "/mnt/data/work/UC250/ship/unikernel/tif_fabric.py", line 494, in _validate_tif
    if os.path.getsize(path) > MAX_TIF_BYTES:
       ~~~~~~~~~~~~~~~^^^^^^
  File "<frozen genericpath>", line 86, in getsize
FileNotFoundError: [Errno 2] No such file or directory: 'does-not-exist'

======================================================================
FAIL: test_png_not_tiff (test_hardening.TIFF.test_png_not_tiff)
----------------------------------------------------------------------
Traceback (most recent call last):
  File "/mnt/data/work/UC250/tests/test_hardening.py", line 291, in test_png_not_tiff
    with self.assertRaises(Refusal): TF._validate_tif(str(p))
         ~~~~~~~~~~~~~~~~~^^^^^^^^^
AssertionError: Refusal not raised

======================================================================
FAIL: test_wrong_geometry (test_hardening.TIFF.test_wrong_geometry)
----------------------------------------------------------------------
Traceback (most recent call last):
  File "/mnt/data/work/UC250/tests/test_hardening.py", line 286, in test_wrong_geometry
    with self.assertRaises(Refusal): TF._validate_tif(str(p))
         ~~~~~~~~~~~~~~~~~^^^^^^^^^
AssertionError: Refusal not raised

----------------------------------------------------------------------
Ran 272 tests in 23.910s

FAILED (failures=2, errors=2)
