...................................................................................................................................................................................../mnt/data/work/UC250/ship/unikernel/ucmanifest.py:114: ResourceWarning: unclosed file <_io.TextIOWrapper name='/tmp/tmpm9d49e3a/MANIFEST.json' mode='r' encoding='utf-8'>
  man = _json.load(open(mp, encoding="utf-8"))
ResourceWarning: Enable tracemalloc to get the object allocation traceback
.............................................................EEE..../mnt/data/work/UC250/ship/unikernel/cli.py:495: ResourceWarning: unclosed file <_io.TextIOWrapper name='/tmp/tmp161ppnla/berths/demo/SORT_LEDGER.json' mode='r' encoding='utf-8'>
  ledger = json.load(open(os.path.join(d, "SORT_LEDGER.json"), encoding="utf-8"))
ResourceWarning: Enable tracemalloc to get the object allocation traceback
.../usr/lib/python3.13/traceback.py:269: ResourceWarning: unclosed file <_io.TextIOWrapper name='/tmp/tmpch1ag7mo/_studio/uc_mounts.json' mode='r' encoding='utf-8'>
  tb.tb_frame.clear()
ResourceWarning: Enable tracemalloc to get the object allocation traceback
./mnt/data/work/UC250/ship/unikernel/cli.py:495: ResourceWarning: unclosed file <_io.TextIOWrapper name='/tmp/tmpnsg0d2iu/berths/demo/SORT_LEDGER.json' mode='r' encoding='utf-8'>
  ledger = json.load(open(os.path.join(d, "SORT_LEDGER.json"), encoding="utf-8"))
ResourceWarning: Enable tracemalloc to get the object allocation traceback
/mnt/data/work/UC250/ship/unikernel/cli.py:511: ResourceWarning: unclosed file <_io.BufferedReader name='/tmp/tmpnsg0d2iu/berths/demo/DF_Small/cargo/_alias/a.mssl'>
  if a.cargo.endswith(".pal") or open(p, "rb").read(9).startswith(b"#PA-LCTL/"):
ResourceWarning: Enable tracemalloc to get the object allocation traceback
./mnt/data/work/UC250/ship/unikernel/cli.py:495: ResourceWarning: unclosed file <_io.TextIOWrapper name='/tmp/tmpcucp7uog/berths/demo/SORT_LEDGER.json' mode='r' encoding='utf-8'>
  ledger = json.load(open(os.path.join(d, "SORT_LEDGER.json"), encoding="utf-8"))
ResourceWarning: Enable tracemalloc to get the object allocation traceback
/mnt/data/work/UC250/ship/unikernel/cli.py:511: ResourceWarning: unclosed file <_io.BufferedReader name='/tmp/tmpcucp7uog/berths/demo/DF_Small/cargo/_alias/a.mssl'>
  if a.cargo.endswith(".pal") or open(p, "rb").read(9).startswith(b"#PA-LCTL/"):
ResourceWarning: Enable tracemalloc to get the object allocation traceback
./mnt/data/work/UC250/ship/unikernel/cli.py:495: ResourceWarning: unclosed file <_io.TextIOWrapper name='/tmp/tmpe80j7csj/berths/demo/SORT_LEDGER.json' mode='r' encoding='utf-8'>
  ledger = json.load(open(os.path.join(d, "SORT_LEDGER.json"), encoding="utf-8"))
ResourceWarning: Enable tracemalloc to get the object allocation traceback
/mnt/data/work/UC250/ship/unikernel/cli.py:511: ResourceWarning: unclosed file <_io.BufferedReader name='/tmp/tmpe80j7csj/berths/demo/DF_Small/cargo/_alias/a.mssl'>
  if a.cargo.endswith(".pal") or open(p, "rb").read(9).startswith(b"#PA-LCTL/"):
ResourceWarning: Enable tracemalloc to get the object allocation traceback
..../mnt/data/work/UC250/ship/unikernel/cli.py:495: ResourceWarning: unclosed file <_io.TextIOWrapper name='/tmp/tmp542noa96/berths/demo/SORT_LEDGER.json' mode='r' encoding='utf-8'>
  ledger = json.load(open(os.path.join(d, "SORT_LEDGER.json"), encoding="utf-8"))
ResourceWarning: Enable tracemalloc to get the object allocation traceback
./mnt/data/work/UC250/ship/unikernel/cli.py:495: ResourceWarning: unclosed file <_io.TextIOWrapper name='/tmp/tmp9j8nyfin/berths/demo/SORT_LEDGER.json' mode='r' encoding='utf-8'>
  ledger = json.load(open(os.path.join(d, "SORT_LEDGER.json"), encoding="utf-8"))
ResourceWarning: Enable tracemalloc to get the object allocation traceback
............
======================================================================
ERROR: test_file_size_budget (test_hardening.TIFF.test_file_size_budget)
----------------------------------------------------------------------
Traceback (most recent call last):
  File "/mnt/data/work/UC250/tests/test_hardening.py", line 281, in test_file_size_budget
    with self.assertRaises(Refusal): TF._validate_tif(str(p))
                                     ~~~~~~~~~~~~~~~~^^^^^^^^
  File "/mnt/data/work/UC250/ship/unikernel/tif_fabric.py", line 496, in _validate_tif
    guard = importlib.import_module('pa21studio.fabric_guard')
  File "/usr/lib/python3.13/importlib/__init__.py", line 88, in import_module
    return _bootstrap._gcd_import(name[level:], package, level)
           ~~~~~~~~~~~~~~~~~~~~~~^^^^^^^^^^^^^^^^^^^^^^^^^^^^^^
  File "<frozen importlib._bootstrap>", line 1387, in _gcd_import
  File "<frozen importlib._bootstrap>", line 1360, in _find_and_load
  File "<frozen importlib._bootstrap>", line 1310, in _find_and_load_unlocked
  File "<frozen importlib._bootstrap>", line 488, in _call_with_frames_removed
  File "<frozen importlib._bootstrap>", line 1387, in _gcd_import
  File "<frozen importlib._bootstrap>", line 1360, in _find_and_load
  File "<frozen importlib._bootstrap>", line 1324, in _find_and_load_unlocked
ModuleNotFoundError: No module named 'pa21studio'

======================================================================
ERROR: test_png_not_tiff (test_hardening.TIFF.test_png_not_tiff)
----------------------------------------------------------------------
Traceback (most recent call last):
  File "/mnt/data/work/UC250/tests/test_hardening.py", line 291, in test_png_not_tiff
    with self.assertRaises(Refusal): TF._validate_tif(str(p))
                                     ~~~~~~~~~~~~~~~~^^^^^^^^
  File "/mnt/data/work/UC250/ship/unikernel/tif_fabric.py", line 496, in _validate_tif
    guard = importlib.import_module('pa21studio.fabric_guard')
  File "/usr/lib/python3.13/importlib/__init__.py", line 88, in import_module
    return _bootstrap._gcd_import(name[level:], package, level)
           ~~~~~~~~~~~~~~~~~~~~~~^^^^^^^^^^^^^^^^^^^^^^^^^^^^^^
  File "<frozen importlib._bootstrap>", line 1387, in _gcd_import
  File "<frozen importlib._bootstrap>", line 1360, in _find_and_load
  File "<frozen importlib._bootstrap>", line 1310, in _find_and_load_unlocked
  File "<frozen importlib._bootstrap>", line 488, in _call_with_frames_removed
  File "<frozen importlib._bootstrap>", line 1387, in _gcd_import
  File "<frozen importlib._bootstrap>", line 1360, in _find_and_load
  File "<frozen importlib._bootstrap>", line 1324, in _find_and_load_unlocked
ModuleNotFoundError: No module named 'pa21studio'

======================================================================
ERROR: test_wrong_geometry (test_hardening.TIFF.test_wrong_geometry)
----------------------------------------------------------------------
Traceback (most recent call last):
  File "/mnt/data/work/UC250/tests/test_hardening.py", line 286, in test_wrong_geometry
    with self.assertRaises(Refusal): TF._validate_tif(str(p))
                                     ~~~~~~~~~~~~~~~~^^^^^^^^
  File "/mnt/data/work/UC250/ship/unikernel/tif_fabric.py", line 496, in _validate_tif
    guard = importlib.import_module('pa21studio.fabric_guard')
  File "/usr/lib/python3.13/importlib/__init__.py", line 88, in import_module
    return _bootstrap._gcd_import(name[level:], package, level)
           ~~~~~~~~~~~~~~~~~~~~~~^^^^^^^^^^^^^^^^^^^^^^^^^^^^^^
  File "<frozen importlib._bootstrap>", line 1387, in _gcd_import
  File "<frozen importlib._bootstrap>", line 1360, in _find_and_load
  File "<frozen importlib._bootstrap>", line 1310, in _find_and_load_unlocked
  File "<frozen importlib._bootstrap>", line 488, in _call_with_frames_removed
  File "<frozen importlib._bootstrap>", line 1387, in _gcd_import
  File "<frozen importlib._bootstrap>", line 1360, in _find_and_load
  File "<frozen importlib._bootstrap>", line 1324, in _find_and_load_unlocked
ModuleNotFoundError: No module named 'pa21studio'

----------------------------------------------------------------------
Ran 272 tests in 24.863s

FAILED (errors=3)
