{"file":"tests/desktop-ipc/guard.test.js","status":"PASS","exitCode":0,"timedOut":false,"spawnError":null,"durationMs":106,"tests":4,"pass":4,"fail":0,"skipped":0,"cancelled":0,"log":"tests_desktop-ipc_guard.test.js.tap"}
{"file":"tests/fabric/fabric-ws.test.js","status":"PASS","exitCode":0,"timedOut":false,"spawnError":null,"durationMs":107,"tests":7,"pass":1,"fail":0,"skipped":6,"cancelled":0,"log":"tests_fabric_fabric-ws.test.js.tap"}
{"file":"tests/fabric/lease.test.js","status":"PASS","exitCode":0,"timedOut":false,"spawnError":null,"durationMs":1053,"tests":3,"pass":3,"fail":0,"skipped":0,"cancelled":0,"log":"tests_fabric_lease.test.js.tap"}
{"file":"tests/gateway/config.test.js","status":"PASS","exitCode":0,"timedOut":false,"spawnError":null,"durationMs":87,"tests":5,"pass":5,"fail":0,"skipped":0,"cancelled":0,"log":"tests_gateway_config.test.js.tap"}
{"file":"tests/gateway/e2e.test.js","status":"PASS","exitCode":0,"timedOut":false,"spawnError":null,"durationMs":936,"tests":4,"pass":4,"fail":0,"skipped":0,"cancelled":0,"log":"tests_gateway_e2e.test.js.tap"}
{"file":"tests/chaos/lifecycle.test.js","status":"PASS","exitCode":0,"timedOut":false,"spawnError":null,"durationMs":9689,"tests":11,"pass":11,"fail":0,"skipped":0,"cancelled":0,"log":"tests_chaos_lifecycle.test.js.tap"}
{"file":"tests/protocol/bridge.test.js","status":"PASS","exitCode":0,"timedOut":false,"spawnError":null,"durationMs":168,"tests":7,"pass":7,"fail":0,"skipped":0,"cancelled":0,"log":"tests_protocol_bridge.test.js.tap"}
{"file":"tests/protocol/codec.test.js","status":"PASS","exitCode":0,"timedOut":false,"spawnError":null,"durationMs":104,"tests":5,"pass":5,"fail":0,"skipped":0,"cancelled":0,"log":"tests_protocol_codec.test.js.tap"}
{"file":"tests/ram/descriptor.test.js","status":"PASS","exitCode":0,"timedOut":false,"spawnError":null,"durationMs":99,"tests":5,"pass":5,"fail":0,"skipped":0,"cancelled":0,"log":"tests_ram_descriptor.test.js.tap"}
{"file":"tests/ram/ledger.test.js","status":"PASS","exitCode":0,"timedOut":false,"spawnError":null,"durationMs":116,"tests":8,"pass":8,"fail":0,"skipped":0,"cancelled":0,"log":"tests_ram_ledger.test.js.tap"}
{"file":"tests/chaos/review-fixes.test.js","status":"PASS","exitCode":0,"timedOut":false,"spawnError":null,"durationMs":13214,"tests":11,"pass":11,"fail":0,"skipped":0,"cancelled":0,"log":"tests_chaos_review-fixes.test.js.tap"}
{"file":"tests/ram/v2-e2e.test.js","status":"PASS","exitCode":0,"timedOut":false,"spawnError":null,"durationMs":4063,"tests":8,"pass":8,"fail":0,"skipped":0,"cancelled":0,"log":"tests_ram_v2-e2e.test.js.tap"}
{"file":"tests/security/authz.test.js","status":"PASS","exitCode":0,"timedOut":false,"spawnError":null,"durationMs":5145,"tests":9,"pass":9,"fail":0,"skipped":0,"cancelled":0,"log":"tests_security_authz.test.js.tap"}
{"file":"tests/ship/execution.test.js","status":"PASS","exitCode":0,"timedOut":false,"spawnError":null,"durationMs":922,"tests":1,"pass":0,"fail":0,"skipped":1,"cancelled":0,"log":"tests_ship_execution.test.js.tap"}
{"file":"tests/ship/e2e.test.js","status":"PASS","exitCode":0,"timedOut":false,"spawnError":null,"durationMs":6014,"tests":7,"pass":7,"fail":0,"skipped":0,"cancelled":0,"log":"tests_ship_e2e.test.js.tap"}
{"file":"tests/ship/unit.test.js","status":"PASS","exitCode":0,"timedOut":false,"spawnError":null,"durationMs":2152,"tests":16,"pass":16,"fail":0,"skipped":0,"cancelled":0,"log":"tests_ship_unit.test.js.tap"}
{"file":"tests/ui/client-units.test.js","status":"PASS","exitCode":0,"timedOut":false,"spawnError":null,"durationMs":86,"tests":6,"pass":6,"fail":0,"skipped":0,"cancelled":0,"log":"tests_ui_client-units.test.js.tap"}
{"file":"tests/vt/vt.test.js","status":"PASS","exitCode":0,"timedOut":false,"spawnError":null,"durationMs":813,"tests":9,"pass":9,"fail":0,"skipped":0,"cancelled":0,"log":"tests_vt_vt.test.js.tap"}
{"file":"tests/worker/kernel.test.js","status":"PASS","exitCode":0,"timedOut":false,"spawnError":null,"durationMs":867,"tests":10,"pass":10,"fail":0,"skipped":0,"cancelled":0,"log":"tests_worker_kernel.test.js.tap"}
{"file":"tests/ship/launcher.test.js","status":"PASS","exitCode":0,"timedOut":false,"spawnError":null,"durationMs":9182,"tests":1,"pass":1,"fail":0,"skipped":0,"cancelled":0,"log":"tests_ship_launcher.test.js.tap"}
