$ python -B uc.py pixels checkpoint vm_small DF_Small --generation 1 --expect 34fda609e2e3aa4023df50f235101c7ae78abf0b37fbb21c46b958cd2de9849c
{
  "archive": "/mnt/data/work/UC250/_runs/pixels/vm_small/DF_Small/34fda609e2e3aa4023df50f235101c7ae78abf0b37fbb21c46b958cd2de9849c.tif",
  "archive_sha256": "34fda609e2e3aa4023df50f235101c7ae78abf0b37fbb21c46b958cd2de9849c",
  "blob_sha256": "f2a10a15b972d8fe48a0c2f5866ab3a9bdd6831d30cafd5843ac1b38aed768ab",
  "bytes": 1869,
  "codec_version": "2.5.0",
  "grid": {
    "cols": 2,
    "rows": 2,
    "shard_bytes": 512,
    "tile_h": 8,
    "tile_w": 16
  },
  "logical_state_preserved": true,
  "pages": 1,
  "path": "/mnt/data/work/UC250/berths/vm_small/DF_Small/_fabric/DF_Small.fabric.tif",
  "previous_pages": 3,
  "schema": "UC/PIXEL_CHECKPOINT/1",
  "sha256": "e96bec5163efba99b328407ded5bb1f15518b0163c7fdba5bb9cd7dfec59db88",
  "tick": 1,
  "wrapper_normalized": false
}

STDERR
{"schema": "UC/TRANSACTION_RESULT/1", "id": "8a91e7ed16324c34aaae6e44591c71c8", "status": "COMMITTED", "identity": {"name": "vm_small", "workload_id": "8f7f9384-4341-44b7-a074-e525ca56b35f", "generation": 1, "operation": "49778637-14a0-415c-8cbd-300f8d4319ab"}, "scope": "managed local files only; external/native side effects are not reversible"}
