$ python -B uc.py pixels inspect vm_small DF_Small
{
  "berth": "vm_small",
  "container": {
    "byte_order": "little",
    "bytes": 3744,
    "format": "TIFF",
    "page_count": 2,
    "pages": [
      {
        "compression": 8,
        "height": 16,
        "offset": 358,
        "page": 0,
        "storage": "strips",
        "tick": 1,
        "width": 32
      },
      {
        "compression": 8,
        "height": 16,
        "offset": 2236,
        "page": 1,
        "storage": "strips",
        "tick": 0,
        "width": 32
      }
    ],
    "sha256": "824da5cdb1f55364495e3b4d1e87db18726f4cdf8faa0eeaf62a7fa9de84dc18"
  },
  "file_sha256": "824da5cdb1f55364495e3b4d1e87db18726f4cdf8faa0eeaf62a7fa9de84dc18",
  "kernel": {
    "blob_sha256": "1624cbb0df62d97898ce10822fbacaa3fc239db60c4296e4403dc32444ef72d4",
    "byte_order": "little",
    "clock": 22,
    "max_guest_payload_bytes": 464,
    "max_words_per_tile": 58,
    "monotonic": 1,
    "schema": "UC/PIXEL_KERNEL/1",
    "tiles": [
      {
        "bytes": 64,
        "complete_u64_cells": 8,
        "sha256": "b4b041684bf3ba6c9cea945a771cb6c9c8da31da653c0ece49f18f283945d6ac",
        "tile": 0
      },
      {
        "bytes": 176,
        "complete_u64_cells": 22,
        "sha256": "f672c7b8856a485e3ad5f53302b41d6387b5404b3fd0dccc1f0becf47f2d43aa",
        "tile": 1
      },
      {
        "bytes": 0,
        "complete_u64_cells": 0,
        "sha256": "e3b0c44298fc1c149afbf4c8996fb92427ae41e4649b934ca495991b7852b855",
        "tile": 2
      },
      {
        "bytes": 96,
        "complete_u64_cells": 12,
        "sha256": "8c8f35b11d5bb90bce60dddd2c8dfc7101d751d9a464984d4b52a7f46755ac08",
        "tile": 3
      }
    ],
    "word_bits": 64
  },
  "pages": 2,
  "path": "/mnt/data/work/UC250/berths/vm_small/DF_Small/_fabric/DF_Small.fabric.tif",
  "schema": "UC/PIXEL_INSPECT/1",
  "slot": "DF_Small",
  "source": "live",
  "tick": 1
}

STDERR
