$ python -B uc.py pixels paint vm_small DF_Small 0 0 40 --generation 1 --expect 824da5cdb1f55364495e3b4d1e87db18726f4cdf8faa0eeaf62a7fa9de84dc18
{
  "after_sha256": "f2a10a15b972d8fe48a0c2f5866ab3a9bdd6831d30cafd5843ac1b38aed768ab",
  "arithmetic": "u64-little-endian",
  "before_sha256": "1624cbb0df62d97898ce10822fbacaa3fc239db60c4296e4403dc32444ef72d4",
  "changed": true,
  "dirty_tiles": [
    0
  ],
  "file_sha256": "34fda609e2e3aa4023df50f235101c7ae78abf0b37fbb21c46b958cd2de9849c",
  "operations": [
    {
      "after": 40,
      "before": 1,
      "op": "set",
      "tile": 0,
      "word": 0
    }
  ],
  "pages": 3,
  "path": "/mnt/data/work/UC250/berths/vm_small/DF_Small/_fabric/DF_Small.fabric.tif",
  "schema": "UC/PIXEL_KERNEL/1",
  "tile": 0,
  "value": 40,
  "word": 0
}

STDERR
{"schema": "UC/TRANSACTION_RESULT/1", "id": "ec7a77e0c9a04919b70f61e05928c336", "status": "COMMITTED", "identity": {"name": "vm_small", "workload_id": "8f7f9384-4341-44b7-a074-e525ca56b35f", "generation": 1, "operation": "71d8f29d-b283-49e0-830e-e6b507d840ba"}, "scope": "managed local files only; external/native side effects are not reversible"}
