$ python -B uc.py lifecycle vm_small
{
  "events": [
    {
      "detail": {
        "observed": "stopped",
        "operation": "88865c9b-b762-40be-b7f5-a40d86dba8a0",
        "status": "SUCCEEDED"
      },
      "event": "operation_finished",
      "generation": 1,
      "name": "vm_small",
      "seq": 5,
      "utc": "2026-09-22T10:13:04.959280+00:00"
    },
    {
      "detail": {
        "action": "run",
        "observed": "stopped",
        "operation": "88865c9b-b762-40be-b7f5-a40d86dba8a0"
      },
      "event": "operation_started",
      "generation": 1,
      "name": "vm_small",
      "seq": 4,
      "utc": "2026-09-22T10:12:58.275833+00:00"
    },
    {
      "detail": {
        "observed": "stopped",
        "operation": "b6e90514-a131-40e8-be05-3f6576593a6b",
        "status": "SUCCEEDED"
      },
      "event": "operation_finished",
      "generation": 1,
      "name": "vm_small",
      "seq": 3,
      "utc": "2026-09-22T10:12:55.697889+00:00"
    },
    {
      "detail": {
        "action": "run",
        "observed": "staged",
        "operation": "b6e90514-a131-40e8-be05-3f6576593a6b"
      },
      "event": "operation_started",
      "generation": 1,
      "name": "vm_small",
      "seq": 2,
      "utc": "2026-09-22T10:12:44.247267+00:00"
    },
    {
      "detail": {
        "basis": "BERTH.json presence only; no readiness or correctness claim",
        "observation": "staged"
      },
      "event": "identity_created",
      "generation": 1,
      "name": "vm_small",
      "seq": 1,
      "utc": "2026-09-22T10:12:44.247156+00:00"
    }
  ],
  "note": "Generation fences cooperating management operations, not arbitrary native processes.",
  "schema": "UC/LIFECYCLE/1",
  "workloads": [
    {
      "active_operation": null,
      "desired": "stopped",
      "generation": 1,
      "name": "vm_small",
      "observed": "stopped",
      "updated": "2026-09-22T10:13:04.959148+00:00",
      "workload_id": "8f7f9384-4341-44b7-a074-e525ca56b35f"
    }
  ]
}

STDERR
