test_commit_failure_does_not_publish_success (test_foundation.CommitReportBarrier.test_commit_failure_does_not_publish_success) ... ok
test_failed_report_publish_cannot_undo_commit (test_foundation.CommitReportBarrier.test_failed_report_publish_cannot_undo_commit) ... ok
test_failure_report_is_explicitly_rolled_back (test_foundation.CommitReportBarrier.test_failure_report_is_explicitly_rolled_back) ... ok
test_finish_checks_legal_predecessor (test_foundation.CommitReportBarrier.test_finish_checks_legal_predecessor) ... ok
test_output_cannot_overwrite_control (test_foundation.CommitReportBarrier.test_output_cannot_overwrite_control) ... ok
test_output_cannot_overwrite_source (test_foundation.CommitReportBarrier.test_output_cannot_overwrite_source) ... ok
test_report_published_after_commit (test_foundation.CommitReportBarrier.test_report_published_after_commit) ... ok
test_bool_generation (test_foundation.ContractTests.test_bool_generation) ... ok
test_different_assurance_fields (test_foundation.ContractTests.test_different_assurance_fields) ... ok
test_duplicate_cap (test_foundation.ContractTests.test_duplicate_cap) ... ok
test_large_generation (test_foundation.ContractTests.test_large_generation) ... ok
test_no_false_network_guarantee (test_foundation.ContractTests.test_no_false_network_guarantee) ... ok
test_stronger_backend_refused (test_foundation.ContractTests.test_stronger_backend_refused) ... ok
test_unknown_field (test_foundation.ContractTests.test_unknown_field) ... ok
test_unknown_operation (test_foundation.ContractTests.test_unknown_operation) ... ok
test_unsupported_cap (test_foundation.ContractTests.test_unsupported_cap) ... ok
test_valid (test_foundation.ContractTests.test_valid) ... ok
test_version (test_foundation.ContractTests.test_version) ... ok
test_copy_enforces_byte_limit_during_read (test_foundation.ExtraInputGuards.test_copy_enforces_byte_limit_during_read) ... ok
test_isolation_wrong_type (test_foundation.ExtraInputGuards.test_isolation_wrong_type) ... ok
test_operation_wrong_type (test_foundation.ExtraInputGuards.test_operation_wrong_type) ... ok
test_read_refuses_nonobject_journal (test_foundation.ExtraInputGuards.test_read_refuses_nonobject_journal) ... ok
test_resource_wrong_type (test_foundation.ExtraInputGuards.test_resource_wrong_type) ... ok
test_subprocess_env_is_explicit (test_foundation.ExtraInputGuards.test_subprocess_env_is_explicit) ... ok
test_bad_digest (test_foundation.GraphTests.test_bad_digest) ... ok
test_cycle (test_foundation.GraphTests.test_cycle) ... ok
test_dependency_order (test_foundation.GraphTests.test_dependency_order) ... ok
test_duplicate_edge (test_foundation.GraphTests.test_duplicate_edge) ... ok
test_duplicate_node (test_foundation.GraphTests.test_duplicate_node) ... ok
test_exact_invalidation (test_foundation.GraphTests.test_exact_invalidation) ... ok
test_long_acyclic_graph_no_recursion (test_foundation.GraphTests.test_long_acyclic_graph_no_recursion) ... ok
test_missing (test_foundation.GraphTests.test_missing) ... ok
test_unaffected (test_foundation.GraphTests.test_unaffected) ... ok
test_unknown_changed (test_foundation.GraphTests.test_unknown_changed) ... ok
test_unknown_fields (test_foundation.GraphTests.test_unknown_fields) ... ok
test_unknown_kind (test_foundation.GraphTests.test_unknown_kind) ... ok
test_completed_result_cannot_replay (test_foundation.Lifecycle.test_completed_result_cannot_replay) ... ok
test_event_budget_rolls_back_state (test_foundation.Lifecycle.test_event_budget_rolls_back_state) ... ok
test_failure_records_no_running (test_foundation.Lifecycle.test_failure_records_no_running) ... ok
test_generated_legal_and_illegal_sequences (test_foundation.Lifecycle.test_generated_legal_and_illegal_sequences) ... ok
test_generation_monotonic (test_foundation.Lifecycle.test_generation_monotonic) ... ok
test_identity_survives_reopen (test_foundation.Lifecycle.test_identity_survives_reopen) ... ok
test_illegal_transition_rejected (test_foundation.Lifecycle.test_illegal_transition_rejected) ... ok
test_overlapping_operation_refused (test_foundation.Lifecycle.test_overlapping_operation_refused) ... ok
test_read_empty_does_not_create_database (test_foundation.Lifecycle.test_read_empty_does_not_create_database) ... ok
test_ready_not_assumed_from_completion (test_foundation.Lifecycle.test_ready_not_assumed_from_completion) ... ok
test_stale_begin_refused (test_foundation.Lifecycle.test_stale_begin_refused) ... ok
test_stale_result_refused (test_foundation.Lifecycle.test_stale_result_refused) ... ok
test_transition_requires_reason (test_foundation.Lifecycle.test_transition_requires_reason) ... ok
test_unknown_database_version (test_foundation.Lifecycle.test_unknown_database_version) ... ok
test_capabilities_machine_output (test_foundation.NewCLI.test_capabilities_machine_output) ... ok
test_contract_boot_not_executed (test_foundation.NewCLI.test_contract_boot_not_executed) ... ok
test_contract_duplicate_input (test_foundation.NewCLI.test_contract_duplicate_input) ... ok
test_empty_lifecycle (test_foundation.NewCLI.test_empty_lifecycle) ... ok
test_hypervisor_required_blocks_before_run (test_foundation.NewCLI.test_hypervisor_required_blocks_before_run) ... ok
test_nonfinite_refusal_is_valid_json (test_foundation.NewCLI.test_nonfinite_refusal_is_valid_json) ... ok
test_recover_unknown_id (test_foundation.NewCLI.test_recover_unknown_id) ... ok
test_stale_generation_blocks_before_run (test_foundation.NewCLI.test_stale_generation_blocks_before_run) ... ok
test_atomic_publish_failure_not_partial (test_foundation.Objects.test_atomic_publish_failure_not_partial) ... ok
test_capacity_before_write (test_foundation.Objects.test_capacity_before_write) ... ok
test_dedupe_no_overwrite (test_foundation.Objects.test_dedupe_no_overwrite) ... ok
test_invalid_id (test_foundation.Objects.test_invalid_id) ... ok
test_link_refused (test_foundation.Objects.test_link_refused) ... ok
test_publish_and_verify (test_foundation.Objects.test_publish_and_verify) ... ok
test_tamper_refused (test_foundation.Objects.test_tamper_refused) ... ok
test_tampered_existing_not_overwritten (test_foundation.Objects.test_tampered_existing_not_overwritten) ... ok
test_byte_bound (test_foundation.StrictJSON.test_byte_bound) ... ok
test_canonical_not_lossy_unicode_normalization (test_foundation.StrictJSON.test_canonical_not_lossy_unicode_normalization) ... ok
test_canonical_order (test_foundation.StrictJSON.test_canonical_order) ... ok
test_canonical_order_property (test_foundation.StrictJSON.test_canonical_order_property) ... ok
test_canonical_rejects_float (test_foundation.StrictJSON.test_canonical_rejects_float) ... ok
test_canonical_rejects_nonstring_key (test_foundation.StrictJSON.test_canonical_rejects_nonstring_key) ... ok
test_decode_override_rejected (test_foundation.StrictJSON.test_decode_override_rejected) ... ok
test_depth_inside_strings_not_counted (test_foundation.StrictJSON.test_depth_inside_strings_not_counted) ... ok
test_read_limit (test_foundation.StrictJSON.test_read_limit) ... ok
test_refuse_bad_syntax (test_foundation.StrictJSON.test_refuse_bad_syntax) ... ok
test_refuse_bad_utf8 (test_foundation.StrictJSON.test_refuse_bad_utf8) ... ok
test_refuse_duplicate_nested (test_foundation.StrictJSON.test_refuse_duplicate_nested) ... ok
test_refuse_duplicate_top (test_foundation.StrictJSON.test_refuse_duplicate_top) ... ok
test_refuse_escaped_duplicate (test_foundation.StrictJSON.test_refuse_escaped_duplicate) ... ok
test_refuse_exponent_overflow (test_foundation.StrictJSON.test_refuse_exponent_overflow) ... ok
test_refuse_huge_integer (test_foundation.StrictJSON.test_refuse_huge_integer) ... ok
test_refuse_inf (test_foundation.StrictJSON.test_refuse_inf) ... ok
test_refuse_leading_zero (test_foundation.StrictJSON.test_refuse_leading_zero) ... ok
test_refuse_nan (test_foundation.StrictJSON.test_refuse_nan) ... ok
test_refuse_negative_inf (test_foundation.StrictJSON.test_refuse_negative_inf) ... ok
test_refuse_surrogate (test_foundation.StrictJSON.test_refuse_surrogate) ... ok
test_refuse_too_deep (test_foundation.StrictJSON.test_refuse_too_deep) ... ok
test_refuse_trailing_comma (test_foundation.StrictJSON.test_refuse_trailing_comma) ... ok
test_refuse_trailing_content (test_foundation.StrictJSON.test_refuse_trailing_content) ... ok
test_refuse_truncated (test_foundation.StrictJSON.test_refuse_truncated) ... ok
test_refuse_utf8_bom (test_foundation.StrictJSON.test_refuse_utf8_bom) ... ok
test_unknown_python_object_not_stringified_canonical (test_foundation.StrictJSON.test_unknown_python_object_not_stringified_canonical) ... ok
test_valid_roundtrip (test_foundation.StrictJSON.test_valid_roundtrip) ... ok
test_descendant_cannot_write_after_timeout (test_foundation.Supervisor.test_descendant_cannot_write_after_timeout) ... ok
test_failure_result (test_foundation.Supervisor.test_failure_result) ... ok
test_invalid_deadline (test_foundation.Supervisor.test_invalid_deadline) ... ok
test_invalid_vector (test_foundation.Supervisor.test_invalid_vector) ... ok
test_normal_result (test_foundation.Supervisor.test_normal_result) ... ok
test_output_flood_bound (test_foundation.Supervisor.test_output_flood_bound) ... ok
test_timeout (test_foundation.Supervisor.test_timeout) ... ok
test_absent_original_new_files_retained (test_foundation.Transactions.test_absent_original_new_files_retained) ... ok
test_actual_process_crash_boundary_0 (test_foundation.Transactions.test_actual_process_crash_boundary_0) ... ok
test_actual_process_crash_boundary_1 (test_foundation.Transactions.test_actual_process_crash_boundary_1) ... ok
test_actual_process_crash_boundary_2 (test_foundation.Transactions.test_actual_process_crash_boundary_2) ... ok
test_actual_process_crash_boundary_3 (test_foundation.Transactions.test_actual_process_crash_boundary_3) ... ok
test_actual_process_crash_boundary_4 (test_foundation.Transactions.test_actual_process_crash_boundary_4) ... ok
test_bad_transaction_identifier (test_foundation.Transactions.test_bad_transaction_identifier) ... ok
test_committed_rollback_is_not_silently_allowed (test_foundation.Transactions.test_committed_rollback_is_not_silently_allowed) ... ok
test_copy_enospc_leaves_preparation_recoverable (test_foundation.Transactions.test_copy_enospc_leaves_preparation_recoverable) ... ok
test_corrupt_backup_refused_before_mutation (test_foundation.Transactions.test_corrupt_backup_refused_before_mutation) ... ok
test_finished_does_not_block (test_foundation.Transactions.test_finished_does_not_block) ... ok
test_generation_changes_on_recovery (test_foundation.Transactions.test_generation_changes_on_recovery) ... ok
test_interrupted_recovery_repeats (test_foundation.Transactions.test_interrupted_recovery_repeats) ... ok
test_journal_id_tamper_refused (test_foundation.Transactions.test_journal_id_tamper_refused) ... ok
test_journal_plan_tamper_refused (test_foundation.Transactions.test_journal_plan_tamper_refused) ... ok
test_low_space_refused_before_mutation (test_foundation.Transactions.test_low_space_refused_before_mutation) ... ok
test_no_generation_created_for_preparation_failure (test_foundation.Transactions.test_no_generation_created_for_preparation_failure) ... ok
test_overlapping_paths_refused (test_foundation.Transactions.test_overlapping_paths_refused) ... ok
test_paths_escape_refused (test_foundation.Transactions.test_paths_escape_refused) ... ok
test_pending_blocks_other_mutation (test_foundation.Transactions.test_pending_blocks_other_mutation) ... ok
test_recovery_idempotent (test_foundation.Transactions.test_recovery_idempotent) ... ok
test_recovery_low_space_preserves_both (test_foundation.Transactions.test_recovery_low_space_preserves_both) ... ok
test_restore_file_directory_empty_directory (test_foundation.Transactions.test_restore_file_directory_empty_directory) ... ok
test_symlink_resource_rejected (test_foundation.Transactions.test_symlink_resource_rejected) ... ok
test_wrapper_exception_restores (test_foundation.Transactions.test_wrapper_exception_restores) ... ok
test_wrapper_nonzero_restores (test_foundation.Transactions.test_wrapper_nonzero_restores) ... ok
test_bad_task_id (test_foundation.WorkflowTrace.test_bad_task_id) ... ok
test_complete_source_and_ledger_accounting (test_foundation.WorkflowTrace.test_complete_source_and_ledger_accounting) ... ok
test_done_is_not_promoted_by_hash_recalculation (test_foundation.WorkflowTrace.test_done_is_not_promoted_by_hash_recalculation) ... ok
test_duplicate_field (test_foundation.WorkflowTrace.test_duplicate_field) ... ok
test_line_bound (test_foundation.WorkflowTrace.test_line_bound) ... ok
test_refuse_claimed_count_change (test_foundation.WorkflowTrace.test_refuse_claimed_count_change) ... ok
test_refuse_incompatible_version (test_foundation.WorkflowTrace.test_refuse_incompatible_version) ... ok
test_refuse_ledger_replacement (test_foundation.WorkflowTrace.test_refuse_ledger_replacement) ... ok
test_refuse_source_replacement (test_foundation.WorkflowTrace.test_refuse_source_replacement) ... ok
test_show_preserves_original_statement (test_foundation.WorkflowTrace.test_show_preserves_original_statement) ... ok
test_truncated_line (test_foundation.WorkflowTrace.test_truncated_line) ... ok
test_archive_bad_path_0 (test_hardening.Archives.test_archive_bad_path_0) ... ok
test_archive_bad_path_1 (test_hardening.Archives.test_archive_bad_path_1) ... ok
test_archive_bad_path_2 (test_hardening.Archives.test_archive_bad_path_2) ... ok
test_archive_bad_path_3 (test_hardening.Archives.test_archive_bad_path_3) ... ok
test_archive_bad_path_4 (test_hardening.Archives.test_archive_bad_path_4) ... ok
test_archive_bad_path_5 (test_hardening.Archives.test_archive_bad_path_5) ... ok
test_case_preserved (test_hardening.Archives.test_case_preserved) ... ok
test_count_limit (test_hardening.Archives.test_count_limit) ... ok
test_duplicate (test_hardening.Archives.test_duplicate) ... ok
test_encrypted_member (test_hardening.Archives.test_encrypted_member) ... ok
test_fifo (test_hardening.Archives.test_fifo) ... ok
test_file_directory_conflict (test_hardening.Archives.test_file_directory_conflict) ... ok
test_member_limit (test_hardening.Archives.test_member_limit) ... ok
test_multiple_roots_preserved (test_hardening.Archives.test_multiple_roots_preserved) ... ok
test_normal (test_hardening.Archives.test_normal) ... ok
test_null_name (test_hardening.Archives.test_null_name) ... ok
test_preflight_writes_nothing (test_hardening.Archives.test_preflight_writes_nothing) ... ok
test_ratio_limit (test_hardening.Archives.test_ratio_limit) ... ok
test_symlink (test_hardening.Archives.test_symlink) ... ok
test_total_limit (test_hardening.Archives.test_total_limit) ... ok
test_atomic_json_utf8 (test_hardening.AtomicAndLock.test_atomic_json_utf8) ... ok
test_atomic_write (test_hardening.AtomicAndLock.test_atomic_write) ... ok
test_lock_release_after_exception (test_hardening.AtomicAndLock.test_lock_release_after_exception) ... ok
test_nested_lock (test_hardening.AtomicAndLock.test_nested_lock) ... ok
test_replace_failure_preserves (test_hardening.AtomicAndLock.test_replace_failure_preserves) ... ok
test_second_process_is_blocked (test_hardening.AtomicAndLock.test_second_process_is_blocked) ... ok
test_bad_name_exit (test_hardening.CLI.test_bad_name_exit) ... ok
test_inf_interval_exit (test_hardening.CLI.test_inf_interval_exit) ... ok
test_interruption (test_hardening.CLI.test_interruption) ... ok
test_nan_interval_exit (test_hardening.CLI.test_nan_interval_exit) ... ok
test_negative_ticks_exit (test_hardening.CLI.test_negative_ticks_exit) ... ok
test_programs_whitelist (test_hardening.CLI.test_programs_whitelist) ... ok
test_scale_bound (test_hardening.CLI.test_scale_bound) ... ok
test_sort_path_traversal_rejected_before_bind (test_hardening.CLI.test_sort_path_traversal_rejected_before_bind) ... ok
test_step_limit (test_hardening.CLI.test_step_limit) ... ok
test_uncaught_error_has_log (test_hardening.CLI.test_uncaught_error_has_log) ... ok
test_version (test_hardening.CLI.test_version) ... ok
test_zero_ticks_exit (test_hardening.CLI.test_zero_ticks_exit) ... ok
test_changed_bytes (test_hardening.Integrity.test_changed_bytes) ... ok
test_duplicate_sum (test_hardening.Integrity.test_duplicate_sum) ... ok
test_escape_sum (test_hardening.Integrity.test_escape_sum) ... ok
test_hold_missing_pin (test_hardening.Integrity.test_hold_missing_pin) ... ok
test_hold_missing_pin_blocks_extraction (test_hardening.Integrity.test_hold_missing_pin_blocks_extraction) ... ok
test_last_berth_reseal (test_hardening.Integrity.test_last_berth_reseal) ... /mnt/data/work/UC250/ship/unikernel/ucmanifest.py:114: ResourceWarning: unclosed file <_io.TextIOWrapper name='/tmp/tmpcp8eprkl/MANIFEST.json' mode='r' encoding='utf-8'>
  man = _json.load(open(mp, encoding="utf-8"))
ResourceWarning: Enable tracemalloc to get the object allocation traceback
ok
test_malformed_sum (test_hardening.Integrity.test_malformed_sum) ... ok
test_manifest_bool_size (test_hardening.Integrity.test_manifest_bool_size) ... ok
test_manifest_count (test_hardening.Integrity.test_manifest_count) ... ok
test_manifest_duplicate (test_hardening.Integrity.test_manifest_duplicate) ... ok
test_manifest_escape (test_hardening.Integrity.test_manifest_escape) ... ok
test_manifest_total (test_hardening.Integrity.test_manifest_total) ... ok
test_missing (test_hardening.Integrity.test_missing) ... ok
test_unbound (test_hardening.Integrity.test_unbound) ... ok
test_valid_manifest (test_hardening.Integrity.test_valid_manifest) ... ok
test_valid_sums (test_hardening.Integrity.test_valid_sums) ... ok
test_case_collision (test_hardening.Lifecycle.test_case_collision) ... ok
test_commit_failure_rolls_back (test_hardening.Lifecycle.test_commit_failure_rolls_back) ... ok
test_directory_symlink_rejected (test_hardening.Lifecycle.test_directory_symlink_rejected) ... ok
test_failed_final_journal_is_retained (test_hardening.Lifecycle.test_failed_final_journal_is_retained) ... ok
test_refuse_replace_without_flag (test_hardening.Lifecycle.test_refuse_replace_without_flag) ... ok
test_replace_keeps_backup (test_hardening.Lifecycle.test_replace_keeps_backup) ... ok
test_replace_missing_preserves_old (test_hardening.Lifecycle.test_replace_missing_preserves_old) ... ok
test_stage_exception_preserves_old (test_hardening.Lifecycle.test_stage_exception_preserves_old) ... ok
test_unload_recoverable (test_hardening.Lifecycle.test_unload_recoverable) ... ok
test_unload_traversal_preserves_outside (test_hardening.Lifecycle.test_unload_traversal_preserves_outside) ... ok
test_alias_is_deterministic (test_hardening.Names.test_alias_is_deterministic) ... ok
test_alias_unsafe_extension_removed (test_hardening.Names.test_alias_unsafe_extension_removed) ... ok
test_face_name_bounded (test_hardening.Names.test_face_name_bounded) ... ok
test_normal_names (test_hardening.Names.test_normal_names) ... ok
test_path_with_spaces (test_hardening.Names.test_path_with_spaces) ... ok
test_portable_case (test_hardening.Names.test_portable_case) ... ok
test_rejected_name_00 (test_hardening.Names.test_rejected_name_00) ... ok
test_rejected_name_01 (test_hardening.Names.test_rejected_name_01) ... ok
test_rejected_name_02 (test_hardening.Names.test_rejected_name_02) ... ok
test_rejected_name_03 (test_hardening.Names.test_rejected_name_03) ... ok
test_rejected_name_04 (test_hardening.Names.test_rejected_name_04) ... ok
test_rejected_name_05 (test_hardening.Names.test_rejected_name_05) ... ok
test_rejected_name_06 (test_hardening.Names.test_rejected_name_06) ... ok
test_rejected_name_07 (test_hardening.Names.test_rejected_name_07) ... ok
test_rejected_name_08 (test_hardening.Names.test_rejected_name_08) ... ok
test_rejected_name_09 (test_hardening.Names.test_rejected_name_09) ... ok
test_rejected_name_10 (test_hardening.Names.test_rejected_name_10) ... ok
test_rejected_name_11 (test_hardening.Names.test_rejected_name_11) ... ok
test_rejected_name_12 (test_hardening.Names.test_rejected_name_12) ... ok
test_rejected_name_13 (test_hardening.Names.test_rejected_name_13) ... ok
test_rejected_name_14 (test_hardening.Names.test_rejected_name_14) ... ok
test_rejected_path_00 (test_hardening.Names.test_rejected_path_00) ... ok
test_rejected_path_01 (test_hardening.Names.test_rejected_path_01) ... ok
test_rejected_path_02 (test_hardening.Names.test_rejected_path_02) ... ok
test_rejected_path_03 (test_hardening.Names.test_rejected_path_03) ... ok
test_rejected_path_04 (test_hardening.Names.test_rejected_path_04) ... ok
test_rejected_path_05 (test_hardening.Names.test_rejected_path_05) ... ok
test_rejected_path_06 (test_hardening.Names.test_rejected_path_06) ... ok
test_rejected_path_07 (test_hardening.Names.test_rejected_path_07) ... ok
test_rejected_path_08 (test_hardening.Names.test_rejected_path_08) ... ok
test_rejected_path_09 (test_hardening.Names.test_rejected_path_09) ... ok
test_rejected_path_10 (test_hardening.Names.test_rejected_path_10) ... ok
test_rejected_path_11 (test_hardening.Names.test_rejected_path_11) ... ok
test_rejected_path_12 (test_hardening.Names.test_rejected_path_12) ... ok
test_root_symlink (test_hardening.Names.test_root_symlink) ... ok
test_safe_path (test_hardening.Names.test_safe_path) ... ok
test_symlink_component (test_hardening.Names.test_symlink_component) ... ok
test_unicode_normalization (test_hardening.Names.test_unicode_normalization) ... ok
test_bad_paint_tile (test_hardening.TIFF.test_bad_paint_tile) ... ok
test_bad_paint_word (test_hardening.TIFF.test_bad_paint_word) ... ok
test_file_size_budget (test_hardening.TIFF.test_file_size_budget) ... ok
test_png_not_tiff (test_hardening.TIFF.test_png_not_tiff) ... ok
test_wrong_geometry (test_hardening.TIFF.test_wrong_geometry) ... ok
test_associated_alpha (test_pixel_fabric.AdmissionTests.test_associated_alpha) ... ok
test_bad_external_offset (test_pixel_fabric.AdmissionTests.test_bad_external_offset) ... ok
test_bad_scalar_hex (test_pixel_fabric.AdmissionTests.test_bad_scalar_hex) ... ok
test_bigtiff_header_offset_width (test_pixel_fabric.AdmissionTests.test_bigtiff_header_offset_width) ... ok
test_bigtiff_header_reserved (test_pixel_fabric.AdmissionTests.test_bigtiff_header_reserved) ... ok
test_bool_grid (test_pixel_fabric.AdmissionTests.test_bool_grid) ... ok
test_cycle (test_pixel_fabric.AdmissionTests.test_cycle) ... ok
test_duplicate_json (test_pixel_fabric.AdmissionTests.test_duplicate_json) ... ok
test_duplicate_tag (test_pixel_fabric.AdmissionTests.test_duplicate_tag) ... ok
test_huge_ifd_pointer (test_pixel_fabric.AdmissionTests.test_huge_ifd_pointer) ... ok
test_huge_tag_count (test_pixel_fabric.AdmissionTests.test_huge_tag_count) ... ok
test_ifd_count_budget (test_pixel_fabric.AdmissionTests.test_ifd_count_budget) ... ok
test_lossy_compression (test_pixel_fabric.AdmissionTests.test_lossy_compression) ... ok
test_metadata_cumulative_budget (test_pixel_fabric.AdmissionTests.test_metadata_cumulative_budget) ... ok
test_metadata_mirror_disagreement (test_pixel_fabric.AdmissionTests.test_metadata_mirror_disagreement) ... ok
test_nonfinite_json (test_pixel_fabric.AdmissionTests.test_nonfinite_json) ... ok
test_oversize_dimensions (test_pixel_fabric.AdmissionTests.test_oversize_dimensions) ... ok
test_planar_conversion (test_pixel_fabric.AdmissionTests.test_planar_conversion) ... ok
test_png_rejected_before_decode (test_pixel_fabric.AdmissionTests.test_png_rejected_before_decode) ... ok
test_raster_metadata_overlap (test_pixel_fabric.AdmissionTests.test_raster_metadata_overlap) ... ok
test_raster_out_of_range (test_pixel_fabric.AdmissionTests.test_raster_out_of_range) ... ok
test_seeded_pointer_mutations (test_pixel_fabric.AdmissionTests.test_seeded_pointer_mutations) ... ok
test_short_header (test_pixel_fabric.AdmissionTests.test_short_header) ... ok
test_symlink_rejected (test_pixel_fabric.AdmissionTests.test_symlink_rejected) ... ok
test_truncation_campaign (test_pixel_fabric.AdmissionTests.test_truncation_campaign) ... ok
test_unknown_magic (test_pixel_fabric.AdmissionTests.test_unknown_magic) ... ok
test_unknown_sidecar_fields (test_pixel_fabric.AdmissionTests.test_unknown_sidecar_fields) ... ok
test_boolean_counter (test_pixel_fabric.BlobTests.test_boolean_counter) ... ok
test_bro1_corruption (test_pixel_fabric.BlobTests.test_bro1_corruption) ... ok
test_bro1_integrity (test_pixel_fabric.BlobTests.test_bro1_integrity) ... ok
test_bro1_object_identity (test_pixel_fabric.BlobTests.test_bro1_object_identity) ... ok
test_exact_roundtrip (test_pixel_fabric.BlobTests.test_exact_roundtrip) ... ok
test_negative_counter (test_pixel_fabric.BlobTests.test_negative_counter) ... ok
test_scalar_budget (test_pixel_fabric.BlobTests.test_scalar_budget) ... ok
test_short_magic_preserved (test_pixel_fabric.BlobTests.test_short_magic_preserved) ... ok
test_slot_overflow (test_pixel_fabric.BlobTests.test_slot_overflow) ... ok
test_tick_overflow (test_pixel_fabric.BlobTests.test_tick_overflow) ... ok
test_trailing_bytes (test_pixel_fabric.BlobTests.test_trailing_bytes) ... ok
test_truncated_blob (test_pixel_fabric.BlobTests.test_truncated_blob) ... ok
test_u64_tick (test_pixel_fabric.BlobTests.test_u64_tick) ... ok
test_unsupported_version (test_pixel_fabric.BlobTests.test_unsupported_version) ... ok
test_512_gif_frames_preserved (test_pixel_fabric.CapacityTests.test_512_gif_frames_preserved) ... ok
test_clock_exhaustion_before_work (test_pixel_fabric.CapacityTests.test_clock_exhaustion_before_work) ... ok
test_counter_exhaustion_before_work (test_pixel_fabric.CapacityTests.test_counter_exhaustion_before_work) ... ok
test_exact_512_pages_then_refuse_append (test_pixel_fabric.CapacityTests.test_exact_512_pages_then_refuse_append) ... ok
test_all_byte_values (test_pixel_fabric.GifTests.test_all_byte_values) ... ok
test_digest_mismatch (test_pixel_fabric.GifTests.test_digest_mismatch) ... ok
test_disposal_rejected (test_pixel_fabric.GifTests.test_disposal_rejected) ... ok
test_duplicate_frames_not_coalesced (test_pixel_fabric.GifTests.test_duplicate_frames_not_coalesced) ... ok
test_duration_rejected (test_pixel_fabric.GifTests.test_duration_rejected) ... ok
test_empty_records (test_pixel_fabric.GifTests.test_empty_records) ... ok
test_exact_state (test_pixel_fabric.GifTests.test_exact_state) ... ok
test_missing_metadata (test_pixel_fabric.GifTests.test_missing_metadata) ... ok
test_multiframe_restore (test_pixel_fabric.GifTests.test_multiframe_restore) ... ok
test_palette_mutation (test_pixel_fabric.GifTests.test_palette_mutation) ... ok
test_random_artwork_refused (test_pixel_fabric.GifTests.test_random_artwork_refused) ... ok
test_restore (test_pixel_fabric.GifTests.test_restore) ... ok
test_restore_existing_refused (test_pixel_fabric.GifTests.test_restore_existing_refused) ... ok
test_trailing_data (test_pixel_fabric.GifTests.test_trailing_data) ... ok
test_truncated_blocks (test_pixel_fabric.GifTests.test_truncated_blocks) ... ok
test_all_30_sealed_genesis (test_pixel_fabric.HistoryTests.test_all_30_sealed_genesis) ... ok
test_compression_matrix (test_pixel_fabric.HistoryTests.test_compression_matrix) ... ok
test_encoder_failure_preserves_old (test_pixel_fabric.HistoryTests.test_encoder_failure_preserves_old) ... ok
test_full_history_refused (test_pixel_fabric.HistoryTests.test_full_history_refused) ... ok
test_grid_matrix (test_pixel_fabric.HistoryTests.test_grid_matrix) ... ok
test_history_all_frames (test_pixel_fabric.HistoryTests.test_history_all_frames) ... ok
test_history_window (test_pixel_fabric.HistoryTests.test_history_window) ... ok
test_missing_history_metadata (test_pixel_fabric.HistoryTests.test_missing_history_metadata) ... ok
test_negative_page (test_pixel_fabric.HistoryTests.test_negative_page) ... ok
test_replace_failure_preserves_old (test_pixel_fabric.HistoryTests.test_replace_failure_preserves_old) ... ok
test_stale_commit (test_pixel_fabric.HistoryTests.test_stale_commit) ... ok
test_tifffile_matrix (test_pixel_fabric.IndependentInteropTests.test_tifffile_matrix) ... ok
test_arithmetic_uninitialized (test_pixel_fabric.KernelTests.test_arithmetic_uninitialized) ... ok
test_batch_atomic (test_pixel_fabric.KernelTests.test_batch_atomic) ... ok
test_cas_refused (test_pixel_fabric.KernelTests.test_cas_refused) ... ok
test_coordinates (test_pixel_fabric.KernelTests.test_coordinates) ... ok
test_diff (test_pixel_fabric.KernelTests.test_diff) ... ok
test_empty_batch (test_pixel_fabric.KernelTests.test_empty_batch) ... ok
test_explicit_wrap (test_pixel_fabric.KernelTests.test_explicit_wrap) ... ok
test_native_limit (test_pixel_fabric.KernelTests.test_native_limit) ... ok
test_operation_budget (test_pixel_fabric.KernelTests.test_operation_budget) ... ok
test_overflow_rejected (test_pixel_fabric.KernelTests.test_overflow_rejected) ... ok
test_set_exact (test_pixel_fabric.KernelTests.test_set_exact) ... ok
test_set_extends_to_58 (test_pixel_fabric.KernelTests.test_set_extends_to_58) ... ok
test_ship_paint_uses_kernel (test_pixel_fabric.KernelTests.test_ship_paint_uses_kernel) ... ok
test_ship_rejects_negative_not_masks (test_pixel_fabric.KernelTests.test_ship_rejects_negative_not_masks) ... ok
test_ship_stale_digest (test_pixel_fabric.KernelTests.test_ship_stale_digest) ... ok
test_stale_blob_digest (test_pixel_fabric.KernelTests.test_stale_blob_digest) ... ok
test_value_types (test_pixel_fabric.KernelTests.test_value_types) ... ok
test_xor (test_pixel_fabric.KernelTests.test_xor) ... ok
test_cell (test_pixel_fabric.PixelCLITests.test_cell) ... ok
test_checkpoint_preserves_archive_and_state (test_pixel_fabric.PixelCLITests.test_checkpoint_preserves_archive_and_state) ... ok
test_checkpoint_stale_refused (test_pixel_fabric.PixelCLITests.test_checkpoint_stale_refused) ... ok
test_export_keeps_source (test_pixel_fabric.PixelCLITests.test_export_keeps_source) ... ok
test_export_limit (test_pixel_fabric.PixelCLITests.test_export_limit) ... ok
test_inspect (test_pixel_fabric.PixelCLITests.test_inspect) ... ok
test_paint_guard (test_pixel_fabric.PixelCLITests.test_paint_guard) ... ok
test_paint_requires_generation_cli (test_pixel_fabric.PixelCLITests.test_paint_requires_generation_cli) ... ok
test_restore_into_sealed_ship_refused (test_pixel_fabric.PixelCLITests.test_restore_into_sealed_ship_refused) ... ok
test_status (test_pixel_fabric.PixelCLITests.test_status) ... ok
test_complete_success (test_result_contracts.CompletenessGate.test_complete_success) ... ok
test_failure_takes_precedence (test_result_contracts.CompletenessGate.test_failure_takes_precedence) ... ok
test_legacy_mode_reports_but_permits_skip (test_result_contracts.CompletenessGate.test_legacy_mode_reports_but_permits_skip) ... ok
test_nested_skip_blocks_strict (test_result_contracts.CompletenessGate.test_nested_skip_blocks_strict) ... ok
test_changed_cargo_not_executed (test_result_contracts.Contracts.test_changed_cargo_not_executed) ... /mnt/data/work/UC250/ship/unikernel/cli.py:495: ResourceWarning: unclosed file <_io.TextIOWrapper name='/tmp/tmp9x5sero8/berths/demo/SORT_LEDGER.json' mode='r' encoding='utf-8'>
  ledger = json.load(open(os.path.join(d, "SORT_LEDGER.json"), encoding="utf-8"))
ResourceWarning: Enable tracemalloc to get the object allocation traceback
ok
test_inventory_rejects_fifo (test_result_contracts.Contracts.test_inventory_rejects_fifo) ... ok
test_missing_mount_registry_empty (test_result_contracts.Contracts.test_missing_mount_registry_empty) ... ok
test_mount_registry_corruption_refused (test_result_contracts.Contracts.test_mount_registry_corruption_refused) ... /usr/lib/python3.13/traceback.py:269: ResourceWarning: unclosed file <_io.TextIOWrapper name='/tmp/tmpd8qh7k2v/_studio/uc_mounts.json' mode='r' encoding='utf-8'>
  tb.tb_frame.clear()
ResourceWarning: Enable tracemalloc to get the object allocation traceback
ok
test_native_failure_nonzero (test_result_contracts.Contracts.test_native_failure_nonzero) ... /mnt/data/work/UC250/ship/unikernel/cli.py:495: ResourceWarning: unclosed file <_io.TextIOWrapper name='/tmp/tmp4xklmb9h/berths/demo/SORT_LEDGER.json' mode='r' encoding='utf-8'>
  ledger = json.load(open(os.path.join(d, "SORT_LEDGER.json"), encoding="utf-8"))
ResourceWarning: Enable tracemalloc to get the object allocation traceback
/mnt/data/work/UC250/ship/unikernel/cli.py:511: ResourceWarning: unclosed file <_io.BufferedReader name='/tmp/tmp4xklmb9h/berths/demo/DF_Small/cargo/_alias/a.mssl'>
  if a.cargo.endswith(".pal") or open(p, "rb").read(9).startswith(b"#PA-LCTL/"):
ResourceWarning: Enable tracemalloc to get the object allocation traceback
ok
test_nested_alias_resolves (test_result_contracts.Contracts.test_nested_alias_resolves) ... /mnt/data/work/UC250/ship/unikernel/cli.py:495: ResourceWarning: unclosed file <_io.TextIOWrapper name='/tmp/tmp650huo9f/berths/demo/SORT_LEDGER.json' mode='r' encoding='utf-8'>
  ledger = json.load(open(os.path.join(d, "SORT_LEDGER.json"), encoding="utf-8"))
ResourceWarning: Enable tracemalloc to get the object allocation traceback
/mnt/data/work/UC250/ship/unikernel/cli.py:511: ResourceWarning: unclosed file <_io.BufferedReader name='/tmp/tmp650huo9f/berths/demo/DF_Small/cargo/_alias/a.mssl'>
  if a.cargo.endswith(".pal") or open(p, "rb").read(9).startswith(b"#PA-LCTL/"):
ResourceWarning: Enable tracemalloc to get the object allocation traceback
ok
test_stored_alias_resolves (test_result_contracts.Contracts.test_stored_alias_resolves) ... /mnt/data/work/UC250/ship/unikernel/cli.py:495: ResourceWarning: unclosed file <_io.TextIOWrapper name='/tmp/tmpp9lh60wv/berths/demo/SORT_LEDGER.json' mode='r' encoding='utf-8'>
  ledger = json.load(open(os.path.join(d, "SORT_LEDGER.json"), encoding="utf-8"))
ResourceWarning: Enable tracemalloc to get the object allocation traceback
/mnt/data/work/UC250/ship/unikernel/cli.py:511: ResourceWarning: unclosed file <_io.BufferedReader name='/tmp/tmpp9lh60wv/berths/demo/DF_Small/cargo/_alias/a.mssl'>
  if a.cargo.endswith(".pal") or open(p, "rb").read(9).startswith(b"#PA-LCTL/"):
ResourceWarning: Enable tracemalloc to get the object allocation traceback
ok
test_studio_register_failure_code (test_result_contracts.Contracts.test_studio_register_failure_code) ... ok
test_studio_test_failure_code (test_result_contracts.Contracts.test_studio_test_failure_code) ... ok
test_studio_test_skip_code (test_result_contracts.Contracts.test_studio_test_skip_code) ... ok
test_unlisted_cargo_not_executed (test_result_contracts.Contracts.test_unlisted_cargo_not_executed) ... /mnt/data/work/UC250/ship/unikernel/cli.py:495: ResourceWarning: unclosed file <_io.TextIOWrapper name='/tmp/tmpz63wx2to/berths/demo/SORT_LEDGER.json' mode='r' encoding='utf-8'>
  ledger = json.load(open(os.path.join(d, "SORT_LEDGER.json"), encoding="utf-8"))
ResourceWarning: Enable tracemalloc to get the object allocation traceback
ok
test_wrong_slot_not_executed (test_result_contracts.Contracts.test_wrong_slot_not_executed) ... /mnt/data/work/UC250/ship/unikernel/cli.py:495: ResourceWarning: unclosed file <_io.TextIOWrapper name='/tmp/tmpmt70a2vt/berths/demo/SORT_LEDGER.json' mode='r' encoding='utf-8'>
  ledger = json.load(open(os.path.join(d, "SORT_LEDGER.json"), encoding="utf-8"))
ResourceWarning: Enable tracemalloc to get the object allocation traceback
ok
test_atomic_append_roundtrip (test_result_contracts.RealTIFF.test_atomic_append_roundtrip) ... ok
test_history_limit_before_append (test_result_contracts.RealTIFF.test_history_limit_before_append) ... ok
test_history_limit_read (test_result_contracts.RealTIFF.test_history_limit_read) ... ok
test_tiff_write_error_preserves_old (test_result_contracts.RealTIFF.test_tiff_write_error_preserves_old) ... ok
test_valid_image_admitted (test_result_contracts.RealTIFF.test_valid_image_admitted) ... ok
test_all_canonical_tasks_retained (test_tiff_workflow.TIFFWorkflow.test_all_canonical_tasks_retained) ... ok
test_archive_corruption_refused (test_tiff_workflow.TIFFWorkflow.test_archive_corruption_refused) ... ok
test_exact_prompt_and_workflow (test_tiff_workflow.TIFFWorkflow.test_exact_prompt_and_workflow) ... ok
test_invalid_task (test_tiff_workflow.TIFFWorkflow.test_invalid_task) ... ok
test_nine_unpromoted_phases (test_tiff_workflow.TIFFWorkflow.test_nine_unpromoted_phases) ... ok
test_windows_launchers (test_tiff_workflow.TIFFWorkflow.test_windows_launchers) ... ok
test_complete_source_traceability (test_vws_integration.VWSIntegration.test_complete_source_traceability) ... ok
test_corrupt_archive_fails_before_read (test_vws_integration.VWSIntegration.test_corrupt_archive_fails_before_read) ... ok
test_exact_original_workpack_retained (test_vws_integration.VWSIntegration.test_exact_original_workpack_retained) ... ok
test_no_automatic_pass_or_lost_ids (test_vws_integration.VWSIntegration.test_no_automatic_pass_or_lost_ids) ... ok
test_traversal_task_refused (test_vws_integration.VWSIntegration.test_traversal_task_refused) ... ok
test_windows_launchers_ascii_crlf_and_no_elevation (test_vws_integration.VWSIntegration.test_windows_launchers_ascii_crlf_and_no_elevation) ... ok

----------------------------------------------------------------------
Ran 378 tests in 32.271s

OK
