TAP version 13
# Subtest: F05 geometry: invalid open throws, invalid resize is refused and never stored
ok 1 - F05 geometry: invalid open throws, invalid resize is refused and never stored
  ---
  duration_ms: 2.865872
  type: 'test'
  ...
# Subtest: F04 close settles the active reader and emits exactly one exit
ok 2 - F04 close settles the active reader and emits exactly one exit
  ---
  duration_ms: 35.920704
  type: 'test'
  ...
# Subtest: close during a running command aborts it; still one exit; no late output
ok 3 - close during a running command aborts it; still one exit; no late output
  ---
  duration_ms: 87.399984
  type: 'test'
  ...
# Subtest: F10 open barrier: deferStart emits nothing until startSession
ok 4 - F10 open barrier: deferStart emits nothing until startSession
  ---
  duration_ms: 46.739566
  type: 'test'
  ...
# Subtest: exit command and Ctrl-D report logout once
ok 5 - exit command and Ctrl-D report logout once
  ---
  duration_ms: 91.789358
  type: 'test'
  ...
# Subtest: Ctrl-C at prompt, during command, and SIGINT signal are distinct and non-fatal
ok 6 - Ctrl-C at prompt, during command, and SIGINT signal are distinct and non-fatal
  ---
  duration_ms: 122.831939
  type: 'test'
  ...
# Subtest: type-ahead: pasted multi-line input executes every line in order
ok 7 - type-ahead: pasted multi-line input executes every line in order
  ---
  duration_ms: 95.768474
  type: 'test'
  ...
# Subtest: F17 bounds: capture limit, seq limit, regex length, input line length
ok 8 - F17 bounds: capture limit, seq limit, regex length, input line length
  ---
  duration_ms: 173.209503
  type: 'test'
  ...
# Subtest: VFS quota surfaces as a command error, not a crash
ok 9 - VFS quota surfaces as a command error, not a crash
  ---
  duration_ms: 125.606191
  type: 'test'
  ...
# Subtest: commandFilter removes commands from the registry
ok 10 - commandFilter removes commands from the registry
  ---
  duration_ms: 0.684394
  type: 'test'
  ...
1..10
# tests 10
# suites 0
# pass 10
# fail 0
# cancelled 0
# skipped 0
# todo 0
# duration_ms 839.480468
