TAP version 13
# Subtest: PORT: absent -> 10000; valid kept; malformed or out-of-range PRESENT value is an error, never defaulted
ok 1 - PORT: absent -> 10000; valid kept; malformed or out-of-range PRESENT value is an error, never defaulted
  ---
  duration_ms: 1.90546
  type: 'test'
  ...
# Subtest: bind address defaults to all interfaces; loopback-dev auth is refused off loopback; static-file needs a principals file
ok 2 - bind address defaults to all interfaces; loopback-dev auth is refused off loopback; static-file needs a principals file
  ---
  duration_ms: 0.601128
  type: 'test'
  ...
# Subtest: origins must be bare exact origins; booleans and integers are strict; dependent settings are checked
ok 3 - origins must be bare exact origins; booleans and integers are strict; dependent settings are checked
  ---
  duration_ms: 4.49909
  type: 'test'
  ...
# Subtest: public configuration is an explicit allowlist (no paths, files, limits internals or environment)
ok 4 - public configuration is an explicit allowlist (no paths, files, limits internals or environment)
  ---
  duration_ms: 0.253683
  type: 'test'
  ...
# Subtest: logger: single-line JSON, secret-like fields dropped, newlines neutralised, query strings removed from paths
ok 5 - logger: single-line JSON, secret-like fields dropped, newlines neutralised, query strings removed from paths
  ---
  duration_ms: 1.275587
  type: 'test'
  ...
1..5
# tests 5
# suites 0
# pass 5
# fail 0
# cancelled 0
# skipped 0
# todo 0
# duration_ms 64.790659
