TAP version 13
# Subtest: admission is all-or-nothing across session/tenant/global and names the refusing scope
ok 1 - admission is all-or-nothing across session/tenant/global and names the refusing scope
  ---
  duration_ms: 1.55454
  type: 'test'
  ...
# Subtest: leases: capacity (not logical length) is charged; bucket, session caps; exhaustion and oversize are refused before allocation
ok 2 - leases: capacity (not logical length) is charged; bucket, session caps; exhaustion and oversize are refused before allocation
  ---
  duration_ms: 0.56244
  type: 'test'
  ...
# Subtest: Lifetime: capacity returns only after the LAST consumer; duplicate release is counted, never refunded twice
ok 3 - Lifetime: capacity returns only after the LAST consumer; duplicate release is counted, never refunded twice
  ---
  duration_ms: 0.209226
  type: 'test'
  ...
# Subtest: Aliasing: a view adds a reference, not capacity; a non-physical capacity reservation adds quota but no physical bytes
ok 4 - Aliasing: a view adds a reference, not capacity; a non-physical capacity reservation adds quota but no physical bytes
  ---
  duration_ms: 1.11116
  type: 'test'
  ...
# Subtest: Validity: stale generation and foreign handles are refused and counted
ok 5 - Validity: stale generation and foreign handles are refused and counted
  ---
  duration_ms: 0.340004
  type: 'test'
  ...
# Subtest: close: refuses new leases at once, returns the admission reservation exactly once and only after in-flight leases settle
ok 6 - close: refuses new leases at once, returns the admission reservation exactly once and only after in-flight leases settle
  ---
  duration_ms: 0.282327
  type: 'test'
  ...
# Subtest: randomized acquire/retain/release/close never breaks reconciliation and ends at zero
ok 7 - randomized acquire/retain/release/close never breaks reconciliation and ends at zero
  ---
  duration_ms: 11.977892
  type: 'test'
  ...
# Subtest: slab pool: actual capacity >= request, idle retention capped and visible, zero-fill on return, double/foreign return counted, oversize refused
ok 8 - slab pool: actual capacity >= request, idle retention capped and visible, zero-fill on return, double/foreign return counted, oversize refused
  ---
  duration_ms: 0.51557
  type: 'test'
  ...
1..8
# tests 8
# suites 0
# pass 8
# fail 0
# cancelled 0
# skipped 0
# todo 0
# duration_ms 75.057514
