test_byte_bound (test_foundation.StrictJSON.test_byte_bound) ... ok
test_canonical_not_lossy_unicode_normalization (test_foundation.StrictJSON.test_canonical_not_lossy_unicode_normalization) ... ok
test_canonical_order (test_foundation.StrictJSON.test_canonical_order) ... ok
test_canonical_order_property (test_foundation.StrictJSON.test_canonical_order_property) ... ok
test_canonical_rejects_float (test_foundation.StrictJSON.test_canonical_rejects_float) ... ok
test_canonical_rejects_nonstring_key (test_foundation.StrictJSON.test_canonical_rejects_nonstring_key) ... ok
test_decode_override_rejected (test_foundation.StrictJSON.test_decode_override_rejected) ... ok
test_depth_inside_strings_not_counted (test_foundation.StrictJSON.test_depth_inside_strings_not_counted) ... ok
test_read_limit (test_foundation.StrictJSON.test_read_limit) ... ok
test_refuse_bad_syntax (test_foundation.StrictJSON.test_refuse_bad_syntax) ... ok
test_refuse_bad_utf8 (test_foundation.StrictJSON.test_refuse_bad_utf8) ... ok
test_refuse_duplicate_nested (test_foundation.StrictJSON.test_refuse_duplicate_nested) ... ok
test_refuse_duplicate_top (test_foundation.StrictJSON.test_refuse_duplicate_top) ... ok
test_refuse_escaped_duplicate (test_foundation.StrictJSON.test_refuse_escaped_duplicate) ... ok
test_refuse_exponent_overflow (test_foundation.StrictJSON.test_refuse_exponent_overflow) ... ok
test_refuse_huge_integer (test_foundation.StrictJSON.test_refuse_huge_integer) ... ok
test_refuse_inf (test_foundation.StrictJSON.test_refuse_inf) ... ok
test_refuse_leading_zero (test_foundation.StrictJSON.test_refuse_leading_zero) ... ok
test_refuse_nan (test_foundation.StrictJSON.test_refuse_nan) ... ok
test_refuse_negative_inf (test_foundation.StrictJSON.test_refuse_negative_inf) ... ok
test_refuse_surrogate (test_foundation.StrictJSON.test_refuse_surrogate) ... ok
test_refuse_too_deep (test_foundation.StrictJSON.test_refuse_too_deep) ... ok
test_refuse_trailing_comma (test_foundation.StrictJSON.test_refuse_trailing_comma) ... ok
test_refuse_trailing_content (test_foundation.StrictJSON.test_refuse_trailing_content) ... ok
test_refuse_truncated (test_foundation.StrictJSON.test_refuse_truncated) ... ok
test_refuse_utf8_bom (test_foundation.StrictJSON.test_refuse_utf8_bom) ... ok
test_unknown_python_object_not_stringified_canonical (test_foundation.StrictJSON.test_unknown_python_object_not_stringified_canonical) ... ok
test_valid_roundtrip (test_foundation.StrictJSON.test_valid_roundtrip) ... ok
test_bool_generation (test_foundation.ContractTests.test_bool_generation) ... ok
test_different_assurance_fields (test_foundation.ContractTests.test_different_assurance_fields) ... ok
test_duplicate_cap (test_foundation.ContractTests.test_duplicate_cap) ... ok
test_large_generation (test_foundation.ContractTests.test_large_generation) ... ok
test_no_false_network_guarantee (test_foundation.ContractTests.test_no_false_network_guarantee) ... ok
test_stronger_backend_refused (test_foundation.ContractTests.test_stronger_backend_refused) ... ok
test_unknown_field (test_foundation.ContractTests.test_unknown_field) ... ok
test_unknown_operation (test_foundation.ContractTests.test_unknown_operation) ... ok
test_unsupported_cap (test_foundation.ContractTests.test_unsupported_cap) ... ok
test_valid (test_foundation.ContractTests.test_valid) ... ok
test_version (test_foundation.ContractTests.test_version) ... ok

----------------------------------------------------------------------
Ran 39 tests in 0.009s

OK
