test_absent_original_new_files_retained (test_foundation.Transactions.test_absent_original_new_files_retained) ... ok
test_actual_process_crash_boundary_0 (test_foundation.Transactions.test_actual_process_crash_boundary_0) ... ok
test_actual_process_crash_boundary_1 (test_foundation.Transactions.test_actual_process_crash_boundary_1) ... ok
test_actual_process_crash_boundary_2 (test_foundation.Transactions.test_actual_process_crash_boundary_2) ... ok
test_actual_process_crash_boundary_3 (test_foundation.Transactions.test_actual_process_crash_boundary_3) ... ok
test_actual_process_crash_boundary_4 (test_foundation.Transactions.test_actual_process_crash_boundary_4) ... ok
test_bad_transaction_identifier (test_foundation.Transactions.test_bad_transaction_identifier) ... ok
test_committed_rollback_is_not_silently_allowed (test_foundation.Transactions.test_committed_rollback_is_not_silently_allowed) ... ok
test_copy_enospc_leaves_preparation_recoverable (test_foundation.Transactions.test_copy_enospc_leaves_preparation_recoverable) ... ok
test_corrupt_backup_refused_before_mutation (test_foundation.Transactions.test_corrupt_backup_refused_before_mutation) ... ok
test_finished_does_not_block (test_foundation.Transactions.test_finished_does_not_block) ... ok
test_generation_changes_on_recovery (test_foundation.Transactions.test_generation_changes_on_recovery) ... ok
test_interrupted_recovery_repeats (test_foundation.Transactions.test_interrupted_recovery_repeats) ... ok
test_journal_id_tamper_refused (test_foundation.Transactions.test_journal_id_tamper_refused) ... ok
test_journal_plan_tamper_refused (test_foundation.Transactions.test_journal_plan_tamper_refused) ... ok
test_low_space_refused_before_mutation (test_foundation.Transactions.test_low_space_refused_before_mutation) ... ok
test_no_generation_created_for_preparation_failure (test_foundation.Transactions.test_no_generation_created_for_preparation_failure) ... ok
test_overlapping_paths_refused (test_foundation.Transactions.test_overlapping_paths_refused) ... ok
test_paths_escape_refused (test_foundation.Transactions.test_paths_escape_refused) ... ok
test_pending_blocks_other_mutation (test_foundation.Transactions.test_pending_blocks_other_mutation) ... ok
test_recovery_idempotent (test_foundation.Transactions.test_recovery_idempotent) ... ok
test_recovery_low_space_preserves_both (test_foundation.Transactions.test_recovery_low_space_preserves_both) ... ok
test_restore_file_directory_empty_directory (test_foundation.Transactions.test_restore_file_directory_empty_directory) ... ok
test_symlink_resource_rejected (test_foundation.Transactions.test_symlink_resource_rejected) ... ok
test_wrapper_exception_restores (test_foundation.Transactions.test_wrapper_exception_restores) ... ok
test_wrapper_nonzero_restores (test_foundation.Transactions.test_wrapper_nonzero_restores) ... ok
test_checkpoint_continuation (test_onebit.RecoveryReplayTests.test_checkpoint_continuation) ... ok
test_recovery_reentry (test_onebit.RecoveryReplayTests.test_recovery_reentry) ... ok
test_replay_deterministic (test_onebit.RecoveryReplayTests.test_replay_deterministic) ... ok
test_source_destination_guard (test_onebit.RecoveryReplayTests.test_source_destination_guard) ... ok

----------------------------------------------------------------------
Ran 30 tests in 2.790s

OK
