test_budget (test_onebit.EncodingTests.test_budget) ... ok
test_fp32_crc (test_onebit.EncodingTests.test_fp32_crc) ... ok
test_fp32_roundtrip (test_onebit.EncodingTests.test_fp32_roundtrip) ... ok
test_nonfinite_refused (test_onebit.EncodingTests.test_nonfinite_refused) ... ok
test_onebit_corruption_crc (test_onebit.EncodingTests.test_onebit_corruption_crc) ... ok
test_onebit_roundtrip (test_onebit.EncodingTests.test_onebit_roundtrip) ... ok
test_onebit_wrong_magic (test_onebit.EncodingTests.test_onebit_wrong_magic) ... ok
test_packet_deterministic (test_onebit.EncodingTests.test_packet_deterministic) ... ok
test_sign_pack_lsb0 (test_onebit.EncodingTests.test_sign_pack_lsb0) ... ok
test_tail_bits_canonical (test_onebit.EncodingTests.test_tail_bits_canonical) ... ok
test_error_metric (test_onebit.QuantizerTests.test_error_metric) ... ok
test_local_values_remain_float (test_onebit.QuantizerTests.test_local_values_remain_float) ... ok
test_scale_mean_abs (test_onebit.QuantizerTests.test_scale_mean_abs) ... ok
test_zero_block (test_onebit.QuantizerTests.test_zero_block) ... ok
test_zero_scale_nonzero_refused (test_onebit.QuantizerTests.test_zero_scale_nonzero_refused) ... ok
test_zero_sign_is_positive (test_onebit.QuantizerTests.test_zero_sign_is_positive) ... ok
test_full_precision_warmup_then_onebit (test_onebit.WarmupTests.test_full_precision_warmup_then_onebit) ... ok
test_reference_frozen_on_transition (test_onebit.WarmupTests.test_reference_frozen_on_transition) ... ok
test_sequence_exhaustion (test_onebit.WarmupTests.test_sequence_exhaustion) ... ok
test_sequence_monotonic (test_onebit.WarmupTests.test_sequence_monotonic) ... ok
test_unstable_warmup_stays_full (test_onebit.WarmupTests.test_unstable_warmup_stays_full) ... ok

----------------------------------------------------------------------
Ran 21 tests in 0.003s

OK
