$ python -m inv64_application_model.tools.governance_check --json
exit=1
--- stdout
{
  "schema": "PK_APP_GOVERNANCE/1",
  "today": "2026-09-23",
  "findings": [
    {
      "id": "owners.unassigned",
      "severity": "High",
      "blocking": true,
      "message": "role inv64-component-owner has no assignee"
    },
    {
      "id": "owners.unassigned",
      "severity": "High",
      "blocking": true,
      "message": "role inv64-backup-owner has no assignee"
    },
    {
      "id": "owners.unassigned",
      "severity": "High",
      "blocking": true,
      "message": "role inv64-security-contact has no assignee"
    },
    {
      "id": "owners.unassigned",
      "severity": "High",
      "blocking": true,
      "message": "role inv64-sre-oncall has no assignee"
    },
    {
      "id": "owners.unassigned",
      "severity": "High",
      "blocking": true,
      "message": "role architecture-review-board has no assignee"
    },
    {
      "id": "owners.unassigned",
      "severity": "High",
      "blocking": true,
      "message": "role release-manager has no assignee"
    },
    {
      "id": "adr.not_approved",
      "severity": "High",
      "blocking": true,
      "message": "ADR-0001 status=proposed approvers=[]"
    },
    {
      "id": "review.never_performed",
      "severity": "Medium",
      "blocking": false,
      "message": "access review has no evidence yet (due 2026-10-22)"
    },
    {
      "id": "review.never_performed",
      "severity": "Medium",
      "blocking": false,
      "message": "policy review has no evidence yet (due 2026-10-22)"
    },
    {
      "id": "review.never_performed",
      "severity": "Medium",
      "blocking": false,
      "message": "dependency review has no evidence yet (due 2026-10-22)"
    },
    {
      "id": "review.never_performed",
      "severity": "Medium",
      "blocking": false,
      "message": "configuration review has no evidence yet (due 2026-10-22)"
    },
    {
      "id": "review.never_performed",
      "severity": "Medium",
      "blocking": false,
      "message": "architecture review has no evidence yet (due 2026-12-22)"
    },
    {
      "id": "license.pending",
      "severity": "Medium",
      "blocking": true,
      "message": "distribution license not chosen by the owner (MC-38)"
    }
  ],
  "blocking": 8,
  "result": "FAIL"
}

--- stderr
