TAP version 13
# Subtest: worker killed (-9) -> exactly one session.exit{worker_failure} -> close 1011; capacity released
ok 1 - worker killed (-9) -> exactly one session.exit{worker_failure} -> close 1011; capacity released
  ---
  duration_ms: 243.498332
  type: 'test'
  ...
# Subtest: [thread] non-cooperative CPU loop (catastrophic RegExp) cannot be cancelled in-process: the supervisor terminates only that worker; the other tenant is unaffected
ok 2 - [thread] non-cooperative CPU loop (catastrophic RegExp) cannot be cancelled in-process: the supervisor terminates only that worker; the other tenant is unaffected
  ---
  duration_ms: 1291.366655
  type: 'test'
  ...
# Subtest: [process] non-cooperative CPU loop (catastrophic RegExp) cannot be cancelled in-process: the supervisor terminates only that worker; the other tenant is unaffected
ok 3 - [process] non-cooperative CPU loop (catastrophic RegExp) cannot be cancelled in-process: the supervisor terminates only that worker; the other tenant is unaffected
  ---
  duration_ms: 1237.471154
  type: 'test'
  ...
# Subtest: abrupt TCP loss: worker is stopped, session released, no orphan process
ok 4 - abrupt TCP loss: worker is stopped, session released, no orphan process
  ---
  duration_ms: 162.382674
  type: 'test'
  ...
# Subtest: application heartbeat: a peer that never answers is closed 1008 within interval + window; an answering peer stays
ok 5 - application heartbeat: a peer that never answers is closed 1008 within interval + window; an answering peer stays
  ---
  duration_ms: 1261.068834
  type: 'test'
  ...
# Subtest: no session.open within the open deadline -> NOT_READY + 1008; idle session expires
ok 6 - no session.open within the open deadline -> NOT_READY + 1008; idle session expires
  ---
  duration_ms: 294.156069
  type: 'test'
  ...
# Subtest: slow consumer (no credit): worker paused, gateway memory bounded by the ledger, a fast tenant unaffected, catch-up is lossless
ok 7 - slow consumer (no credit): worker paused, gateway memory bounded by the ledger, a fast tenant unaffected, catch-up is lossless
  ---
  duration_ms: 2201.325116
  type: 'test'
  ...
# Subtest: peer that stops reading its TCP socket: gateway send queue stays within budget and the connection is contained
ok 8 - peer that stops reading its TCP socket: gateway send queue stays within budget and the connection is contained
  ---
  duration_ms: 2610.877739
  type: 'test'
  ...
# Subtest: real process: SIGTERM drains within budget, notifies the client, exits 0; malformed PORT refuses to start (78)
ok 9 - real process: SIGTERM drains within budget, notifies the client, exits 0; malformed PORT refuses to start (78)
  ---
  duration_ms: 233.36268
  type: 'test'
  ...
# Subtest: exception during hand-off after the 101 is contained: socket released, no capacity leak, next client served, error logged
ok 10 - exception during hand-off after the 101 is contained: socket released, no capacity leak, next client served, error logged
  ---
  duration_ms: 106.172768
  type: 'test'
  ...
# Subtest: repeated and mixed termination signals run shutdown exactly once and exit 0; a signal before handlers exist terminates by default action
ok 11 - repeated and mixed termination signals run shutdown exactly once and exit 0; a signal before handlers exist terminates by default action
  ---
  duration_ms: 110.340255
  type: 'test'
  ...
# Subtest: C1 unit: a record cut in half by OUR pause does not trip the assembly deadline; a genuinely stalled peer still does
ok 12 - C1 unit: a record cut in half by OUR pause does not trip the assembly deadline; a genuinely stalled peer still does
  ---
  duration_ms: 352.833077
  type: 'test'
  ...
# Subtest: C1 e2e: a consumer slower than the bridge assembly deadline keeps its session and later receives everything, gap-free
ok 13 - C1 e2e: a consumer slower than the bridge assembly deadline keeps its session and later receives everything, gap-free
  ---
  duration_ms: 2455.044922
  type: 'test'
  ...
# Subtest: S5: a consumer that never catches up is ended with an explicit quota exit after the pause budget
ok 14 - S5: a consumer that never catches up is ended with an explicit quota exit after the pause budget
  ---
  duration_ms: 1090.495255
  type: 'test'
  ...
# Subtest: S1: with open loopback-dev identity, a non-loopback Host (DNS rebinding) is refused on every route
ok 15 - S1: with open loopback-dev identity, a non-loopback Host (DNS rebinding) is refused on every route
  ---
  duration_ms: 51.25069
  type: 'test'
  ...
# Subtest: S3: one principal cannot hold every connection slot; others are still admitted
ok 16 - S3: one principal cannot hold every connection slot; others are still admitted
  ---
  duration_ms: 3201.331958
  type: 'test'
  ...
# Subtest: S2: failed ticket attempts are limited per address without blocking a valid principal
ok 17 - S2: failed ticket attempts are limited per address without blocking a valid principal
  ---
  duration_ms: 108.92928
  type: 'test'
  ...
# Subtest: S4: a ping flood is closed 1008
ok 18 - S4: a ping flood is closed 1008
  ---
  duration_ms: 50.089341
  type: 'test'
  ...
# Subtest: S7: a malformed notAfter rejects the principals file (never fail-open); removing a capability ends sessions that hold it
ok 19 - S7: a malformed notAfter rejects the principals file (never fail-open); removing a capability ends sessions that hold it
  ---
  duration_ms: 137.024201
  type: 'test'
  ...
# Subtest: S9: aliases named after Object.prototype members are ordinary keys; Tab completion on them does not end the session
ok 20 - S9: aliases named after Object.prototype members are ordinary keys; Tab completion on them does not end the session
  ---
  duration_ms: 407.26414
  type: 'test'
  ...
# Subtest: R2-1 (thread backend): a credit-starved session with a huge multi-command line cannot grow gateway memory outside the ledger
ok 21 - R2-1 (thread backend): a credit-starved session with a huge multi-command line cannot grow gateway memory outside the ledger
  ---
  duration_ms: 4100.531942
  type: 'test'
  ...
# Subtest: R2-2: undelivered output is counted on abrupt close and on discard
ok 22 - R2-2: undelivered output is counted on abrupt close and on discard
  ---
  duration_ms: 1498.502924
  type: 'test'
  ...
# Subtest: sender: only the top-level frame of our window, loaded from our renderer file
ok 23 - sender: only the top-level frame of our window, loaded from our renderer file
  ---
  duration_ms: 1.304071
  type: 'test'
  ...
# Subtest: payload shapes: geometry, ids, input size, signals, dock bounds, unknown channels
ok 24 - payload shapes: geometry, ids, input size, signals, dock bounds, unknown channels
  ---
  duration_ms: 0.554797
  type: 'test'
  ...
# Subtest: ownership: a renderer can only address sessions it opened; teardown releases them
ok 25 - ownership: a renderer can only address sessions it opened; teardown releases them
  ---
  duration_ms: 1.423762
  type: 'test'
  ...
# Subtest: navigation policy: deny by default
ok 26 - navigation policy: deny by default
  ---
  duration_ms: 1.104203
  type: 'test'
  ...
# Subtest: policy unit: argv is rebuilt from validated parts only
ok 27 - policy unit: argv is rebuilt from validated parts only
  ---
  duration_ms: 70.970899
  type: 'test'
  ...
# Subtest: fabric status/topology/nodes/bundles render over the socket with host paths hidden
ok 28 - fabric status/topology/nodes/bundles render over the socket with host paths hidden
  ---
  duration_ms: 134.907212
  type: 'test'
  ...
# Subtest: each VM node executes a bundle through the WebSocket and returns a witness
ok 29 - each VM node executes a bundle through the WebSocket and returns a witness
  ---
  duration_ms: 1201.69037
  type: 'test'
  ...
# Subtest: fabric run: four nodes reach CROSS_NODE_DIFFERENTIAL_AGREEMENT over the socket; byte stream is lossless
ok 30 - fabric run: four nodes reach CROSS_NODE_DIFFERENTIAL_AGREEMENT over the socket; byte stream is lossless
  ---
  duration_ms: 1744.818368
  type: 'test'
  ...
# Subtest: denied: host-path options, unknown bundles, df use, build (operator-disabled), photon/browser absent
ok 31 - denied: host-path options, unknown bundles, df use, build (operator-disabled), photon/browser absent
  ---
  duration_ms: 70.636806
  type: 'test'
  ...
# Subtest: principal without the fabric capability has no fabric commands at all
ok 32 - principal without the fabric capability has no fabric commands at all
  ---
  duration_ms: 60.112779
  type: 'test'
  ...
# Subtest: Ctrl-C stops a running fabric job (exit 130) and the capacity slot is released
ok 33 - Ctrl-C stops a running fabric job (exit 130) and the capacity slot is released
  ---
  duration_ms: 1898.216782
  type: 'test'
  ...
# Subtest: N slots admit N holders; the next waits, then times out as busy; release admits it
ok 34 - N slots admit N holders; the next waits, then times out as busy; release admits it
  ---
  duration_ms: 329.367293
  type: 'test'
  ...
# Subtest: build is exclusive and never holds a partial set while waiting
ok 35 - build is exclusive and never holds a partial set while waiting
  ---
  duration_ms: 524.739253
  type: 'test'
  ...
# Subtest: abort while waiting rejects promptly; stale slot of a dead pid is reclaimed
ok 36 - abort while waiting rejects promptly; stale slot of a dead pid is reclaimed
  ---
  duration_ms: 110.05685
  type: 'test'
  ...
# Subtest: PORT: absent -> 10000; valid kept; malformed or out-of-range PRESENT value is an error, never defaulted
ok 37 - PORT: absent -> 10000; valid kept; malformed or out-of-range PRESENT value is an error, never defaulted
  ---
  duration_ms: 2.156773
  type: 'test'
  ...
# Subtest: bind address defaults to all interfaces; loopback-dev auth is refused off loopback; static-file needs a principals file
ok 38 - bind address defaults to all interfaces; loopback-dev auth is refused off loopback; static-file needs a principals file
  ---
  duration_ms: 0.663498
  type: 'test'
  ...
# Subtest: origins must be bare exact origins; booleans and integers are strict; dependent settings are checked
ok 39 - origins must be bare exact origins; booleans and integers are strict; dependent settings are checked
  ---
  duration_ms: 6.652696
  type: 'test'
  ...
# Subtest: public configuration is an explicit allowlist (no paths, files, limits internals or environment)
ok 40 - public configuration is an explicit allowlist (no paths, files, limits internals or environment)
  ---
  duration_ms: 0.309532
  type: 'test'
  ...
# Subtest: logger: single-line JSON, secret-like fields dropped, newlines neutralised, query strings removed from paths
ok 41 - logger: single-line JSON, secret-like fields dropped, newlines neutralised, query strings removed from paths
  ---
  duration_ms: 1.065385
  type: 'test'
  ...
# Subtest: vertical slice: hello -> open -> opened precedes output -> input -> output -> close -> single exit
ok 42 - vertical slice: hello -> open -> opened precedes output -> input -> output -> close -> single exit
  ---
  duration_ms: 314.052424
  type: 'test'
  ...
# Subtest: exit command -> session.exit{logout, code}; Ctrl-C signal; resize validation
ok 43 - exit command -> session.exit{logout, code}; Ctrl-C signal; resize validation
  ---
  duration_ms: 327.035794
  type: 'test'
  ...
# Subtest: health / live / config expose no secrets; health flips to 503 while draining
ok 44 - health / live / config expose no secrets; health flips to 503 while draining
  ---
  duration_ms: 137.105391
  type: 'test'
  ...
# Subtest: health stays responsive (< 250 ms) while a session streams bulk output and large inbound messages arrive
ok 45 - health stays responsive (< 250 ms) while a session streams bulk output and large inbound messages arrive
  ---
  duration_ms: 256.107148
  type: 'test'
  ...
# Subtest: handshake: 101 with subprotocol; wrong subprotocol/version/key/path are refused without upgrade
ok 46 - handshake: 101 with subprotocol; wrong subprotocol/version/key/path are refused without upgrade
  ---
  duration_ms: 82.794744
  type: 'test'
  ...
# Subtest: unmasked client frame -> 1002
ok 47 - unmasked client frame -> 1002
  ---
  duration_ms: 3003.28602
  type: 'test'
  ...
# Subtest: reserved bit -> 1002
ok 48 - reserved bit -> 1002
  ---
  duration_ms: 3003.459572
  type: 'test'
  ...
# Subtest: unknown opcode -> 1002
ok 49 - unknown opcode -> 1002
  ---
  duration_ms: 3004.096317
  type: 'test'
  ...
# Subtest: binary message with an unknown data kind -> application error, connection stays (binary is the v2 data plane)
ok 50 - binary message with an unknown data kind -> application error, connection stays (binary is the v2 data plane)
  ---
  duration_ms: 3.389665
  type: 'test'
  ...
# Subtest: invalid UTF-8 text -> 1007
ok 51 - invalid UTF-8 text -> 1007
  ---
  duration_ms: 3002.397087
  type: 'test'
  ...
# Subtest: declared 64-bit length over the cap -> 1009 from the header alone (no payload sent)
ok 52 - declared 64-bit length over the cap -> 1009 from the header alone (no payload sent)
  ---
  duration_ms: 3003.115386
  type: 'test'
  ...
# Subtest: fragmented message over the cap -> 1009 before buffering the offending fragment
ok 53 - fragmented message over the cap -> 1009 before buffering the offending fragment
  ---
  duration_ms: 3009.204245
  type: 'test'
  ...
# Subtest: continuation without start -> 1002; new text inside a fragmented message -> 1002
ok 54 - continuation without start -> 1002; new text inside a fragmented message -> 1002
  ---
  duration_ms: 6047.878051
  type: 'test'
  ...
# Subtest: fragmented control frame / oversize control -> 1002
ok 55 - fragmented control frame / oversize control -> 1002
  ---
  duration_ms: 6008.237579
  type: 'test'
  ...
# Subtest: ping is answered with an identical pong, interleaved inside a fragmented text message that still assembles
ok 56 - ping is answered with an identical pong, interleaved inside a fragmented text message that still assembles
  ---
  duration_ms: 47.663467
  type: 'test'
  ...
# Subtest: split UTF-8 character across fragments is reassembled before strict decoding
ok 57 - split UTF-8 character across fragments is reassembled before strict decoding
  ---
  duration_ms: 43.681286
  type: 'test'
  ...
# Subtest: stalled fragment assembly hits the deadline -> 1008
ok 58 - stalled fragment assembly hits the deadline -> 1008
  ---
  duration_ms: 3196.753785
  type: 'test'
  ...
# Subtest: close handshake: peer close is echoed with the same code; invalid close code -> 1002; 1-byte close payload -> 1002
ok 59 - close handshake: peer close is echoed with the same code; invalid close code -> 1002; 1-byte close payload -> 1002
  ---
  duration_ms: 6006.539802
  type: 'test'
  ...
# Subtest: data after our close is ignored; abrupt TCP loss releases the connection
ok 60 - data after our close is ignored; abrupt TCP loss releases the connection
  ---
  duration_ms: 3203.814238
  type: 'test'
  ...
# Subtest: byte-at-a-time delivery (split header + split body)
ok 61 - byte-at-a-time delivery (split header + split body)
  ---
  duration_ms: 3.222547
  type: 'test'
  ...
# Subtest: many records in one read
ok 62 - many records in one read
  ---
  duration_ms: 1.757582
  type: 'test'
  ...
# Subtest: zero-length and oversize are rejected from the header alone
ok 63 - zero-length and oversize are rejected from the header alone
  ---
  duration_ms: 0.343185
  type: 'test'
  ...
# Subtest: truncated record is distinguished from clean EOF
ok 64 - truncated record is distinguished from clean EOF
  ---
  duration_ms: 0.16323
  type: 'test'
  ...
# Subtest: unknown type / unknown property / wrong direction / duplicate key / bad utf8 rejected
ok 65 - unknown type / unknown property / wrong direction / duplicate key / bad utf8 rejected
  ---
  duration_ms: 0.85309
  type: 'test'
  ...
# Subtest: assembly deadline fires for a stalled partial record
ok 66 - assembly deadline fires for a stalled partial record
  ---
  duration_ms: 80.329072
  type: 'test'
  ...
# Subtest: decoder stops after a fatal error
ok 67 - decoder stops after a fatal error
  ---
  duration_ms: 0.595762
  type: 'test'
  ...
# Subtest: v2 valid control vectors are accepted (16); invalid (15) and raw-invalid (3) are rejected; wire size and UTF-8
ok 68 - v2 valid control vectors are accepted (16); invalid (15) and raw-invalid (3) are rejected; wire size and UTF-8
  ---
  duration_ms: 5.774594
  type: 'test'
  ...
# Subtest: strict JSON: nested duplicate key, __proto__, depth, trailing data, non-finite, leading zero
ok 69 - strict JSON: nested duplicate key, __proto__, depth, trailing data, non-finite, leading zero
  ---
  duration_ms: 0.558022
  type: 'test'
  ...
# Subtest: binary data frames: header round-trip for every uint48 boundary, no payload copy, caps and direction enforced
ok 70 - binary data frames: header round-trip for every uint48 boundary, no payload copy, caps and direction enforced
  ---
  duration_ms: 0.827312
  type: 'test'
  ...
# Subtest: base64 helpers still round-trip (used by the process backend bridge only)
ok 71 - base64 helpers still round-trip (used by the process backend bridge only)
  ---
  duration_ms: 4.170717
  type: 'test'
  ...
# Subtest: encode refuses invalid outbound envelopes
ok 72 - encode refuses invalid outbound envelopes
  ---
  duration_ms: 0.269822
  type: 'test'
  ...
# Subtest: kit fixtures: all 13 descriptor cases give the verdict the kit expects (parsed strictly, so 2^63 is refused rather than rounded)
ok 73 - kit fixtures: all 13 descriptor cases give the verdict the kit expects (parsed strictly, so 2^63 is refused rather than rounded)
  ---
  duration_ms: 5.196475
  type: 'test'
  ...
# Subtest: lifecycle: admit -> execute -> complete releases the lease exactly once; illegal transitions throw
ok 74 - lifecycle: admit -> execute -> complete releases the lease exactly once; illegal transitions throw
  ---
  duration_ms: 1.579461
  type: 'test'
  ...
# Subtest: Ownership/Validity: another principal, another session, stale epoch, stale plan (policy revoked), stale or foreign lease are all REJECTED with a reason
ok 75 - Ownership/Validity: another principal, another session, stale epoch, stale plan (policy revoked), stale or foreign lease are all REJECTED with a reason
  ---
  duration_ms: 0.845112
  type: 'test'
  ...
# Subtest: state gating and formats: input only while ACTIVE; resize carries no payload; extents must lie inside the live lease; budget must equal lease capacity
ok 76 - state gating and formats: input only while ACTIVE; resize carries no payload; extents must lie inside the live lease; budget must equal lease capacity
  ---
  duration_ms: 0.806259
  type: 'test'
  ...
# Subtest: plan identity changes with every bound input and refuses missing parts
ok 77 - plan identity changes with every bound input and refuses missing parts
  ---
  duration_ms: 0.290017
  type: 'test'
  ...
# Subtest: admission is all-or-nothing across session/tenant/global and names the refusing scope
ok 78 - admission is all-or-nothing across session/tenant/global and names the refusing scope
  ---
  duration_ms: 1.807503
  type: 'test'
  ...
# Subtest: leases: capacity (not logical length) is charged; bucket, session caps; exhaustion and oversize are refused before allocation
ok 79 - leases: capacity (not logical length) is charged; bucket, session caps; exhaustion and oversize are refused before allocation
  ---
  duration_ms: 0.662791
  type: 'test'
  ...
# Subtest: Lifetime: capacity returns only after the LAST consumer; duplicate release is counted, never refunded twice
ok 80 - Lifetime: capacity returns only after the LAST consumer; duplicate release is counted, never refunded twice
  ---
  duration_ms: 0.259366
  type: 'test'
  ...
# Subtest: Aliasing: a view adds a reference, not capacity; a non-physical capacity reservation adds quota but no physical bytes
ok 81 - Aliasing: a view adds a reference, not capacity; a non-physical capacity reservation adds quota but no physical bytes
  ---
  duration_ms: 0.232623
  type: 'test'
  ...
# Subtest: Validity: stale generation and foreign handles are refused and counted
ok 82 - Validity: stale generation and foreign handles are refused and counted
  ---
  duration_ms: 0.501724
  type: 'test'
  ...
# Subtest: close: refuses new leases at once, returns the admission reservation exactly once and only after in-flight leases settle
ok 83 - close: refuses new leases at once, returns the admission reservation exactly once and only after in-flight leases settle
  ---
  duration_ms: 0.3641
  type: 'test'
  ...
# Subtest: randomized acquire/retain/release/close never breaks reconciliation and ends at zero
ok 84 - randomized acquire/retain/release/close never breaks reconciliation and ends at zero
  ---
  duration_ms: 15.597194
  type: 'test'
  ...
# Subtest: slab pool: actual capacity >= request, idle retention capped and visible, zero-fill on return, double/foreign return counted, oversize refused
ok 85 - slab pool: actual capacity >= request, idle retention capped and visible, zero-fill on return, double/foreign return counted, oversize refused
  ---
  duration_ms: 0.592159
  type: 'test'
  ...
# Subtest: [thread] vertical slice: hello(epoch) -> open -> opened before output -> binary input/output -> executed ack -> close -> single exit; ledger returns to zero
ok 86 - [thread] vertical slice: hello(epoch) -> open -> opened before output -> binary input/output -> executed ack -> close -> single exit; ledger returns to zero
  ---
  duration_ms: 520.447089
  type: 'test'
  ...
# Subtest: [process] vertical slice: hello(epoch) -> open -> opened before output -> binary input/output -> executed ack -> close -> single exit; ledger returns to zero
ok 87 - [process] vertical slice: hello(epoch) -> open -> opened before output -> binary input/output -> executed ack -> close -> single exit; ledger returns to zero
  ---
  duration_ms: 389.134351
  type: 'test'
  ...
# Subtest: credits: the server never sends beyond the granted window; output resumes exactly on credit; violations close 1008
ok 88 - credits: the server never sends beyond the granted window; output resumes exactly on credit; violations close 1008
  ---
  duration_ms: 2182.233843
  type: 'test'
  ...
# Subtest: SESSION_RESET: a client presenting state from another epoch gets session.reset with OUTCOME_UNKNOWN (pending) or NO_PENDING_INPUT, then a fresh session; nothing is replayed
ok 89 - SESSION_RESET: a client presenting state from another epoch gets session.reset with OUTCOME_UNKNOWN (pending) or NO_PENDING_INPUT, then a fresh session; nothing is replayed
  ---
  duration_ms: 157.973517
  type: 'test'
  ...
# Subtest: binary data discipline: zero-length payload, unknown kind, output kind from the client, wrong seq, oversize input are rejected; a 8192-byte input is accepted in one message
ok 90 - binary data discipline: zero-length payload, unknown kind, output kind from the client, wrong seq, oversize input are rejected; a 8192-byte input is accepted in one message
  ---
  duration_ms: 104.38964
  type: 'test'
  ...
# Subtest: memory admission: sessions are refused (503 / LIMIT_EXCEEDED) when the ledger allowance is exhausted; no worker is created; capacity returns on close
ok 91 - memory admission: sessions are refused (503 / LIMIT_EXCEEDED) when the ledger allowance is exhausted; no worker is created; capacity returns on close
  ---
  duration_ms: 649.355571
  type: 'test'
  ...
#   \# heap cap UNENFORCED in this process (NODE_OPTIONS?) — process backend check instead
# Subtest: worker heap cap: a session that allocates without bound is ended with LIMIT_EXCEEDED/quota; the gateway and another tenant continue
ok 92 - worker heap cap: a session that allocates without bound is ended with LIMIT_EXCEEDED/quota; the gateway and another tenant continue
  ---
  duration_ms: 187.478585
  type: 'test'
  ...
# Subtest: no credential / wrong credential / malformed header -> 401 before upgrade
ok 93 - no credential / wrong credential / malformed header -> 401 before upgrade
  ---
  duration_ms: 76.843049
  type: 'test'
  ...
# Subtest: Origin: unlisted -> 403 even with a valid credential; listed origin + bearer header is NOT accepted (browser path needs a ticket)
ok 94 - Origin: unlisted -> 403 even with a valid credential; listed origin + bearer header is NOT accepted (browser path needs a ticket)
  ---
  duration_ms: 5.018781
  type: 'test'
  ...
# Subtest: ticket: issued only to an authenticated POST from an allowed origin; HttpOnly+SameSite=Strict+path-scoped; single use; origin-bound; expires
ok 95 - ticket: issued only to an authenticated POST from an allowed origin; HttpOnly+SameSite=Strict+path-scoped; single use; origin-bound; expires
  ---
  duration_ms: 334.218481
  type: 'test'
  ...
# Subtest: session ids authorize nothing: another connection cannot address a live sid; unknown and foreign sids are indistinguishable
ok 96 - session ids authorize nothing: another connection cannot address a live sid; unknown and foreign sids are indistinguishable
  ---
  duration_ms: 432.465352
  type: 'test'
  ...
# Subtest: stale epoch, replayed rid, duplicated input seq, client-forged server message, second session.open
ok 97 - stale epoch, replayed rid, duplicated input seq, client-forged server message, second session.open
  ---
  duration_ms: 267.998297
  type: 'test'
  ...
# Subtest: capacity: per-principal and global caps; refused before a worker is spawned; released on close
ok 98 - capacity: per-principal and global caps; refused before a worker is spawned; released on close
  ---
  duration_ms: 673.306614
  type: 'test'
  ...
# Subtest: revocation ends a live session; revoked token cannot reconnect
ok 99 - revocation ends a live session; revoked token cannot reconnect
  ---
  duration_ms: 141.814348
  type: 'test'
  ...
# Subtest: secrets and host details never reach the shell, the protocol, or the logs
ok 100 - secrets and host details never reach the shell, the protocol, or the logs
  ---
  duration_ms: 299.215867
  type: 'test'
  ...
# Subtest: terminal-escape and command-injection text is data: no host effect
ok 101 - terminal-escape and command-injection text is data: no host effect
  ---
  duration_ms: 58.443947
  type: 'test'
  ...
# Subtest: web client in Chromium: sign-in -> terminal -> commands -> fabric run -> reconnect as NEW session
ok 102 - web client in Chromium: sign-in -> terminal -> commands -> fabric run -> reconnect as NEW session
  ---
  duration_ms: 7961.402446
  type: 'test'
  ...
# Subtest: full-jitter backoff stays within [0, min(30 s, 0.5 s * 2^attempt)) and uses the supplied randomness
ok 103 - full-jitter backoff stays within [0, min(30 s, 0.5 s * 2^attempt)) and uses the supplied randomness
  ---
  duration_ms: 0.984807
  type: 'test'
  ...
# Subtest: binary input header writer agrees with the codec for boundary seqs
ok 104 - binary input header writer agrees with the codec for boundary seqs
  ---
  duration_ms: 1.639718
  type: 'test'
  ...
# Subtest: input chunking: <= limit per chunk, byte-exact reassembly even when a multi-byte character straddles chunks
ok 105 - input chunking: <= limit per chunk, byte-exact reassembly even when a multi-byte character straddles chunks
  ---
  duration_ms: 1.535501
  type: 'test'
  ...
# Subtest: geometry clamp: finite integers inside policy for any input
ok 106 - geometry clamp: finite integers inside policy for any input
  ---
  duration_ms: 0.222156
  type: 'test'
  ...
# Subtest: IPC adapter open barrier: output that overtakes the open reply is held, delivered in order after start(), never before
ok 107 - IPC adapter open barrier: output that overtakes the open reply is held, delivered in order after start(), never before
  ---
  duration_ms: 0.717752
  type: 'test'
  ...
# Subtest: holding queue is bounded and overflow is announced, not silent
ok 108 - holding queue is bounded and overflow is announced, not silent
  ---
  duration_ms: 0.296448
  type: 'test'
  ...
# Subtest: F06 unterminated OSC retention is bounded and a truncated string is never dispatched
ok 109 - F06 unterminated OSC retention is bounded and a truncated string is never dispatched
  ---
  duration_ms: 8.573701
  type: 'test'
  ...
# Subtest: F07 OSC: BEL and ESC \\ terminate; ESC + other byte aborts WITHOUT dispatch and the new sequence still executes
ok 110 - F07 OSC: BEL and ESC \\ terminate; ESC + other byte aborts WITHOUT dispatch and the new sequence still executes
  ---
  duration_ms: 0.960873
  type: 'test'
  ...
# Subtest: titles are capped and stripped of control characters; OSC 52/8 are not implemented
ok 111 - titles are capped and stripped of control characters; OSC 52/8 are not implemented
  ---
  duration_ms: 0.46081
  type: 'test'
  ...
# Subtest: hostile CSI counts terminate immediately (renderer DoS): 999999999 for @ P L M S T X
ok 112 - hostile CSI counts terminate immediately (renderer DoS): 999999999 for @ P L M S T X
  ---
  duration_ms: 5.516398
  type: 'test'
  ...
# Subtest: over-long CSI parameters / intermediates abort and recover; ESC inside CSI restarts; C0 executes inside CSI
ok 113 - over-long CSI parameters / intermediates abort and recover; ESC inside CSI restarts; C0 executes inside CSI
  ---
  duration_ms: 5.68387
  type: 'test'
  ...
# Subtest: parser state persists across arbitrary chunk boundaries (every split point of a mixed stream)
ok 114 - parser state persists across arbitrary chunk boundaries (every split point of a mixed stream)
  ---
  duration_ms: 8.822679
  type: 'test'
  ...
# Subtest: F08 scrollback bound holds on the resize path and the scroll path; total-cell budget holds for wide screens
ok 115 - F08 scrollback bound holds on the resize path and the scroll path; total-cell budget holds for wide screens
  ---
  duration_ms: 836.117213
  type: 'test'
  ...
# Subtest: geometry is clamped before allocation (constructor and resize)
ok 116 - geometry is clamped before allocation (constructor and resize)
  ---
  duration_ms: 11.177431
  type: 'test'
  ...
# Subtest: random byte soup never throws and never escapes bounds
ok 117 - random byte soup never throws and never escapes bounds
  ---
  duration_ms: 46.116116
  type: 'test'
  ...
# Subtest: F05 geometry: invalid open throws, invalid resize is refused and never stored
ok 118 - F05 geometry: invalid open throws, invalid resize is refused and never stored
  ---
  duration_ms: 4.581449
  type: 'test'
  ...
# Subtest: F04 close settles the active reader and emits exactly one exit
ok 119 - F04 close settles the active reader and emits exactly one exit
  ---
  duration_ms: 37.148005
  type: 'test'
  ...
# Subtest: close during a running command aborts it; still one exit; no late output
ok 120 - close during a running command aborts it; still one exit; no late output
  ---
  duration_ms: 88.223917
  type: 'test'
  ...
# Subtest: F10 open barrier: deferStart emits nothing until startSession
ok 121 - F10 open barrier: deferStart emits nothing until startSession
  ---
  duration_ms: 45.786509
  type: 'test'
  ...
# Subtest: exit command and Ctrl-D report logout once
ok 122 - exit command and Ctrl-D report logout once
  ---
  duration_ms: 91.39621
  type: 'test'
  ...
# Subtest: Ctrl-C at prompt, during command, and SIGINT signal are distinct and non-fatal
ok 123 - Ctrl-C at prompt, during command, and SIGINT signal are distinct and non-fatal
  ---
  duration_ms: 122.671155
  type: 'test'
  ...
# Subtest: type-ahead: pasted multi-line input executes every line in order
ok 124 - type-ahead: pasted multi-line input executes every line in order
  ---
  duration_ms: 96.943013
  type: 'test'
  ...
# Subtest: F17 bounds: capture limit, seq limit, regex length, input line length
ok 125 - F17 bounds: capture limit, seq limit, regex length, input line length
  ---
  duration_ms: 171.610244
  type: 'test'
  ...
# Subtest: VFS quota surfaces as a command error, not a crash
ok 126 - VFS quota surfaces as a command error, not a crash
  ---
  duration_ms: 126.042824
  type: 'test'
  ...
# Subtest: commandFilter removes commands from the registry
ok 127 - commandFilter removes commands from the registry
  ---
  duration_ms: 0.805152
  type: 'test'
  ...
1..127
# tests 127
# suites 0
# pass 127
# fail 0
# cancelled 0
# skipped 0
# todo 0
# duration_ms 94254.127381
