TAP version 13
# Subtest: real launcher issues hashed credential, authenticates local socket, and busy-port rotation leaves credential unchanged
not ok 1 - real launcher issues hashed credential, authenticates local socket, and busy-port rotation leaves credential unchanged
  ---
  duration_ms: 1472.762322
  type: 'test'
  location: '/mnt/data/UC240/vws/tests/ship/launcher.test.js:5:1'
  failureType: 'testCodeFailure'
  error: 'ws error Received network error or non-101 status code.'
  code: 'ERR_TEST_FAILURE'
  stack: |-
    WebSocket.<anonymous> (/mnt/data/UC240/vws/tests/helpers.js:42:139)
    [nodejs.internal.kHybridDispatch] (node:internal/event_target:827:20)
    WebSocket.dispatchEvent (node:internal/event_target:762:26)
    fireEvent (node:internal/deps/undici/undici:11663:14)
    failWebsocketConnection (node:internal/deps/undici/undici:11744:9)
    Object.processResponse (node:internal/deps/undici/undici:11958:13)
    node:internal/deps/undici/undici:10735:23
    node:internal/process/task_queues:151:7
    AsyncResource.runInAsyncScope (node:async_hooks:214:14)
    AsyncResource.runMicrotask (node:internal/process/task_queues:148:8)
  ...
1..1
# tests 1
# suites 0
# pass 0
# fail 1
# cancelled 0
# skipped 0
# todo 0
# duration_ms 7524.610918
