TAP version 13
# Subtest: C1 unit: a record cut in half by OUR pause does not trip the assembly deadline; a genuinely stalled peer still does
ok 1 - C1 unit: a record cut in half by OUR pause does not trip the assembly deadline; a genuinely stalled peer still does
  ---
  duration_ms: 354.459475
  type: 'test'
  ...
# Subtest: C1 e2e: a consumer slower than the bridge assembly deadline keeps its session and later receives everything, gap-free
ok 2 - C1 e2e: a consumer slower than the bridge assembly deadline keeps its session and later receives everything, gap-free
  ---
  duration_ms: 2325.519976
  type: 'test'
  ...
# Subtest: S5: a consumer that never catches up is ended with an explicit quota exit after the pause budget
ok 3 - S5: a consumer that never catches up is ended with an explicit quota exit after the pause budget
  ---
  duration_ms: 1037.500297
  type: 'test'
  ...
# Subtest: S1: with open loopback-dev identity, a non-loopback Host (DNS rebinding) is refused on every route
ok 4 - S1: with open loopback-dev identity, a non-loopback Host (DNS rebinding) is refused on every route
  ---
  duration_ms: 34.620447
  type: 'test'
  ...
# Subtest: S3: one principal cannot hold every connection slot; others are still admitted
ok 5 - S3: one principal cannot hold every connection slot; others are still admitted
  ---
  duration_ms: 3184.972808
  type: 'test'
  ...
# Subtest: S2: failed ticket attempts are limited per address without blocking a valid principal
ok 6 - S2: failed ticket attempts are limited per address without blocking a valid principal
  ---
  duration_ms: 72.620185
  type: 'test'
  ...
# Subtest: S4: a ping flood is closed 1008
ok 7 - S4: a ping flood is closed 1008
  ---
  duration_ms: 35.110361
  type: 'test'
  ...
# Subtest: S7: a malformed notAfter rejects the principals file (never fail-open); removing a capability ends sessions that hold it
ok 8 - S7: a malformed notAfter rejects the principals file (never fail-open); removing a capability ends sessions that hold it
  ---
  duration_ms: 107.411494
  type: 'test'
  ...
# Subtest: S9: aliases named after Object.prototype members are ordinary keys; Tab completion on them does not end the session
ok 9 - S9: aliases named after Object.prototype members are ordinary keys; Tab completion on them does not end the session
  ---
  duration_ms: 370.990842
  type: 'test'
  ...
# Subtest: R2-1 (thread backend): a credit-starved session with a huge multi-command line cannot grow gateway memory outside the ledger
ok 10 - R2-1 (thread backend): a credit-starved session with a huge multi-command line cannot grow gateway memory outside the ledger
  ---
  duration_ms: 4072.232023
  type: 'test'
  ...
# Subtest: R2-2: undelivered output is counted on abrupt close and on discard
ok 11 - R2-2: undelivered output is counted on abrupt close and on discard
  ---
  duration_ms: 1469.871239
  type: 'test'
  ...
1..11
# tests 11
# suites 0
# pass 11
# fail 0
# cancelled 0
# skipped 0
# todo 0
# duration_ms 13139.653829
