TAP version 13
# Subtest: [thread] vertical slice: hello(epoch) -> open -> opened before output -> binary input/output -> executed ack -> close -> single exit; ledger returns to zero
ok 1 - [thread] vertical slice: hello(epoch) -> open -> opened before output -> binary input/output -> executed ack -> close -> single exit; ledger returns to zero
  ---
  duration_ms: 439.391964
  type: 'test'
  ...
# Subtest: [process] vertical slice: hello(epoch) -> open -> opened before output -> binary input/output -> executed ack -> close -> single exit; ledger returns to zero
ok 2 - [process] vertical slice: hello(epoch) -> open -> opened before output -> binary input/output -> executed ack -> close -> single exit; ledger returns to zero
  ---
  duration_ms: 375.039199
  type: 'test'
  ...
# Subtest: credits: the server never sends beyond the granted window; output resumes exactly on credit; violations close 1008
ok 3 - credits: the server never sends beyond the granted window; output resumes exactly on credit; violations close 1008
  ---
  duration_ms: 2118.309514
  type: 'test'
  ...
# Subtest: SESSION_RESET: a client presenting state from another epoch gets session.reset with OUTCOME_UNKNOWN (pending) or NO_PENDING_INPUT, then a fresh session; nothing is replayed
ok 4 - SESSION_RESET: a client presenting state from another epoch gets session.reset with OUTCOME_UNKNOWN (pending) or NO_PENDING_INPUT, then a fresh session; nothing is replayed
  ---
  duration_ms: 115.383962
  type: 'test'
  ...
# Subtest: binary data discipline: zero-length payload, unknown kind, output kind from the client, wrong seq, oversize input are rejected; a 8192-byte input is accepted in one message
ok 5 - binary data discipline: zero-length payload, unknown kind, output kind from the client, wrong seq, oversize input are rejected; a 8192-byte input is accepted in one message
  ---
  duration_ms: 78.228392
  type: 'test'
  ...
# Subtest: memory admission: sessions are refused (503 / LIMIT_EXCEEDED) when the ledger allowance is exhausted; no worker is created; capacity returns on close
ok 6 - memory admission: sessions are refused (503 / LIMIT_EXCEEDED) when the ledger allowance is exhausted; no worker is created; capacity returns on close
  ---
  duration_ms: 587.860216
  type: 'test'
  ...
# Subtest: worker heap cap: a session that allocates without bound is ended with LIMIT_EXCEEDED/quota; the gateway and another tenant continue
not ok 7 - worker heap cap: a session that allocates without bound is ended with LIMIT_EXCEEDED/quota; the gateway and another tenant continue
  ---
  duration_ms: 60148.103472
  type: 'test'
  location: '/mnt/data/UC240/vws/tests/ram/v2-e2e.test.js:97:1'
  failureType: 'testCodeFailure'
  error: 'timeout waiting for bounded by something; last=[{"v":2,"type":"heartbeat.ping","rid":"IyulB_CHZ2UH-S48","payload":{"nonce":"uY-sSWijcSmO-Hfz"}},{"v":2,"type":"heartbeat.ping","rid":"WBbRLnm4nE7gwgCr","payload":{"nonce":"viZ5liuI3nt8E65S"}},{"v":2,"type":"heartbeat.ping","rid":"XugMmIC_Z6BcvJ86","payload":{"nonce":"ZlaVK1K_MP6Ebuqs"}}] closed=null outputs=9'
  code: 'ERR_TEST_FAILURE'
  stack: |-
    Client.until (/mnt/data/UC240/vws/tests/helpers.js:68:35)
    async TestContext.<anonymous> (/mnt/data/UC240/vws/tests/ram/v2-e2e.test.js:110:5)
    async Test.run (node:internal/test_runner/test:1054:7)
    async Test.processPendingSubtests (node:internal/test_runner/test:744:7)
  ...
1..7
# tests 7
# suites 0
# pass 6
# fail 1
# cancelled 0
# skipped 0
# todo 0
# duration_ms 63926.834402
