{
 "wheel": "pln05_elasticity_plane-4.2.0-py3-none-any.whl",
 "sdist": "pln05-elasticity-plane-4.2.0.tar.gz",
 "subjects": {
  "pln05_elasticity_plane-4.2.0-py3-none-any.whl": "55f4f69c2c4a2b4adef060f4492fe9af83a41ffd4b44f9a4e292603f6c2a8541",
  "pln05-elasticity-plane-4.2.0.tar.gz": "947bb3e686909b2ecb463bc2b296de3a27aa3a7203ac122b691c2325a57f457f"
 },
 "build_info": {
  "package": "pln05-elasticity-plane",
  "version": "4.2.0",
  "source_revision": "d86932c50acc047a9e3e2b7399082f1211243596",
  "build_id": "4.2.0+gd86932c50acc",
  "source_date_epoch": 1790181831
 }
}

---
{
 "wheel": "pln05_elasticity_plane-4.2.0-py3-none-any.whl",
 "sdist": "pln05-elasticity-plane-4.2.0.tar.gz",
 "subjects": {
  "pln05_elasticity_plane-4.2.0-py3-none-any.whl": "55f4f69c2c4a2b4adef060f4492fe9af83a41ffd4b44f9a4e292603f6c2a8541",
  "pln05-elasticity-plane-4.2.0.tar.gz": "947bb3e686909b2ecb463bc2b296de3a27aa3a7203ac122b691c2325a57f457f"
 },
 "build_info": {
  "package": "pln05-elasticity-plane",
  "version": "4.2.0",
  "source_revision": "d86932c50acc047a9e3e2b7399082f1211243596",
  "build_id": "4.2.0+gd86932c50acc",
  "source_date_epoch": 1790181831
 }
}
