test_archive_bad_path_0 (tests.test_hardening.Archives.test_archive_bad_path_0) ... ok
test_archive_bad_path_1 (tests.test_hardening.Archives.test_archive_bad_path_1) ... ok
test_archive_bad_path_2 (tests.test_hardening.Archives.test_archive_bad_path_2) ... ok
test_archive_bad_path_3 (tests.test_hardening.Archives.test_archive_bad_path_3) ... ok
test_archive_bad_path_4 (tests.test_hardening.Archives.test_archive_bad_path_4) ... ok
test_archive_bad_path_5 (tests.test_hardening.Archives.test_archive_bad_path_5) ... ok
test_case_preserved (tests.test_hardening.Archives.test_case_preserved) ... ok
test_count_limit (tests.test_hardening.Archives.test_count_limit) ... ok
test_duplicate (tests.test_hardening.Archives.test_duplicate) ... ok
test_encrypted_member (tests.test_hardening.Archives.test_encrypted_member) ... ok
test_fifo (tests.test_hardening.Archives.test_fifo) ... ok
test_file_directory_conflict (tests.test_hardening.Archives.test_file_directory_conflict) ... ok
test_member_limit (tests.test_hardening.Archives.test_member_limit) ... ok
test_multiple_roots_preserved (tests.test_hardening.Archives.test_multiple_roots_preserved) ... ok
test_normal (tests.test_hardening.Archives.test_normal) ... ok
test_null_name (tests.test_hardening.Archives.test_null_name) ... ok
test_preflight_writes_nothing (tests.test_hardening.Archives.test_preflight_writes_nothing) ... ok
test_ratio_limit (tests.test_hardening.Archives.test_ratio_limit) ... ok
test_symlink (tests.test_hardening.Archives.test_symlink) ... ok
test_total_limit (tests.test_hardening.Archives.test_total_limit) ... ok
test_atomic_json_utf8 (tests.test_hardening.AtomicAndLock.test_atomic_json_utf8) ... ok
test_atomic_write (tests.test_hardening.AtomicAndLock.test_atomic_write) ... ok
test_lock_release_after_exception (tests.test_hardening.AtomicAndLock.test_lock_release_after_exception) ... ok
test_nested_lock (tests.test_hardening.AtomicAndLock.test_nested_lock) ... ok
test_replace_failure_preserves (tests.test_hardening.AtomicAndLock.test_replace_failure_preserves) ... ok
test_second_process_is_blocked (tests.test_hardening.AtomicAndLock.test_second_process_is_blocked) ... ok
test_bad_name_exit (tests.test_hardening.CLI.test_bad_name_exit) ... ok
test_inf_interval_exit (tests.test_hardening.CLI.test_inf_interval_exit) ... ok
test_interruption (tests.test_hardening.CLI.test_interruption) ... ok
test_nan_interval_exit (tests.test_hardening.CLI.test_nan_interval_exit) ... ok
test_negative_ticks_exit (tests.test_hardening.CLI.test_negative_ticks_exit) ... ok
test_programs_whitelist (tests.test_hardening.CLI.test_programs_whitelist) ... ok
test_scale_bound (tests.test_hardening.CLI.test_scale_bound) ... ok
test_sort_path_traversal_rejected_before_bind (tests.test_hardening.CLI.test_sort_path_traversal_rejected_before_bind) ... ok
test_step_limit (tests.test_hardening.CLI.test_step_limit) ... ok
test_uncaught_error_has_log (tests.test_hardening.CLI.test_uncaught_error_has_log) ... ok
test_version (tests.test_hardening.CLI.test_version) ... ok
test_zero_ticks_exit (tests.test_hardening.CLI.test_zero_ticks_exit) ... ok
test_changed_bytes (tests.test_hardening.Integrity.test_changed_bytes) ... ok
test_duplicate_sum (tests.test_hardening.Integrity.test_duplicate_sum) ... ok
test_escape_sum (tests.test_hardening.Integrity.test_escape_sum) ... ok
test_hold_missing_pin (tests.test_hardening.Integrity.test_hold_missing_pin) ... ok
test_hold_missing_pin_blocks_extraction (tests.test_hardening.Integrity.test_hold_missing_pin_blocks_extraction) ... ok
test_last_berth_reseal (tests.test_hardening.Integrity.test_last_berth_reseal) ... ok
test_malformed_sum (tests.test_hardening.Integrity.test_malformed_sum) ... ok
test_manifest_bool_size (tests.test_hardening.Integrity.test_manifest_bool_size) ... ok
test_manifest_count (tests.test_hardening.Integrity.test_manifest_count) ... ok
test_manifest_duplicate (tests.test_hardening.Integrity.test_manifest_duplicate) ... ok
test_manifest_escape (tests.test_hardening.Integrity.test_manifest_escape) ... ok
test_manifest_total (tests.test_hardening.Integrity.test_manifest_total) ... ok
test_missing (tests.test_hardening.Integrity.test_missing) ... ok
test_unbound (tests.test_hardening.Integrity.test_unbound) ... ok
test_valid_manifest (tests.test_hardening.Integrity.test_valid_manifest) ... ok
test_valid_sums (tests.test_hardening.Integrity.test_valid_sums) ... ok
test_case_collision (tests.test_hardening.Lifecycle.test_case_collision) ... ok
test_commit_failure_rolls_back (tests.test_hardening.Lifecycle.test_commit_failure_rolls_back) ... ok
test_directory_symlink_rejected (tests.test_hardening.Lifecycle.test_directory_symlink_rejected) ... ok
test_failed_final_journal_is_retained (tests.test_hardening.Lifecycle.test_failed_final_journal_is_retained) ... ok
test_refuse_replace_without_flag (tests.test_hardening.Lifecycle.test_refuse_replace_without_flag) ... ok
test_replace_keeps_backup (tests.test_hardening.Lifecycle.test_replace_keeps_backup) ... ok
test_replace_missing_preserves_old (tests.test_hardening.Lifecycle.test_replace_missing_preserves_old) ... ok
test_stage_exception_preserves_old (tests.test_hardening.Lifecycle.test_stage_exception_preserves_old) ... ok
test_unload_recoverable (tests.test_hardening.Lifecycle.test_unload_recoverable) ... ok
test_unload_traversal_preserves_outside (tests.test_hardening.Lifecycle.test_unload_traversal_preserves_outside) ... ok
test_alias_is_deterministic (tests.test_hardening.Names.test_alias_is_deterministic) ... ok
test_alias_unsafe_extension_removed (tests.test_hardening.Names.test_alias_unsafe_extension_removed) ... ok
test_face_name_bounded (tests.test_hardening.Names.test_face_name_bounded) ... ok
test_normal_names (tests.test_hardening.Names.test_normal_names) ... ok
test_path_with_spaces (tests.test_hardening.Names.test_path_with_spaces) ... ok
test_portable_case (tests.test_hardening.Names.test_portable_case) ... ok
test_rejected_name_00 (tests.test_hardening.Names.test_rejected_name_00) ... ok
test_rejected_name_01 (tests.test_hardening.Names.test_rejected_name_01) ... ok
test_rejected_name_02 (tests.test_hardening.Names.test_rejected_name_02) ... ok
test_rejected_name_03 (tests.test_hardening.Names.test_rejected_name_03) ... ok
test_rejected_name_04 (tests.test_hardening.Names.test_rejected_name_04) ... ok
test_rejected_name_05 (tests.test_hardening.Names.test_rejected_name_05) ... ok
test_rejected_name_06 (tests.test_hardening.Names.test_rejected_name_06) ... ok
test_rejected_name_07 (tests.test_hardening.Names.test_rejected_name_07) ... ok
test_rejected_name_08 (tests.test_hardening.Names.test_rejected_name_08) ... ok
test_rejected_name_09 (tests.test_hardening.Names.test_rejected_name_09) ... ok
test_rejected_name_10 (tests.test_hardening.Names.test_rejected_name_10) ... ok
test_rejected_name_11 (tests.test_hardening.Names.test_rejected_name_11) ... ok
test_rejected_name_12 (tests.test_hardening.Names.test_rejected_name_12) ... ok
test_rejected_name_13 (tests.test_hardening.Names.test_rejected_name_13) ... ok
test_rejected_name_14 (tests.test_hardening.Names.test_rejected_name_14) ... ok
test_rejected_path_00 (tests.test_hardening.Names.test_rejected_path_00) ... ok
test_rejected_path_01 (tests.test_hardening.Names.test_rejected_path_01) ... ok
test_rejected_path_02 (tests.test_hardening.Names.test_rejected_path_02) ... ok
test_rejected_path_03 (tests.test_hardening.Names.test_rejected_path_03) ... ok
test_rejected_path_04 (tests.test_hardening.Names.test_rejected_path_04) ... ok
test_rejected_path_05 (tests.test_hardening.Names.test_rejected_path_05) ... ok
test_rejected_path_06 (tests.test_hardening.Names.test_rejected_path_06) ... ok
test_rejected_path_07 (tests.test_hardening.Names.test_rejected_path_07) ... ok
test_rejected_path_08 (tests.test_hardening.Names.test_rejected_path_08) ... ok
test_rejected_path_09 (tests.test_hardening.Names.test_rejected_path_09) ... ok
test_rejected_path_10 (tests.test_hardening.Names.test_rejected_path_10) ... ok
test_rejected_path_11 (tests.test_hardening.Names.test_rejected_path_11) ... ok
test_rejected_path_12 (tests.test_hardening.Names.test_rejected_path_12) ... ok
test_root_symlink (tests.test_hardening.Names.test_root_symlink) ... ok
test_safe_path (tests.test_hardening.Names.test_safe_path) ... ok
test_symlink_component (tests.test_hardening.Names.test_symlink_component) ... ok
test_unicode_normalization (tests.test_hardening.Names.test_unicode_normalization) ... ok
test_bad_paint_tile (tests.test_hardening.TIFF.test_bad_paint_tile) ... ok
test_bad_paint_word (tests.test_hardening.TIFF.test_bad_paint_word) ... ok
test_file_size_budget (tests.test_hardening.TIFF.test_file_size_budget) ... ok
test_png_not_tiff (tests.test_hardening.TIFF.test_png_not_tiff) ... ok
test_wrong_geometry (tests.test_hardening.TIFF.test_wrong_geometry) ... ok

----------------------------------------------------------------------
Ran 107 tests in 1.597s

OK
elapsed=0:02.34 maxrss=101036KB
