test_commit_failure_does_not_publish_success (tests.test_foundation.CommitReportBarrier.test_commit_failure_does_not_publish_success) ... ok
test_failed_report_publish_cannot_undo_commit (tests.test_foundation.CommitReportBarrier.test_failed_report_publish_cannot_undo_commit) ... ok
test_failure_report_is_explicitly_rolled_back (tests.test_foundation.CommitReportBarrier.test_failure_report_is_explicitly_rolled_back) ... ok
test_finish_checks_legal_predecessor (tests.test_foundation.CommitReportBarrier.test_finish_checks_legal_predecessor) ... ok
test_output_cannot_overwrite_control (tests.test_foundation.CommitReportBarrier.test_output_cannot_overwrite_control) ... ok
test_output_cannot_overwrite_source (tests.test_foundation.CommitReportBarrier.test_output_cannot_overwrite_source) ... ok
test_report_published_after_commit (tests.test_foundation.CommitReportBarrier.test_report_published_after_commit) ... ok
test_bool_generation (tests.test_foundation.ContractTests.test_bool_generation) ... ok
test_different_assurance_fields (tests.test_foundation.ContractTests.test_different_assurance_fields) ... ok
test_duplicate_cap (tests.test_foundation.ContractTests.test_duplicate_cap) ... ok
test_large_generation (tests.test_foundation.ContractTests.test_large_generation) ... ok
test_no_false_network_guarantee (tests.test_foundation.ContractTests.test_no_false_network_guarantee) ... ok
test_stronger_backend_refused (tests.test_foundation.ContractTests.test_stronger_backend_refused) ... ok
test_unknown_field (tests.test_foundation.ContractTests.test_unknown_field) ... ok
test_unknown_operation (tests.test_foundation.ContractTests.test_unknown_operation) ... ok
test_unsupported_cap (tests.test_foundation.ContractTests.test_unsupported_cap) ... ok
test_valid (tests.test_foundation.ContractTests.test_valid) ... ok
test_version (tests.test_foundation.ContractTests.test_version) ... ok
test_copy_enforces_byte_limit_during_read (tests.test_foundation.ExtraInputGuards.test_copy_enforces_byte_limit_during_read) ... ok
test_isolation_wrong_type (tests.test_foundation.ExtraInputGuards.test_isolation_wrong_type) ... ok
test_operation_wrong_type (tests.test_foundation.ExtraInputGuards.test_operation_wrong_type) ... ok
test_read_refuses_nonobject_journal (tests.test_foundation.ExtraInputGuards.test_read_refuses_nonobject_journal) ... ok
test_resource_wrong_type (tests.test_foundation.ExtraInputGuards.test_resource_wrong_type) ... ok
test_subprocess_env_is_explicit (tests.test_foundation.ExtraInputGuards.test_subprocess_env_is_explicit) ... ok
test_bad_digest (tests.test_foundation.GraphTests.test_bad_digest) ... ok
test_cycle (tests.test_foundation.GraphTests.test_cycle) ... ok
test_dependency_order (tests.test_foundation.GraphTests.test_dependency_order) ... ok
test_duplicate_edge (tests.test_foundation.GraphTests.test_duplicate_edge) ... ok
test_duplicate_node (tests.test_foundation.GraphTests.test_duplicate_node) ... ok
test_exact_invalidation (tests.test_foundation.GraphTests.test_exact_invalidation) ... ok
test_long_acyclic_graph_no_recursion (tests.test_foundation.GraphTests.test_long_acyclic_graph_no_recursion) ... ok
test_missing (tests.test_foundation.GraphTests.test_missing) ... ok
test_unaffected (tests.test_foundation.GraphTests.test_unaffected) ... ok
test_unknown_changed (tests.test_foundation.GraphTests.test_unknown_changed) ... ok
test_unknown_fields (tests.test_foundation.GraphTests.test_unknown_fields) ... ok
test_unknown_kind (tests.test_foundation.GraphTests.test_unknown_kind) ... ok
test_completed_result_cannot_replay (tests.test_foundation.Lifecycle.test_completed_result_cannot_replay) ... ok
test_event_budget_rolls_back_state (tests.test_foundation.Lifecycle.test_event_budget_rolls_back_state) ... ok
test_failure_records_no_running (tests.test_foundation.Lifecycle.test_failure_records_no_running) ... ok
test_generated_legal_and_illegal_sequences (tests.test_foundation.Lifecycle.test_generated_legal_and_illegal_sequences) ... ok
test_generation_monotonic (tests.test_foundation.Lifecycle.test_generation_monotonic) ... ok
test_identity_survives_reopen (tests.test_foundation.Lifecycle.test_identity_survives_reopen) ... ok
test_illegal_transition_rejected (tests.test_foundation.Lifecycle.test_illegal_transition_rejected) ... ok
test_overlapping_operation_refused (tests.test_foundation.Lifecycle.test_overlapping_operation_refused) ... ok
test_read_empty_does_not_create_database (tests.test_foundation.Lifecycle.test_read_empty_does_not_create_database) ... ok
test_ready_not_assumed_from_completion (tests.test_foundation.Lifecycle.test_ready_not_assumed_from_completion) ... ok
test_stale_begin_refused (tests.test_foundation.Lifecycle.test_stale_begin_refused) ... ok
test_stale_result_refused (tests.test_foundation.Lifecycle.test_stale_result_refused) ... ok
test_transition_requires_reason (tests.test_foundation.Lifecycle.test_transition_requires_reason) ... ok
test_unknown_database_version (tests.test_foundation.Lifecycle.test_unknown_database_version) ... ok
test_capabilities_machine_output (tests.test_foundation.NewCLI.test_capabilities_machine_output) ... ok
test_contract_boot_not_executed (tests.test_foundation.NewCLI.test_contract_boot_not_executed) ... ok
test_contract_duplicate_input (tests.test_foundation.NewCLI.test_contract_duplicate_input) ... ok
test_empty_lifecycle (tests.test_foundation.NewCLI.test_empty_lifecycle) ... ok
test_hypervisor_required_blocks_before_run (tests.test_foundation.NewCLI.test_hypervisor_required_blocks_before_run) ... ok
test_nonfinite_refusal_is_valid_json (tests.test_foundation.NewCLI.test_nonfinite_refusal_is_valid_json) ... ok
test_recover_unknown_id (tests.test_foundation.NewCLI.test_recover_unknown_id) ... ok
test_stale_generation_blocks_before_run (tests.test_foundation.NewCLI.test_stale_generation_blocks_before_run) ... ok
test_atomic_publish_failure_not_partial (tests.test_foundation.Objects.test_atomic_publish_failure_not_partial) ... ok
test_capacity_before_write (tests.test_foundation.Objects.test_capacity_before_write) ... ok
test_dedupe_no_overwrite (tests.test_foundation.Objects.test_dedupe_no_overwrite) ... ok
test_invalid_id (tests.test_foundation.Objects.test_invalid_id) ... ok
test_link_refused (tests.test_foundation.Objects.test_link_refused) ... ok
test_publish_and_verify (tests.test_foundation.Objects.test_publish_and_verify) ... ok
test_tamper_refused (tests.test_foundation.Objects.test_tamper_refused) ... ok
test_tampered_existing_not_overwritten (tests.test_foundation.Objects.test_tampered_existing_not_overwritten) ... ok
test_byte_bound (tests.test_foundation.StrictJSON.test_byte_bound) ... ok
test_canonical_not_lossy_unicode_normalization (tests.test_foundation.StrictJSON.test_canonical_not_lossy_unicode_normalization) ... ok
test_canonical_order (tests.test_foundation.StrictJSON.test_canonical_order) ... ok
test_canonical_order_property (tests.test_foundation.StrictJSON.test_canonical_order_property) ... ok
test_canonical_rejects_float (tests.test_foundation.StrictJSON.test_canonical_rejects_float) ... ok
test_canonical_rejects_nonstring_key (tests.test_foundation.StrictJSON.test_canonical_rejects_nonstring_key) ... ok
test_decode_override_rejected (tests.test_foundation.StrictJSON.test_decode_override_rejected) ... ok
test_depth_inside_strings_not_counted (tests.test_foundation.StrictJSON.test_depth_inside_strings_not_counted) ... ok
test_read_limit (tests.test_foundation.StrictJSON.test_read_limit) ... ok
test_refuse_bad_syntax (tests.test_foundation.StrictJSON.test_refuse_bad_syntax) ... ok
test_refuse_bad_utf8 (tests.test_foundation.StrictJSON.test_refuse_bad_utf8) ... ok
test_refuse_duplicate_nested (tests.test_foundation.StrictJSON.test_refuse_duplicate_nested) ... ok
test_refuse_duplicate_top (tests.test_foundation.StrictJSON.test_refuse_duplicate_top) ... ok
test_refuse_escaped_duplicate (tests.test_foundation.StrictJSON.test_refuse_escaped_duplicate) ... ok
test_refuse_exponent_overflow (tests.test_foundation.StrictJSON.test_refuse_exponent_overflow) ... ok
test_refuse_huge_integer (tests.test_foundation.StrictJSON.test_refuse_huge_integer) ... ok
test_refuse_inf (tests.test_foundation.StrictJSON.test_refuse_inf) ... ok
test_refuse_leading_zero (tests.test_foundation.StrictJSON.test_refuse_leading_zero) ... ok
test_refuse_nan (tests.test_foundation.StrictJSON.test_refuse_nan) ... ok
test_refuse_negative_inf (tests.test_foundation.StrictJSON.test_refuse_negative_inf) ... ok
test_refuse_surrogate (tests.test_foundation.StrictJSON.test_refuse_surrogate) ... ok
test_refuse_too_deep (tests.test_foundation.StrictJSON.test_refuse_too_deep) ... ok
test_refuse_trailing_comma (tests.test_foundation.StrictJSON.test_refuse_trailing_comma) ... ok
test_refuse_trailing_content (tests.test_foundation.StrictJSON.test_refuse_trailing_content) ... ok
test_refuse_truncated (tests.test_foundation.StrictJSON.test_refuse_truncated) ... ok
test_refuse_utf8_bom (tests.test_foundation.StrictJSON.test_refuse_utf8_bom) ... ok
test_unknown_python_object_not_stringified_canonical (tests.test_foundation.StrictJSON.test_unknown_python_object_not_stringified_canonical) ... ok
test_valid_roundtrip (tests.test_foundation.StrictJSON.test_valid_roundtrip) ... ok
test_descendant_cannot_write_after_timeout (tests.test_foundation.Supervisor.test_descendant_cannot_write_after_timeout) ... 