test_flags (tests.test_platform_services.ConfigTests.test_flags) ... ok
test_flags_reject_nonbool (tests.test_platform_services.ConfigTests.test_flags_reject_nonbool) ... ok
test_quotas (tests.test_platform_services.ConfigTests.test_quotas) ... ok
test_unknown_quota (tests.test_platform_services.ConfigTests.test_unknown_quota) ... ok
test_audit_chain_and_tamper (tests.test_platform_services.EventAndAuditTests.test_audit_chain_and_tamper) ... ok
test_event_limits (tests.test_platform_services.EventAndAuditTests.test_event_limits) ... ok
test_event_order_and_subscriber_isolation (tests.test_platform_services.EventAndAuditTests.test_event_order_and_subscriber_isolation) ... ok
test_compatibility_is_conservative (tests.test_platform_services.HardwareTests.test_compatibility_is_conservative) ... ok
test_shape (tests.test_platform_services.HardwareTests.test_shape) ... ok
test_ready (tests.test_platform_services.HealthTests.test_ready) ... ok
test_counter_gauge (tests.test_platform_services.MetricTests.test_counter_gauge) ... ok
test_invalid (tests.test_platform_services.MetricTests.test_invalid) ... ok
test_backpressure (tests.test_platform_services.QueueTests.test_backpressure) ... ok
test_priority_and_duplicate (tests.test_platform_services.QueueTests.test_priority_and_duplicate) ... ok
test_capacity (tests.test_platform_services.TraceAndCapacityTests.test_capacity) ... ok
test_retention (tests.test_platform_services.TraceAndCapacityTests.test_retention) ... ok
test_structured_log (tests.test_platform_services.TraceAndCapacityTests.test_structured_log) ... ok
test_trace (tests.test_platform_services.TraceAndCapacityTests.test_trace) ... ok
test_trace_bad_parent (tests.test_platform_services.TraceAndCapacityTests.test_trace_bad_parent) ... ok

----------------------------------------------------------------------
Ran 19 tests in 0.006s

OK
elapsed=0:00.73 maxrss=96808KB
