test_benchmark_counts (tests.test_onebit.AccountingTests.test_benchmark_counts) ... ok
test_controller_byte_accounting (tests.test_onebit.AccountingTests.test_controller_byte_accounting) ... ok
test_effective_bits_near_one_for_large_block (tests.test_onebit.AccountingTests.test_effective_bits_near_one_for_large_block) ... ok
test_large_block_compresses_vs_fp32 (tests.test_onebit.AccountingTests.test_large_block_compresses_vs_fp32) ... ok
test_small_block_header_overhead_visible (tests.test_onebit.AccountingTests.test_small_block_header_overhead_visible) ... ok
test_config_validation (tests.test_onebit.AdaptiveControlTests.test_config_validation) ... ok
test_metrics_account_state_memory (tests.test_onebit.AdaptiveControlTests.test_metrics_account_state_memory) ... ok
test_momentum_high_precision (tests.test_onebit.AdaptiveControlTests.test_momentum_high_precision) ... ok
test_scale_lower_upper_bounds (tests.test_onebit.AdaptiveControlTests.test_scale_lower_upper_bounds) ... ok
test_scale_step_limiter (tests.test_onebit.AdaptiveControlTests.test_scale_step_limiter) ... ok
test_memory_backend (tests.test_onebit.BackendAndTIFFTests.test_memory_backend) ... ok
test_memory_backpressure (tests.test_onebit.BackendAndTIFFTests.test_memory_backpressure) ... ok
test_memory_rejects_bad_packet (tests.test_onebit.BackendAndTIFFTests.test_memory_rejects_bad_packet) ... ok
test_real_tiff_slot_roundtrip (tests.test_onebit.BackendAndTIFFTests.test_real_tiff_slot_roundtrip) ... ok
test_tiff_capacity_boundary (tests.test_onebit.BackendAndTIFFTests.test_tiff_capacity_boundary) ... ok
test_tiff_packet_capacity (tests.test_onebit.BackendAndTIFFTests.test_tiff_packet_capacity) ... ok
test_checkpoint_schema (tests.test_onebit.CapabilityBoundaryTests.test_checkpoint_schema) ... ok
test_external_not_claimed (tests.test_onebit.CapabilityBoundaryTests.test_external_not_claimed) ... ok
test_gpu_not_claimed (tests.test_onebit.CapabilityBoundaryTests.test_gpu_not_claimed) ... ok
test_network_not_claimed (tests.test_onebit.CapabilityBoundaryTests.test_network_not_claimed) ... ok
test_rule_explicit (tests.test_onebit.CapabilityBoundaryTests.test_rule_explicit) ... ok
test_budget (tests.test_onebit.EncodingTests.test_budget) ... ok
test_fp32_crc (tests.test_onebit.EncodingTests.test_fp32_crc) ... ok
test_fp32_roundtrip (tests.test_onebit.EncodingTests.test_fp32_roundtrip) ... ok
test_nonfinite_refused (tests.test_onebit.EncodingTests.test_nonfinite_refused) ... ok
test_onebit_corruption_crc (tests.test_onebit.EncodingTests.test_onebit_corruption_crc) ... ok
test_onebit_roundtrip (tests.test_onebit.EncodingTests.test_onebit_roundtrip) ... ok
test_onebit_wrong_magic (tests.test_onebit.EncodingTests.test_onebit_wrong_magic) ... ok
test_packet_deterministic (tests.test_onebit.EncodingTests.test_packet_deterministic) ... ok
test_sign_pack_lsb0 (tests.test_onebit.EncodingTests.test_sign_pack_lsb0) ... ok
test_tail_bits_canonical (tests.test_onebit.EncodingTests.test_tail_bits_canonical) ... ok
test_ab_hashes_distinct (tests.test_onebit.EquivalenceTests.test_ab_hashes_distinct) ... ok
test_compressed_collective_reproducible (tests.test_onebit.EquivalenceTests.test_compressed_collective_reproducible) ... ok
test_equal_magnitude_equivalence (tests.test_onebit.EquivalenceTests.test_equal_magnitude_equivalence) ... ok
test_quality_error_reported_not_hidden (tests.test_onebit.EquivalenceTests.test_quality_error_reported_not_hidden) ... ok
test_checkpoint_roundtrip (tests.test_onebit.IntegrityResidualTests.test_checkpoint_roundtrip) ... ok
test_checkpoint_tamper (tests.test_onebit.IntegrityResidualTests.test_checkpoint_tamper) ... ok
test_low_error_threshold_fallback (tests.test_onebit.IntegrityResidualTests.test_low_error_threshold_fallback) ... ok
test_receive_sequence_guard (tests.test_onebit.IntegrityResidualTests.test_receive_sequence_guard) ... ok
test_residual_feedback_state (tests.test_onebit.IntegrityResidualTests.test_residual_feedback_state) ... ok
test_saturation_fallback (tests.test_onebit.IntegrityResidualTests.test_saturation_fallback) ... ok
test_shape_change_resets_residual (tests.test_onebit.IntegrityResidualTests.test_shape_change_resets_residual) ... ok
test_error_metric (tests.test_onebit.QuantizerTests.test_error_metric) ... ok
test_local_values_remain_float (tests.test_onebit.QuantizerTests.test_local_values_remain_float) ... ok
test_scale_mean_abs (tests.test_onebit.QuantizerTests.test_scale_mean_abs) ... ok
test_zero_block (tests.test_onebit.QuantizerTests.test_zero_block) ... ok
test_zero_scale_nonzero_refused (tests.test_onebit.QuantizerTests.test_zero_scale_nonzero_refused) ... ok
test_zero_sign_is_positive (tests.test_onebit.QuantizerTests.test_zero_sign_is_positive) ... ok
test_checkpoint_continuation (tests.test_onebit.RecoveryReplayTests.test_checkpoint_continuation) ... ok
test_recovery_reentry (tests.test_onebit.RecoveryReplayTests.test_recovery_reentry) ... ok
test_replay_deterministic (tests.test_onebit.RecoveryReplayTests.test_replay_deterministic) ... ok
test_source_destination_guard (tests.test_onebit.RecoveryReplayTests.test_source_destination_guard) ... ok
test_average_reduce (tests.test_onebit.RoutingCollectiveTests.test_average_reduce) ... ok
test_collective_local_reduction_full_precision (tests.test_onebit.RoutingCollectiveTests.test_collective_local_reduction_full_precision) ... ok
test_compressed_average (tests.test_onebit.RoutingCollectiveTests.test_compressed_average) ... ok
test_duplicate_recipient_refused (tests.test_onebit.RoutingCollectiveTests.test_duplicate_recipient_refused) ... ok
test_reduce_shape_refused (tests.test_onebit.RoutingCollectiveTests.test_reduce_shape_refused) ... ok
test_route_table (tests.test_onebit.RoutingCollectiveTests.test_route_table) ... ok
test_fallback_preserves_original_wire_values (tests.test_onebit.TransitionQualityTests.test_fallback_preserves_original_wire_values) ... ok
test_recovery_window_full_precision (tests.test_onebit.TransitionQualityTests.test_recovery_window_full_precision) ... ok
test_safe_equal_magnitude_exact_reconstruction (tests.test_onebit.TransitionQualityTests.test_safe_equal_magnitude_exact_reconstruction) ... ok
test_transition_log (tests.test_onebit.TransitionQualityTests.test_transition_log) ... ok
test_full_precision_warmup_then_onebit (tests.test_onebit.WarmupTests.test_full_precision_warmup_then_onebit) ... ok
test_reference_frozen_on_transition (tests.test_onebit.WarmupTests.test_reference_frozen_on_transition) ... ok
test_sequence_exhaustion (tests.test_onebit.WarmupTests.test_sequence_exhaustion) ... ok
test_sequence_monotonic (tests.test_onebit.WarmupTests.test_sequence_monotonic) ... ok
test_unstable_warmup_stays_full (tests.test_onebit.WarmupTests.test_unstable_warmup_stays_full) ... ok

----------------------------------------------------------------------
Ran 67 tests in 0.048s

OK
elapsed=0:00.77 maxrss=99500KB
