test_complete_success (tests.test_result_contracts.CompletenessGate.test_complete_success) ... ok
test_failure_takes_precedence (tests.test_result_contracts.CompletenessGate.test_failure_takes_precedence) ... ok
test_legacy_mode_reports_but_permits_skip (tests.test_result_contracts.CompletenessGate.test_legacy_mode_reports_but_permits_skip) ... ok
test_nested_skip_blocks_strict (tests.test_result_contracts.CompletenessGate.test_nested_skip_blocks_strict) ... ok
test_changed_cargo_not_executed (tests.test_result_contracts.Contracts.test_changed_cargo_not_executed) ... ok
test_inventory_rejects_fifo (tests.test_result_contracts.Contracts.test_inventory_rejects_fifo) ... ok
test_missing_mount_registry_empty (tests.test_result_contracts.Contracts.test_missing_mount_registry_empty) ... ok
test_mount_registry_corruption_refused (tests.test_result_contracts.Contracts.test_mount_registry_corruption_refused) ... /usr/lib/python3.13/traceback.py:269: ResourceWarning: unclosed file <_io.TextIOWrapper name='/tmp/tmp18pyk3op/_studio/uc_mounts.json' mode='r' encoding='utf-8'>
  tb.tb_frame.clear()
ResourceWarning: Enable tracemalloc to get the object allocation traceback
ok
test_native_failure_nonzero (tests.test_result_contracts.Contracts.test_native_failure_nonzero) ... ok
test_nested_alias_resolves (tests.test_result_contracts.Contracts.test_nested_alias_resolves) ... ok
test_stored_alias_resolves (tests.test_result_contracts.Contracts.test_stored_alias_resolves) ... ok
test_studio_register_failure_code (tests.test_result_contracts.Contracts.test_studio_register_failure_code) ... ok
test_studio_test_failure_code (tests.test_result_contracts.Contracts.test_studio_test_failure_code) ... ok
test_studio_test_skip_code (tests.test_result_contracts.Contracts.test_studio_test_skip_code) ... ok
test_unlisted_cargo_not_executed (tests.test_result_contracts.Contracts.test_unlisted_cargo_not_executed) ... ok
test_wrong_slot_not_executed (tests.test_result_contracts.Contracts.test_wrong_slot_not_executed) ... ok
test_atomic_append_roundtrip (tests.test_result_contracts.RealTIFF.test_atomic_append_roundtrip) ... ok
test_history_limit_before_append (tests.test_result_contracts.RealTIFF.test_history_limit_before_append) ... ok
test_history_limit_read (tests.test_result_contracts.RealTIFF.test_history_limit_read) ... ok
test_tiff_write_error_preserves_old (tests.test_result_contracts.RealTIFF.test_tiff_write_error_preserves_old) ... ok
test_valid_image_admitted (tests.test_result_contracts.RealTIFF.test_valid_image_admitted) ... ok

----------------------------------------------------------------------
Ran 21 tests in 0.050s

OK
elapsed=0:00.88 maxrss=98988KB
