test_associated_alpha (tests.test_pixel_fabric.AdmissionTests.test_associated_alpha) ... ok
test_bad_external_offset (tests.test_pixel_fabric.AdmissionTests.test_bad_external_offset) ... ok
test_bad_scalar_hex (tests.test_pixel_fabric.AdmissionTests.test_bad_scalar_hex) ... ok
test_bigtiff_header_offset_width (tests.test_pixel_fabric.AdmissionTests.test_bigtiff_header_offset_width) ... ok
test_bigtiff_header_reserved (tests.test_pixel_fabric.AdmissionTests.test_bigtiff_header_reserved) ... ok
test_bool_grid (tests.test_pixel_fabric.AdmissionTests.test_bool_grid) ... ok
test_cycle (tests.test_pixel_fabric.AdmissionTests.test_cycle) ... ok
test_duplicate_json (tests.test_pixel_fabric.AdmissionTests.test_duplicate_json) ... ok
test_duplicate_tag (tests.test_pixel_fabric.AdmissionTests.test_duplicate_tag) ... ok
test_huge_ifd_pointer (tests.test_pixel_fabric.AdmissionTests.test_huge_ifd_pointer) ... ok
test_huge_tag_count (tests.test_pixel_fabric.AdmissionTests.test_huge_tag_count) ... ok
test_ifd_count_budget (tests.test_pixel_fabric.AdmissionTests.test_ifd_count_budget) ... ok
test_lossy_compression (tests.test_pixel_fabric.AdmissionTests.test_lossy_compression) ... ok
test_metadata_cumulative_budget (tests.test_pixel_fabric.AdmissionTests.test_metadata_cumulative_budget) ... ok
test_metadata_mirror_disagreement (tests.test_pixel_fabric.AdmissionTests.test_metadata_mirror_disagreement) ... ok
test_nonfinite_json (tests.test_pixel_fabric.AdmissionTests.test_nonfinite_json) ... ok
test_oversize_dimensions (tests.test_pixel_fabric.AdmissionTests.test_oversize_dimensions) ... ok
test_planar_conversion (tests.test_pixel_fabric.AdmissionTests.test_planar_conversion) ... ok
test_png_rejected_before_decode (tests.test_pixel_fabric.AdmissionTests.test_png_rejected_before_decode) ... ok
test_raster_metadata_overlap (tests.test_pixel_fabric.AdmissionTests.test_raster_metadata_overlap) ... ok
test_raster_out_of_range (tests.test_pixel_fabric.AdmissionTests.test_raster_out_of_range) ... ok
test_seeded_pointer_mutations (tests.test_pixel_fabric.AdmissionTests.test_seeded_pointer_mutations) ... ok
test_short_header (tests.test_pixel_fabric.AdmissionTests.test_short_header) ... ok
test_symlink_rejected (tests.test_pixel_fabric.AdmissionTests.test_symlink_rejected) ... ok
test_truncation_campaign (tests.test_pixel_fabric.AdmissionTests.test_truncation_campaign) ... ok
test_unknown_magic (tests.test_pixel_fabric.AdmissionTests.test_unknown_magic) ... ok
test_unknown_sidecar_fields (tests.test_pixel_fabric.AdmissionTests.test_unknown_sidecar_fields) ... ok
test_boolean_counter (tests.test_pixel_fabric.BlobTests.test_boolean_counter) ... ok
test_bro1_corruption (tests.test_pixel_fabric.BlobTests.test_bro1_corruption) ... ok
test_bro1_integrity (tests.test_pixel_fabric.BlobTests.test_bro1_integrity) ... ok
test_bro1_object_identity (tests.test_pixel_fabric.BlobTests.test_bro1_object_identity) ... ok
test_exact_roundtrip (tests.test_pixel_fabric.BlobTests.test_exact_roundtrip) ... ok
test_negative_counter (tests.test_pixel_fabric.BlobTests.test_negative_counter) ... ok
test_scalar_budget (tests.test_pixel_fabric.BlobTests.test_scalar_budget) ... ok
test_short_magic_preserved (tests.test_pixel_fabric.BlobTests.test_short_magic_preserved) ... ok
test_slot_overflow (tests.test_pixel_fabric.BlobTests.test_slot_overflow) ... ok
test_tick_overflow (tests.test_pixel_fabric.BlobTests.test_tick_overflow) ... ok
test_trailing_bytes (tests.test_pixel_fabric.BlobTests.test_trailing_bytes) ... ok
test_truncated_blob (tests.test_pixel_fabric.BlobTests.test_truncated_blob) ... ok
test_u64_tick (tests.test_pixel_fabric.BlobTests.test_u64_tick) ... ok
test_unsupported_version (tests.test_pixel_fabric.BlobTests.test_unsupported_version) ... ok
test_512_gif_frames_preserved (tests.test_pixel_fabric.CapacityTests.test_512_gif_frames_preserved) ... ok
test_clock_exhaustion_before_work (tests.test_pixel_fabric.CapacityTests.test_clock_exhaustion_before_work) ... ok
test_counter_exhaustion_before_work (tests.test_pixel_fabric.CapacityTests.test_counter_exhaustion_before_work) ... ok
test_exact_512_pages_then_refuse_append (tests.test_pixel_fabric.CapacityTests.test_exact_512_pages_then_refuse_append) ... ok
test_all_byte_values (tests.test_pixel_fabric.GifTests.test_all_byte_values) ... ok
test_digest_mismatch (tests.test_pixel_fabric.GifTests.test_digest_mismatch) ... ok
test_disposal_rejected (tests.test_pixel_fabric.GifTests.test_disposal_rejected) ... ok
test_duplicate_frames_not_coalesced (tests.test_pixel_fabric.GifTests.test_duplicate_frames_not_coalesced) ... ok
test_duration_rejected (tests.test_pixel_fabric.GifTests.test_duration_rejected) ... ok
test_empty_records (tests.test_pixel_fabric.GifTests.test_empty_records) ... ok
test_exact_state (tests.test_pixel_fabric.GifTests.test_exact_state) ... ok
test_missing_metadata (tests.test_pixel_fabric.GifTests.test_missing_metadata) ... ok
test_multiframe_restore (tests.test_pixel_fabric.GifTests.test_multiframe_restore) ... ok
test_palette_mutation (tests.test_pixel_fabric.GifTests.test_palette_mutation) ... ok
test_random_artwork_refused (tests.test_pixel_fabric.GifTests.test_random_artwork_refused) ... ok
test_restore (tests.test_pixel_fabric.GifTests.test_restore) ... ok
test_restore_existing_refused (tests.test_pixel_fabric.GifTests.test_restore_existing_refused) ... ok
test_trailing_data (tests.test_pixel_fabric.GifTests.test_trailing_data) ... ok
test_truncated_blocks (tests.test_pixel_fabric.GifTests.test_truncated_blocks) ... ok
test_all_30_sealed_genesis (tests.test_pixel_fabric.HistoryTests.test_all_30_sealed_genesis) ... ok
test_compression_matrix (tests.test_pixel_fabric.HistoryTests.test_compression_matrix) ... ok
test_encoder_failure_preserves_old (tests.test_pixel_fabric.HistoryTests.test_encoder_failure_preserves_old) ... ok
test_full_history_refused (tests.test_pixel_fabric.HistoryTests.test_full_history_refused) ... ok
test_grid_matrix (tests.test_pixel_fabric.HistoryTests.test_grid_matrix) ... ok
test_history_all_frames (tests.test_pixel_fabric.HistoryTests.test_history_all_frames) ... ok
test_history_window (tests.test_pixel_fabric.HistoryTests.test_history_window) ... ok
test_missing_history_metadata (tests.test_pixel_fabric.HistoryTests.test_missing_history_metadata) ... ok
test_negative_page (tests.test_pixel_fabric.HistoryTests.test_negative_page) ... ok
test_replace_failure_preserves_old (tests.test_pixel_fabric.HistoryTests.test_replace_failure_preserves_old) ... ok
test_stale_commit (tests.test_pixel_fabric.HistoryTests.test_stale_commit) ... ok
test_tifffile_matrix (tests.test_pixel_fabric.IndependentInteropTests.test_tifffile_matrix) ... ok
test_arithmetic_uninitialized (tests.test_pixel_fabric.KernelTests.test_arithmetic_uninitialized) ... ok
test_batch_atomic (tests.test_pixel_fabric.KernelTests.test_batch_atomic) ... ok
test_cas_refused (tests.test_pixel_fabric.KernelTests.test_cas_refused) ... ok
test_coordinates (tests.test_pixel_fabric.KernelTests.test_coordinates) ... ok
test_diff (tests.test_pixel_fabric.KernelTests.test_diff) ... ok
test_empty_batch (tests.test_pixel_fabric.KernelTests.test_empty_batch) ... ok
test_explicit_wrap (tests.test_pixel_fabric.KernelTests.test_explicit_wrap) ... ok
test_native_limit (tests.test_pixel_fabric.KernelTests.test_native_limit) ... ok
test_operation_budget (tests.test_pixel_fabric.KernelTests.test_operation_budget) ... ok
test_overflow_rejected (tests.test_pixel_fabric.KernelTests.test_overflow_rejected) ... ok
test_set_exact (tests.test_pixel_fabric.KernelTests.test_set_exact) ... ok
test_set_extends_to_58 (tests.test_pixel_fabric.KernelTests.test_set_extends_to_58) ... ok
test_ship_paint_uses_kernel (tests.test_pixel_fabric.KernelTests.test_ship_paint_uses_kernel) ... ok
test_ship_rejects_negative_not_masks (tests.test_pixel_fabric.KernelTests.test_ship_rejects_negative_not_masks) ... ok
test_ship_stale_digest (tests.test_pixel_fabric.KernelTests.test_ship_stale_digest) ... ok
test_stale_blob_digest (tests.test_pixel_fabric.KernelTests.test_stale_blob_digest) ... ok
test_value_types (tests.test_pixel_fabric.KernelTests.test_value_types) ... ok
test_xor (tests.test_pixel_fabric.KernelTests.test_xor) ... ok
test_cell (tests.test_pixel_fabric.PixelCLITests.test_cell) ... ok
test_checkpoint_preserves_archive_and_state (tests.test_pixel_fabric.PixelCLITests.test_checkpoint_preserves_archive_and_state) ... ok
test_checkpoint_stale_refused (tests.test_pixel_fabric.PixelCLITests.test_checkpoint_stale_refused) ... ok
test_export_keeps_source (tests.test_pixel_fabric.PixelCLITests.test_export_keeps_source) ... ok
test_export_limit (tests.test_pixel_fabric.PixelCLITests.test_export_limit) ... ok
test_inspect (tests.test_pixel_fabric.PixelCLITests.test_inspect) ... ok
test_paint_guard (tests.test_pixel_fabric.PixelCLITests.test_paint_guard) ... ok
test_paint_requires_generation_cli (tests.test_pixel_fabric.PixelCLITests.test_paint_requires_generation_cli) ... ok
test_restore_into_sealed_ship_refused (tests.test_pixel_fabric.PixelCLITests.test_restore_into_sealed_ship_refused) ... ok
test_status (tests.test_pixel_fabric.PixelCLITests.test_status) ... ok

----------------------------------------------------------------------
Ran 100 tests in 0.915s

OK
elapsed=0:01.69 maxrss=104580KB
