TAP version 13
# Subtest: read command vocabulary is canonical and does not authorize mutation
ok 1 - read command vocabulary is canonical and does not authorize mutation
  ---
  duration_ms: 2.059501
  type: 'test'
  ...
# Subtest: control is allowlisted; executions require positive generation and capped ticks
ok 2 - control is allowlisted; executions require positive generation and capped ticks
  ---
  duration_ms: 1.272252
  type: 'test'
  ...
# Subtest: injection, paths, extra flags, and malformed argv are refused
ok 3 - injection, paths, extra flags, and malformed argv are refused
  ---
  duration_ms: 0.312322
  type: 'test'
  ...
# Subtest: Python child environment excludes credentials and preload variables
ok 4 - Python child environment excludes credentials and preload variables
  ---
  duration_ms: 0.206992
  type: 'test'
  ...
# Subtest: launcher arguments validate ports, explicit modes and unknown options
ok 5 - launcher arguments validate ports, explicit modes and unknown options
  ---
  duration_ms: 0.382588
  type: 'test'
  ...
# Subtest: integrated config refuses public bind, dev auth, relative Python, legacy bridge and snapshots
ok 6 - integrated config refuses public bind, dev auth, relative Python, legacy bridge and snapshots
  ---
  duration_ms: 1.403449
  type: 'test'
  ...
# Subtest: exact credential revocation is not rescued by a second credential for same identity
ok 7 - exact credential revocation is not rescued by a second credential for same identity
  ---
  duration_ms: 2.653888
  type: 'test'
  ...
# Subtest: broker executes canonical isolated Python and captures bounded output
ok 8 - broker executes canonical isolated Python and captures bounded output
  ---
  duration_ms: 740.64865
  type: 'test'
  ...
# Subtest: broker denies control at the gateway even if worker asks for it
ok 9 - broker denies control at the gateway even if worker asks for it
  ---
  duration_ms: 0.964898
  type: 'test'
  ...
# Subtest: broker output overflow terminates without exceeding combined capture cap
ok 10 - broker output overflow terminates without exceeding combined capture cap
  ---
  duration_ms: 545.644008
  type: 'test'
  ...
# Subtest: broker deadline kills a stalled operation
ok 11 - broker deadline kills a stalled operation
  ---
  duration_ms: 103.488735
  type: 'test'
  ...
# Subtest: broker concurrency refuses rather than queues; ownership restricts cancellation
ok 12 - broker concurrency refuses rather than queues; ownership restricts cancellation
  ---
  duration_ms: 2.400697
  type: 'test'
  ...
# Subtest: broker shutdown cancels active job and rejects future work
ok 13 - broker shutdown cancels active job and rejects future work
  ---
  duration_ms: 2.102226
  type: 'test'
  ...
# Subtest: launcher link traversal is refused before credential writes
ok 14 - launcher link traversal is refused before credential writes
  ---
  duration_ms: 0.462429
  type: 'test'
  ...
# Subtest: ship bridge schema validates arrays and rejects oversized or untyped arguments
ok 15 - ship bridge schema validates arrays and rejects oversized or untyped arguments
  ---
  duration_ms: 1.501578
  type: 'test'
  ...
# Subtest: pixel inspection is read-only and exact; pixel writes never cross the bridge
ok 16 - pixel inspection is read-only and exact; pixel writes never cross the bridge
  ---
  duration_ms: 0.45721
  type: 'test'
  ...
1..16
# tests 16
# suites 0
# pass 16
# fail 0
# cancelled 0
# skipped 0
# todo 0
# duration_ms 2175.827327
