{"schema": "UC/TRANSACTION_RESULT/1", "id": "4f0423097a354916926cb993e87fc3b2", "status": "COMMITTED", "identity": null, "scope": "managed local files only; external/native side effects are not reversible"}
{
  "resealed": {
    "file_count": 8048,
    "reason": "UC-2.6.0 reconcile current hull pin and regenerated bill of lading",
    "replaced": {
      "file_count": 8048,
      "manifest_sha256": "08b38c62bbd4f265ae09362ad9591beb9adbb1307119e7abbc5551ab80e8c4df",
      "sums_sha256": "85e4443c823b04202ad13c909a819aa1c034e9180a2b8f0a4742318d9ee7848d",
      "total_bytes": 173806652
    },
    "sums_sha256": "5802294c6611e8f6bfa11b8bcd3343c7a14a19b666da14f576030b5edd741441",
    "total_bytes": 173807337,
    "utc": "2026-09-22T11:27:49.494214Z"
  },
  "schema": "UC/SEAL_RESULT/1",
  "sums_check": {
    "bad": [],
    "missing": [],
    "ok": 8049,
    "pass": true,
    "unbound": []
  }
}
