{
  "schema": "UC/1BIT_WORKFLOW_CHECK/1",
  "integrity": "PASS",
  "tasks": 275000,
  "components": 110,
  "counts": {
    "IN_PROGRESS": 190000,
    "BLOCKED": 85000
  },
  "source_archives_verified": 10,
  "source_components_verified": 110,
  "phase_gates_closed": 0,
  "engineering_completion_verified": false,
  "deep": true
}
test_benchmark_counts (test_onebit.AccountingTests.test_benchmark_counts) ... ok
test_controller_byte_accounting (test_onebit.AccountingTests.test_controller_byte_accounting) ... ok
test_effective_bits_near_one_for_large_block (test_onebit.AccountingTests.test_effective_bits_near_one_for_large_block) ... ok
test_large_block_compresses_vs_fp32 (test_onebit.AccountingTests.test_large_block_compresses_vs_fp32) ... ok
test_small_block_header_overhead_visible (test_onebit.AccountingTests.test_small_block_header_overhead_visible) ... ok
test_config_validation (test_onebit.AdaptiveControlTests.test_config_validation) ... ok
test_metrics_account_state_memory (test_onebit.AdaptiveControlTests.test_metrics_account_state_memory) ... ok
test_momentum_high_precision (test_onebit.AdaptiveControlTests.test_momentum_high_precision) ... ok
test_scale_lower_upper_bounds (test_onebit.AdaptiveControlTests.test_scale_lower_upper_bounds) ... ok
test_scale_step_limiter (test_onebit.AdaptiveControlTests.test_scale_step_limiter) ... ok
test_memory_backend (test_onebit.BackendAndTIFFTests.test_memory_backend) ... ok
test_memory_backpressure (test_onebit.BackendAndTIFFTests.test_memory_backpressure) ... ok
test_memory_rejects_bad_packet (test_onebit.BackendAndTIFFTests.test_memory_rejects_bad_packet) ... ok
test_real_tiff_slot_roundtrip (test_onebit.BackendAndTIFFTests.test_real_tiff_slot_roundtrip) ... ok
test_tiff_capacity_boundary (test_onebit.BackendAndTIFFTests.test_tiff_capacity_boundary) ... ok
test_tiff_packet_capacity (test_onebit.BackendAndTIFFTests.test_tiff_packet_capacity) ... ok
test_checkpoint_schema (test_onebit.CapabilityBoundaryTests.test_checkpoint_schema) ... ok
test_external_not_claimed (test_onebit.CapabilityBoundaryTests.test_external_not_claimed) ... ok
test_gpu_not_claimed (test_onebit.CapabilityBoundaryTests.test_gpu_not_claimed) ... ok
test_network_not_claimed (test_onebit.CapabilityBoundaryTests.test_network_not_claimed) ... ok
test_rule_explicit (test_onebit.CapabilityBoundaryTests.test_rule_explicit) ... ok
test_budget (test_onebit.EncodingTests.test_budget) ... ok
test_fp32_crc (test_onebit.EncodingTests.test_fp32_crc) ... ok
test_fp32_roundtrip (test_onebit.EncodingTests.test_fp32_roundtrip) ... ok
test_nonfinite_refused (test_onebit.EncodingTests.test_nonfinite_refused) ... ok
test_onebit_corruption_crc (test_onebit.EncodingTests.test_onebit_corruption_crc) ... ok
test_onebit_roundtrip (test_onebit.EncodingTests.test_onebit_roundtrip) ... ok
test_onebit_wrong_magic (test_onebit.EncodingTests.test_onebit_wrong_magic) ... ok
test_packet_deterministic (test_onebit.EncodingTests.test_packet_deterministic) ... ok
test_sign_pack_lsb0 (test_onebit.EncodingTests.test_sign_pack_lsb0) ... ok
test_tail_bits_canonical (test_onebit.EncodingTests.test_tail_bits_canonical) ... ok
test_ab_hashes_distinct (test_onebit.EquivalenceTests.test_ab_hashes_distinct) ... ok
test_compressed_collective_reproducible (test_onebit.EquivalenceTests.test_compressed_collective_reproducible) ... ok
test_equal_magnitude_equivalence (test_onebit.EquivalenceTests.test_equal_magnitude_equivalence) ... ok
test_quality_error_reported_not_hidden (test_onebit.EquivalenceTests.test_quality_error_reported_not_hidden) ... ok
test_checkpoint_roundtrip (test_onebit.IntegrityResidualTests.test_checkpoint_roundtrip) ... ok
test_checkpoint_tamper (test_onebit.IntegrityResidualTests.test_checkpoint_tamper) ... ok
test_low_error_threshold_fallback (test_onebit.IntegrityResidualTests.test_low_error_threshold_fallback) ... ok
test_receive_sequence_guard (test_onebit.IntegrityResidualTests.test_receive_sequence_guard) ... ok
test_residual_feedback_state (test_onebit.IntegrityResidualTests.test_residual_feedback_state) ... ok
test_saturation_fallback (test_onebit.IntegrityResidualTests.test_saturation_fallback) ... ok
test_shape_change_resets_residual (test_onebit.IntegrityResidualTests.test_shape_change_resets_residual) ... ok
test_error_metric (test_onebit.QuantizerTests.test_error_metric) ... ok
test_local_values_remain_float (test_onebit.QuantizerTests.test_local_values_remain_float) ... ok
test_scale_mean_abs (test_onebit.QuantizerTests.test_scale_mean_abs) ... ok
test_zero_block (test_onebit.QuantizerTests.test_zero_block) ... ok
test_zero_scale_nonzero_refused (test_onebit.QuantizerTests.test_zero_scale_nonzero_refused) ... ok
test_zero_sign_is_positive (test_onebit.QuantizerTests.test_zero_sign_is_positive) ... ok
test_checkpoint_continuation (test_onebit.RecoveryReplayTests.test_checkpoint_continuation) ... ok
test_recovery_reentry (test_onebit.RecoveryReplayTests.test_recovery_reentry) ... ok
test_replay_deterministic (test_onebit.RecoveryReplayTests.test_replay_deterministic) ... ok
test_source_destination_guard (test_onebit.RecoveryReplayTests.test_source_destination_guard) ... ok
test_average_reduce (test_onebit.RoutingCollectiveTests.test_average_reduce) ... ok
test_collective_local_reduction_full_precision (test_onebit.RoutingCollectiveTests.test_collective_local_reduction_full_precision) ... ok
test_compressed_average (test_onebit.RoutingCollectiveTests.test_compressed_average) ... ok
test_duplicate_recipient_refused (test_onebit.RoutingCollectiveTests.test_duplicate_recipient_refused) ... ok
test_reduce_shape_refused (test_onebit.RoutingCollectiveTests.test_reduce_shape_refused) ... ok
test_route_table (test_onebit.RoutingCollectiveTests.test_route_table) ... ok
test_fallback_preserves_original_wire_values (test_onebit.TransitionQualityTests.test_fallback_preserves_original_wire_values) ... ok
test_recovery_window_full_precision (test_onebit.TransitionQualityTests.test_recovery_window_full_precision) ... ok
test_safe_equal_magnitude_exact_reconstruction (test_onebit.TransitionQualityTests.test_safe_equal_magnitude_exact_reconstruction) ... ok
test_transition_log (test_onebit.TransitionQualityTests.test_transition_log) ... ok
test_full_precision_warmup_then_onebit (test_onebit.WarmupTests.test_full_precision_warmup_then_onebit) ... ok
test_reference_frozen_on_transition (test_onebit.WarmupTests.test_reference_frozen_on_transition) ... ok
test_sequence_exhaustion (test_onebit.WarmupTests.test_sequence_exhaustion) ... ok
test_sequence_monotonic (test_onebit.WarmupTests.test_sequence_monotonic) ... ok
test_unstable_warmup_stays_full (test_onebit.WarmupTests.test_unstable_warmup_stays_full) ... ok

----------------------------------------------------------------------
Ran 67 tests in 0.047s

OK
test_complete_ledger_retained (test_onebit_workflow.OneBitWorkflowTests.test_complete_ledger_retained) ... ok
test_exact_source_prompt_visible (test_onebit_workflow.OneBitWorkflowTests.test_exact_source_prompt_visible) ... ok
test_invalid_ids_refused (test_onebit_workflow.OneBitWorkflowTests.test_invalid_ids_refused) ... ok
test_source_archives_exact_count (test_onebit_workflow.OneBitWorkflowTests.test_source_archives_exact_count) ... ok
test_status_is_not_promoted (test_onebit_workflow.OneBitWorkflowTests.test_status_is_not_promoted) ... ok
test_windows_launchers (test_onebit_workflow.OneBitWorkflowTests.test_windows_launchers) ... ok

----------------------------------------------------------------------
Ran 6 tests in 1.333s

OK
Local adaptation checks passed. These checks do not promote the ten source phase gates.
