{"schema": "UC/TRANSACTION_RESULT/1", "id": "3d6f5c4185cb43fe866479339678061f", "status": "COMMITTED", "identity": null, "scope": "managed local files only; external/native side effects are not reversible"}
== UC VERIFY Unikernel Containership -- UC-2.6.0
  [PASS] U0.1 ship SHA256SUMS.txt verifies (every delivered byte) (1.509s)
  [PASS] U0.2 MANIFEST.json inventory matches disk (the current seal; re-seals after load/unload are recorded in seal_lineage) (1.631s)
  [PASS] U0.3 hull/ (PA21 Language Studio 1.3.0) is byte-identical to the pinned digest (0.002s)
  [PASS] U0.4 hold/ holds the five DF containers byte-identical to the pinned digests (and DF_SHA256SUMS.txt binds them) (0.02s)
  [PASS] U0.5 every ship artifact validates against the schema shipped beside it (0.113s)
  [PASS] U0.6 every evidence citation in the ship's capability ledger resolves to a delivered path (0.001s)
  [PASS] U1 the sort policy shipped equals the code, and the documented example placements hold (13 examples, rules S0-S8) (0.011s)
  [SKIPPED] U2 the four engines are extracted from the hold, match their pinned digests, are built and bind (SKIPPED with the reason where the host has no C toolchain for the three C engines) (0.009s)
  [SKIPPED] U3 the hull (PA Language Studio 2.0.0) is installed at _studio/ from the Large engine's VM package (0.004s)
  [SKIPPED] U4 the hull's own verifier (hull/verify_studio.py, 135 checks: scratch install, real images, the device fabric, the reversible TIFF fabric, seals, signing, uninstall) passes against the Large engine (0.0s)
  [PASS] U8 the hull's .tif fabric codec is present and reversible on this host: a synthetic container fabric (state, declaration cells, identity) survives the round trip through the image byte for byte (0.008s)
  [PASS] U5 the bill of lading equals a fresh scan of berths/ (rebuilt from disk, never appended) (0.004s)
  [PASS] B0 berth SHA256SUMS.txt verifies (every berth file bound, none unbound) (0.008s)
  [PASS] B1 BERTH.json, SORT_LEDGER.json, every SLOT.json and every container's FABRIC.json validate against the ship's schemas (0.002s)
  [PASS] B2 the sort ledger re-derives from the cargo bytes: identical node, rule and digest for every script (aliased files answer to their original path); no extra or missing cargo; policy digest matches (0.002s)
  [SKIPPED] B3 bundles verify and seal (0.0s): hold not extracted (run BUILD): pacore not importable
  [SKIPPED] B4 studio face source equals the lowering of BERTH.pal (0.0s): hold not extracted
  [PASS] U6.sub_mssl_to_lctlc berth sub_mssl_to_lctlc: the berth battery (B0-B11) (0.012s)
  [PASS] B0 berth SHA256SUMS.txt verifies (every berth file bound, none unbound) (0.012s)
  [PASS] B1 BERTH.json, SORT_LEDGER.json, every SLOT.json and every container's FABRIC.json validate against the ship's schemas (0.002s)
  [PASS] B2 the sort ledger re-derives from the cargo bytes: identical node, rule and digest for every script (aliased files answer to their original path); no extra or missing cargo; policy digest matches (0.041s)
  [SKIPPED] B3 bundles verify and seal (0.0s): hold not extracted (run BUILD): pacore not importable
  [SKIPPED] B4 studio face source equals the lowering of BERTH.pal (0.0s): hold not extracted
  [PASS] U6.sub_pa21_language_studio berth sub_pa21_language_studio: the berth battery (B0-B11) (0.058s)
  [PASS] B0 berth SHA256SUMS.txt verifies (every berth file bound, none unbound) (0.157s)
  [PASS] B1 BERTH.json, SORT_LEDGER.json, every SLOT.json and every container's FABRIC.json validate against the ship's schemas (0.038s)
  [PASS] B2 the sort ledger re-derives from the cargo bytes: identical node, rule and digest for every script (aliased files answer to their original path); no extra or missing cargo; policy digest matches (0.308s)
  [SKIPPED] B3 bundles verify and seal (0.0s): hold not extracted (run BUILD): pacore not importable
  [SKIPPED] B4 studio face source equals the lowering of BERTH.pal (0.0s): hold not extracted
  [PASS] U6.vm_large berth vm_large: the berth battery (B0-B11) (0.535s)
  [PASS] B0 berth SHA256SUMS.txt verifies (every berth file bound, none unbound) (0.049s)
  [PASS] B1 BERTH.json, SORT_LEDGER.json, every SLOT.json and every container's FABRIC.json validate against the ship's schemas (0.011s)
  [PASS] B2 the sort ledger re-derives from the cargo bytes: identical node, rule and digest for every script (aliased files answer to their original path); no extra or missing cargo; policy digest matches (0.092s)
  [SKIPPED] B3 bundles verify and seal (0.0s): hold not extracted (run BUILD): pacore not importable
  [SKIPPED] B4 studio face source equals the lowering of BERTH.pal (0.0s): hold not extracted
  [PASS] U6.vm_medium berth vm_medium: the berth battery (B0-B11) (0.161s)
  [PASS] B0 berth SHA256SUMS.txt verifies (every berth file bound, none unbound) (0.012s)
  [PASS] B1 BERTH.json, SORT_LEDGER.json, every SLOT.json and every container's FABRIC.json validate against the ship's schemas (0.002s)
  [PASS] B2 the sort ledger re-derives from the cargo bytes: identical node, rule and digest for every script (aliased files answer to their original path); no extra or missing cargo; policy digest matches (0.009s)
  [SKIPPED] B3 bundles verify and seal (0.0s): hold not extracted (run BUILD): pacore not importable
  [SKIPPED] B4 studio face source equals the lowering of BERTH.pal (0.0s): hold not extracted
  [PASS] U6.vm_small berth vm_small: the berth battery (B0-B11) (0.025s)
  [PASS] B0 berth SHA256SUMS.txt verifies (every berth file bound, none unbound) (0.998s)
  [PASS] B1 BERTH.json, SORT_LEDGER.json, every SLOT.json and every container's FABRIC.json validate against the ship's schemas (0.259s)
  [PASS] B2 the sort ledger re-derives from the cargo bytes: identical node, rule and digest for every script (aliased files answer to their original path); no extra or missing cargo; policy digest matches (1.384s)
  [SKIPPED] B3 bundles verify and seal (0.0s): hold not extracted (run BUILD): pacore not importable
  [SKIPPED] B4 studio face source equals the lowering of BERTH.pal (0.0s): hold not extracted
  [PASS] U6.vm_xtra_large berth vm_xtra_large: the berth battery (B0-B11) (2.89s)
  [SKIPPED] U7 studio test: every berth container in the hull runs against its own declared answer (SKIPPED with the reason on a compile-only hull) (0.0s)
  [SKIPPED] U9 UC-2.3.0 ship regression and process-crash recovery suite (0.0s)
  [PASS] U10 all 96,000 source tasks are preserved and accounted for without fabricated completion (6.363s)
== PASS: 16 passed, 0 failed, 5 skipped in 13.356s -> /mnt/data/uc250_work/UC250/_runs/managed_tx/3d6f5c4185cb43fe866479339678061f/operation_report.json
