TAP version 13
# Subtest: byte-at-a-time delivery (split header + split body)
ok 1 - byte-at-a-time delivery (split header + split body)
  ---
  duration_ms: 2.097221
  type: 'test'
  ...
# Subtest: many records in one read
ok 2 - many records in one read
  ---
  duration_ms: 1.220053
  type: 'test'
  ...
# Subtest: zero-length and oversize are rejected from the header alone
ok 3 - zero-length and oversize are rejected from the header alone
  ---
  duration_ms: 0.273885
  type: 'test'
  ...
# Subtest: truncated record is distinguished from clean EOF
ok 4 - truncated record is distinguished from clean EOF
  ---
  duration_ms: 0.126727
  type: 'test'
  ...
# Subtest: unknown type / unknown property / wrong direction / duplicate key / bad utf8 rejected
ok 5 - unknown type / unknown property / wrong direction / duplicate key / bad utf8 rejected
  ---
  duration_ms: 0.702028
  type: 'test'
  ...
# Subtest: assembly deadline fires for a stalled partial record
ok 6 - assembly deadline fires for a stalled partial record
  ---
  duration_ms: 80.666809
  type: 'test'
  ...
# Subtest: decoder stops after a fatal error
ok 7 - decoder stops after a fatal error
  ---
  duration_ms: 0.44619
  type: 'test'
  ...
1..7
# tests 7
# suites 0
# pass 7
# fail 0
# cancelled 0
# skipped 0
# todo 0
# duration_ms 142.332149
