== UC BUILD Unikernel Containership -- UC-2.1.3
  [HOST] no_c_toolchain: no C compiler and/or make on PATH: the Small, Medium and Large engines cannot be built and the hull cannot build its runner (compile-only hull). Install a C toolchain (e.g. MSYS2/MinGW-w64 or Visual Studio Build Tools with `make`, or gcc+make on POSIX) and run BUILD again
  [HOST] no_sh: no `sh` on PATH: the QUORUM engine's LCTL column verifier is invoked directly through java by the ship (lctl_column_verify=JVM_DIRECT) instead of through START_LCTL_1_6_1.sh
  [HOST] no_fork: Python has no `fork` start method here: multi-process fabric profiles are run as multi_thread_deterministic and say so
  [OK] hold extracted: DF_Fabric, DF_Large, DF_Medium, DF_Small, DF_Xtra_Large
  [HOST] engine N_SMALL (DF_Small): no C toolchain: missing ['cc', 'make'] (see REQUIREMENTS.txt)
  [HOST] engine N_MEDIUM (DF_Medium): no C toolchain: missing ['cc', 'make'] (see REQUIREMENTS.txt)
  [HOST] engine N_LARGE (DF_Large): no C toolchain: missing ['cc', 'make'] (see REQUIREMENTS.txt)
  [OK] engine N_XLARGE (DF_Xtra_Large)
  [OK] hull installed: execution UNAVAILABLE_NO_C_TOOLCHAIN
  [HOST] the hull cannot execute images on this host (UNAVAILABLE_NO_C_TOOLCHAIN: no runner built -- no C toolchain); compiling, sealing, importing and the .tif fabric images still work
  [OK] studio faces: 6/6 built (compile-only hull: no expectation captured, no run)
  [OK] .tif fabric images: 6/6 berths
  [OK] hull cargo: 0/0 studio containers mounted in the hull
{
  "engines": {
    "N_LARGE": {
      "host_limited": "no C toolchain: missing ['cc', 'make'] (see REQUIREMENTS.txt)",
      "returncode": 3
    },
    "N_MEDIUM": {
      "host_limited": "no C toolchain: missing ['cc', 'make'] (see REQUIREMENTS.txt)",
      "returncode": 3
    },
    "N_SMALL": {
      "host_limited": "no C toolchain: missing ['cc', 'make'] (see REQUIREMENTS.txt)",
      "returncode": 3
    },
    "N_XLARGE": {
      "host_limited": null,
      "returncode": 0
    }
  },
  "engines_host_adaptations": {
    "N_XLARGE": "no_sh: LCTL column verifier invoked directly through java; QUORUM compile with --skip-lctl-verify",
    "execution_profiles": "multi_process_* -> multi_thread_deterministic (no fork start method)"
  },
  "extract": {
    "DF_Fabric": {
      "extracted": true,
      "host_limits": {
        "case_collisions_in_zip": [],
        "filesystem_case_insensitive": false,
        "skipped_by_host": []
      },
      "own_sums_pass": true
    },
    "DF_Large": {
      "extracted": true,
      "host_limits": {
        "case_collisions_in_zip": [],
        "filesystem_case_insensitive": false,
        "skipped_by_host": []
      },
      "own_sums_pass": true
    },
    "DF_Medium": {
      "extracted": true,
      "host_limits": {
        "case_collisions_in_zip": [],
        "filesystem_case_insensitive": false,
        "skipped_by_host": []
      },
      "own_sums_pass": true
    },
    "DF_Small": {
      "extracted": true,
      "host_limits": {
        "case_collisions_in_zip": [],
        "filesystem_case_insensitive": false,
        "skipped_by_host": []
      },
      "own_sums_pass": true
    },
    "DF_Xtra_Large": {
      "extracted": true,
      "host_limits": {
        "case_collisions_in_zip": [
          "DF_Xtra_Large/vm/QUORUM_LCTL_MSSL_2.1.0/vm/world/evidence/input_provenance.json"
        ],
        "filesystem_case_insensitive": false,
        "skipped_by_host": []
      },
      "own_sums_pass": true
    }
  },
  "fabric": {
    "available": true,
    "berths": 6,
    "reason": null
  },
  "host": {
    "cc": null,
    "fork": false,
    "java": "/tmp/uc-rehearsal-7el5aich/tools/bin/java",
    "locale_encoding": "utf-8",
    "make": null,
    "platform": "Linux-6.18.5-fc-v20-x86_64-with-glibc2.39",
    "python": "3.11.15",
    "sh": null,
    "utf8_mode": true
  },
  "hull": {
    "already": false,
    "execution_mode": "UNAVAILABLE_NO_C_TOOLCHAIN",
    "installed": true,
    "pa21_root": "/tmp/uc-rehearsal-7el5aich/Unikernel_Containership/hold/PA21_LEDGER_EXCERPT",
    "root": "/tmp/uc-rehearsal-7el5aich/Unikernel_Containership/_studio",
    "seconds": 0.07,
    "signing": false,
    "steps": [
      {
        "ok": true,
        "step": "prepare"
      },
      {
        "ok": true,
        "step": "copy_runtime"
      },
      {
        "ok": true,
        "step": "verify_copy"
      },
      {
        "ok": true,
        "step": "build_runner"
      },
      {
        "ok": true,
        "step": "bind_pa21"
      },
      {
        "ok": true,
        "step": "write_manifest"
      },
      {
        "ok": false,
        "step": "prove"
      }
    ]
  },
  "hull_can_execute": {
    "ok": false,
    "reason": "the hull cannot execute images on this host (UNAVAILABLE_NO_C_TOOLCHAIN: no runner built -- no C toolchain); compiling, sealing, importing and the .tif fabric images still work"
  },
  "hull_mounts": {
    "berths": 0,
    "mounted": 0
  },
  "limits": {
    "no_c_toolchain": "no C compiler and/or make on PATH: the Small, Medium and Large engines cannot be built and the hull cannot build its runner (compile-only hull). Install a C toolchain (e.g. MSYS2/MinGW-w64 or Visual Studio Build Tools with `make`, or gcc+make on POSIX) and run BUILD again",
    "no_fork": "Python has no `fork` start method here: multi-process fabric profiles are run as multi_thread_deterministic and say so",
    "no_sh": "no `sh` on PATH: the QUORUM engine's LCTL column verifier is invoked directly through java by the ship (lctl_column_verify=JVM_DIRECT) instead of through START_LCTL_1_6_1.sh"
  },
  "problems": [],
  "record": "/tmp/uc-rehearsal-7el5aich/Unikernel_Containership/_runs/BUILD_20260817T102519Z.json",
  "registry": {
    "berths": 6
  },
  "schema": "UC/BUILD/1",
  "studio_faces": {
    "berths": 6,
    "ok": 6
  },
  "uc_release": "UC-2.1.3",
  "verdict": "BUILT_HOST_LIMITED"
}
== BUILT_HOST_LIMITED: engines 1/4 built (N_XLARGE); hull compile-only; 0 problem(s) -> /tmp/uc-rehearsal-7el5aich/Unikernel_Containership/_runs/BUILD_20260817T102519Z.json

--- stderr ---
