== UC VERIFY Unikernel Containership -- UC-2.1.3
  [HOST] no_c_toolchain: no C compiler and/or make on PATH: the Small, Medium and Large engines cannot be built and the hull cannot build its runner (compile-only hull). Install a C toolchain (e.g. MSYS2/MinGW-w64 or Visual Studio Build Tools with `make`, or gcc+make on POSIX) and run BUILD again
  [HOST] no_sh: no `sh` on PATH: the QUORUM engine's LCTL column verifier is invoked directly through java by the ship (lctl_column_verify=JVM_DIRECT) instead of through START_LCTL_1_6_1.sh
  [HOST] no_fork: Python has no `fork` start method here: multi-process fabric profiles are run as multi_thread_deterministic and say so
  [SKIPPED] U0.1 ship SHA256SUMS.txt verifies (every delivered byte) (0.0s)
  [SKIPPED] U0.2 MANIFEST.json inventory matches disk (the current seal; re-seals after load/unload are recorded in seal_lineage) (0.0s)
  [PASS] U0.3 hull/ (PA21 Language Studio 1.3.0) is byte-identical to the pinned digest (0.001s)
  [PASS] U0.4 hold/ holds the five DF containers byte-identical to the pinned digests (and DF_SHA256SUMS.txt binds them) (0.033s)
  [PASS] U0.5 every ship artifact validates against the schema shipped beside it (0.002s)
  [SKIPPED] U0.6 every evidence citation in the ship's capability ledger resolves to a delivered path (0.0s)
  [PASS] U1 the sort policy shipped equals the code, and the documented example placements hold (13 examples, rules S0-S8) (0.008s)
  [SKIPPED] U2 the four engines are extracted from the hold, match their pinned digests, are built and bind (SKIPPED with the reason where the host has no C toolchain for the three C engines) (0.713s)
  [PASS] U3 the hull (PA Language Studio 2.0.0) is installed at _studio/ from the Large engine's VM package (0.039s)
  [PASS] U4 the hull's own verifier (hull/verify_studio.py, 135 checks: scratch install, real images, the device fabric, the reversible TIFF fabric, seals, signing, uninstall) passes against the Large engine (3.236s)
  [PASS] U8 the hull's .tif fabric codec is present and reversible on this host: a synthetic container fabric (state, declaration cells, identity) survives the round trip through the image byte for byte (0.021s)
  [PASS] U5 the bill of lading equals a fresh scan of berths/ (rebuilt from disk, never appended) (0.002s)
  [PASS] B0 berth SHA256SUMS.txt verifies (every berth file bound, none unbound) (0.003s)
  [PASS] B1 BERTH.json, SORT_LEDGER.json, every SLOT.json and every container's FABRIC.json validate against the ship's schemas (0.001s)
  [PASS] B2 the sort ledger re-derives from the cargo bytes: identical node, rule and digest for every script (aliased files answer to their original path); no extra or missing cargo; policy digest matches (0.002s)
  [PASS] B3 CARGO.pal, BERTH.pal and the four slots' NODE.pal parse, verify (pacore.lang) and seal to their pinned seals; CARGO.pal has one row per script (0.003s)
  [PASS] B4 studio/main.lctlc is byte-identical to the field lowering of BERTH.pal (the DF witness rows, then the fabric rows) and pa21app.json expects R2 == reference witness (0.0s)
  [PASS] B5 BERTH.pal witnessed on every bound engine (replica + BSP): cross-node differential agreement with the pinned reference; replay PASS (1.091s)
  [PASS] B6 CARGO.pal (1 rows) witnessed in 84-row segments: replica on every engine and a pipeline chained across engines reach the pinned reference (multi-process profile where the host has fork, multi-thread where it has not -- recorded) (1.065s)
  [SKIPPED] B7 the hull face: the berth's studio container runs on the hull's runtime and answers R2 == reference witness (studio expectation met; SKIPPED with the reason on a compile-only hull) (0.001s)
  [SKIPPED] B8 runnable cargo (a sample per engine of scripts in that engine's dialect, and .pal bundles) executes on its engine with a definite verdict (0.0s)
  [PASS] B9 every container in the berth has its own .tif fabric (five DF containers + the hull face): PA21FABTIF/1, reversible byte for byte, live history rooted at the sealed genesis, page count == tick + 1, declaration tiles reported against the sealed words (0.023s)
  [SKIPPED] B10 a tick executes the pictures (on a scratch copy): every bound engine agrees with the CPython reference for the state read and the engines agree; tick 2 chains from the pictures; a painted tick cell is executed as painted (200 -> 201); a painted declaration cell is reported (its vote withheld, unanimity broken where two or more engines are bound, verdict TICK_DISAGREEMENT); the hull's VM ticks the hull face's own picture with R2 == reference (not on a compile-only hull -- said so) (2.284s)
  [SKIPPED] B11 hull cargo: the studio container(s) the berth carries re-assemble from the slots exactly as their seal lists, verify with the hull's own seal verifier, are mounted in the hull, and tick on their own picture (on a backup, restored; not on a compile-only hull -- said so) (0.0s): the berth carries no studio container (no CONTAINER.json + RELEASE_CONTENTS.sha256 pair in its cargo)
  [PASS] U6.sub_mssl_to_lctlc berth sub_mssl_to_lctlc: the berth battery (B0-B11) (4.473s)
  [PASS] B0 berth SHA256SUMS.txt verifies (every berth file bound, none unbound) (0.005s)
  [PASS] B1 BERTH.json, SORT_LEDGER.json, every SLOT.json and every container's FABRIC.json validate against the ship's schemas (0.001s)
  [PASS] B2 the sort ledger re-derives from the cargo bytes: identical node, rule and digest for every script (aliased files answer to their original path); no extra or missing cargo; policy digest matches (0.049s)
  [PASS] B3 CARGO.pal, BERTH.pal and the four slots' NODE.pal parse, verify (pacore.lang) and seal to their pinned seals; CARGO.pal has one row per script (0.005s)
  [PASS] B4 studio/main.lctlc is byte-identical to the field lowering of BERTH.pal (the DF witness rows, then the fabric rows) and pa21app.json expects R2 == reference witness (0.0s)
  [PASS] B5 BERTH.pal witnessed on every bound engine (replica + BSP): cross-node differential agreement with the pinned reference; replay PASS (1.168s)
  [PASS] B6 CARGO.pal (23 rows) witnessed in 84-row segments: replica on every engine and a pipeline chained across engines reach the pinned reference (multi-process profile where the host has fork, multi-thread where it has not -- recorded) (1.144s)
  [SKIPPED] B7 the hull face: the berth's studio container runs on the hull's runtime and answers R2 == reference witness (studio expectation met; SKIPPED with the reason on a compile-only hull) (0.002s)
  [SKIPPED] B8 runnable cargo (a sample per engine of scripts in that engine's dialect, and .pal bundles) executes on its engine with a definite verdict (0.0s)
  [PASS] B9 every container in the berth has its own .tif fabric (five DF containers + the hull face): PA21FABTIF/1, reversible byte for byte, live history rooted at the sealed genesis, page count == tick + 1, declaration tiles reported against the sealed words (0.022s)
  [SKIPPED] B10 a tick executes the pictures (on a scratch copy): every bound engine agrees with the CPython reference for the state read and the engines agree; tick 2 chains from the pictures; a painted tick cell is executed as painted (200 -> 201); a painted declaration cell is reported (its vote withheld, unanimity broken where two or more engines are bound, verdict TICK_DISAGREEMENT); the hull's VM ticks the hull face's own picture with R2 == reference (not on a compile-only hull -- said so) (2.24s)
  [SKIPPED] B11 hull cargo: the studio container(s) the berth carries re-assemble from the slots exactly as their seal lists, verify with the hull's own seal verifier, are mounted in the hull, and tick on their own picture (on a backup, restored; not on a compile-only hull -- said so) (0.0s): the berth carries no studio container (no CONTAINER.json + RELEASE_CONTENTS.sha256 pair in its cargo)
  [PASS] U6.sub_pa21_language_studio berth sub_pa21_language_studio: the berth battery (B0-B11) (4.638s)
  [PASS] B0 berth SHA256SUMS.txt verifies (every berth file bound, none unbound) (0.048s)
  [PASS] B1 BERTH.json, SORT_LEDGER.json, every SLOT.json and every container's FABRIC.json validate against the ship's schemas (0.009s)
  [PASS] B2 the sort ledger re-derives from the cargo bytes: identical node, rule and digest for every script (aliased files answer to their original path); no extra or missing cargo; policy digest matches (0.291s)
  [PASS] B3 CARGO.pal, BERTH.pal and the four slots' NODE.pal parse, verify (pacore.lang) and seal to their pinned seals; CARGO.pal has one row per script (0.029s)
  [PASS] B4 studio/main.lctlc is byte-identical to the field lowering of BERTH.pal (the DF witness rows, then the fabric rows) and pa21app.json expects R2 == reference witness (0.0s)
  [PASS] B5 BERTH.pal witnessed on every bound engine (replica + BSP): cross-node differential agreement with the pinned reference; replay PASS (1.192s)
  [PASS] B6 CARGO.pal (893 rows) witnessed in 84-row segments: replica on every engine and a pipeline chained across engines reach the pinned reference (multi-process profile where the host has fork, multi-thread where it has not -- recorded) (7.56s)
  [SKIPPED] B7 the hull face: the berth's studio container runs on the hull's runtime and answers R2 == reference witness (studio expectation met; SKIPPED with the reason on a compile-only hull) (0.001s)
  [SKIPPED] B8 runnable cargo (a sample per engine of scripts in that engine's dialect, and .pal bundles) executes on its engine with a definite verdict (0.0s)
  [PASS] B9 every container in the berth has its own .tif fabric (five DF containers + the hull face): PA21FABTIF/1, reversible byte for byte, live history rooted at the sealed genesis, page count == tick + 1, declaration tiles reported against the sealed words (0.028s)
  [SKIPPED] B10 a tick executes the pictures (on a scratch copy): every bound engine agrees with the CPython reference for the state read and the engines agree; tick 2 chains from the pictures; a painted tick cell is executed as painted (200 -> 201); a painted declaration cell is reported (its vote withheld, unanimity broken where two or more engines are bound, verdict TICK_DISAGREEMENT); the hull's VM ticks the hull face's own picture with R2 == reference (not on a compile-only hull -- said so) (2.125s)
  [SKIPPED] B11 hull cargo: the studio container(s) the berth carries re-assemble from the slots exactly as their seal lists, verify with the hull's own seal verifier, are mounted in the hull, and tick on their own picture (on a backup, restored; not on a compile-only hull -- said so) (0.0s): the berth carries no studio container (no CONTAINER.json + RELEASE_CONTENTS.sha256 pair in its cargo)
  [PASS] U6.vm_large berth vm_large: the berth battery (B0-B11) (11.29s)
  [PASS] B0 berth SHA256SUMS.txt verifies (every berth file bound, none unbound) (0.014s)
  [PASS] B1 BERTH.json, SORT_LEDGER.json, every SLOT.json and every container's FABRIC.json validate against the ship's schemas (0.003s)
  [PASS] B2 the sort ledger re-derives from the cargo bytes: identical node, rule and digest for every script (aliased files answer to their original path); no extra or missing cargo; policy digest matches (0.079s)
  [PASS] B3 CARGO.pal, BERTH.pal and the four slots' NODE.pal parse, verify (pacore.lang) and seal to their pinned seals; CARGO.pal has one row per script (0.009s)
  [PASS] B4 studio/main.lctlc is byte-identical to the field lowering of BERTH.pal (the DF witness rows, then the fabric rows) and pa21app.json expects R2 == reference witness (0.0s)
  [PASS] B5 BERTH.pal witnessed on every bound engine (replica + BSP): cross-node differential agreement with the pinned reference; replay PASS (1.087s)
  [PASS] B6 CARGO.pal (241 rows) witnessed in 84-row segments: replica on every engine and a pipeline chained across engines reach the pinned reference (multi-process profile where the host has fork, multi-thread where it has not -- recorded) (2.383s)
  [SKIPPED] B7 the hull face: the berth's studio container runs on the hull's runtime and answers R2 == reference witness (studio expectation met; SKIPPED with the reason on a compile-only hull) (0.001s)
  [SKIPPED] B8 runnable cargo (a sample per engine of scripts in that engine's dialect, and .pal bundles) executes on its engine with a definite verdict (0.0s)
  [PASS] B9 every container in the berth has its own .tif fabric (five DF containers + the hull face): PA21FABTIF/1, reversible byte for byte, live history rooted at the sealed genesis, page count == tick + 1, declaration tiles reported against the sealed words (0.023s)
  [SKIPPED] B10 a tick executes the pictures (on a scratch copy): every bound engine agrees with the CPython reference for the state read and the engines agree; tick 2 chains from the pictures; a painted tick cell is executed as painted (200 -> 201); a painted declaration cell is reported (its vote withheld, unanimity broken where two or more engines are bound, verdict TICK_DISAGREEMENT); the hull's VM ticks the hull face's own picture with R2 == reference (not on a compile-only hull -- said so) (2.311s)
  [SKIPPED] B11 hull cargo: the studio container(s) the berth carries re-assemble from the slots exactly as their seal lists, verify with the hull's own seal verifier, are mounted in the hull, and tick on their own picture (on a backup, restored; not on a compile-only hull -- said so) (0.0s): the berth carries no studio container (no CONTAINER.json + RELEASE_CONTENTS.sha256 pair in its cargo)
  [PASS] U6.vm_medium berth vm_medium: the berth battery (B0-B11) (5.912s)
  [PASS] B0 berth SHA256SUMS.txt verifies (every berth file bound, none unbound) (0.004s)
  [PASS] B1 BERTH.json, SORT_LEDGER.json, every SLOT.json and every container's FABRIC.json validate against the ship's schemas (0.001s)
  [PASS] B2 the sort ledger re-derives from the cargo bytes: identical node, rule and digest for every script (aliased files answer to their original path); no extra or missing cargo; policy digest matches (0.008s)
  [PASS] B3 CARGO.pal, BERTH.pal and the four slots' NODE.pal parse, verify (pacore.lang) and seal to their pinned seals; CARGO.pal has one row per script (0.003s)
  [PASS] B4 studio/main.lctlc is byte-identical to the field lowering of BERTH.pal (the DF witness rows, then the fabric rows) and pa21app.json expects R2 == reference witness (0.0s)
  [PASS] B5 BERTH.pal witnessed on every bound engine (replica + BSP): cross-node differential agreement with the pinned reference; replay PASS (1.073s)
  [PASS] B6 CARGO.pal (20 rows) witnessed in 84-row segments: replica on every engine and a pipeline chained across engines reach the pinned reference (multi-process profile where the host has fork, multi-thread where it has not -- recorded) (1.107s)
  [SKIPPED] B7 the hull face: the berth's studio container runs on the hull's runtime and answers R2 == reference witness (studio expectation met; SKIPPED with the reason on a compile-only hull) (0.001s)
  [SKIPPED] B8 runnable cargo (a sample per engine of scripts in that engine's dialect, and .pal bundles) executes on its engine with a definite verdict (0.0s)
  [PASS] B9 every container in the berth has its own .tif fabric (five DF containers + the hull face): PA21FABTIF/1, reversible byte for byte, live history rooted at the sealed genesis, page count == tick + 1, declaration tiles reported against the sealed words (0.023s)
  [SKIPPED] B10 a tick executes the pictures (on a scratch copy): every bound engine agrees with the CPython reference for the state read and the engines agree; tick 2 chains from the pictures; a painted tick cell is executed as painted (200 -> 201); a painted declaration cell is reported (its vote withheld, unanimity broken where two or more engines are bound, verdict TICK_DISAGREEMENT); the hull's VM ticks the hull face's own picture with R2 == reference (not on a compile-only hull -- said so) (2.149s)
  [SKIPPED] B11 hull cargo: the studio container(s) the berth carries re-assemble from the slots exactly as their seal lists, verify with the hull's own seal verifier, are mounted in the hull, and tick on their own picture (on a backup, restored; not on a compile-only hull -- said so) (0.0s): the berth carries no studio container (no CONTAINER.json + RELEASE_CONTENTS.sha256 pair in its cargo)
  [PASS] U6.vm_small berth vm_small: the berth battery (B0-B11) (4.371s)
  [PASS] B0 berth SHA256SUMS.txt verifies (every berth file bound, none unbound) (0.353s)
  [PASS] B1 BERTH.json, SORT_LEDGER.json, every SLOT.json and every container's FABRIC.json validate against the ship's schemas (0.058s)
  [PASS] B2 the sort ledger re-derives from the cargo bytes: identical node, rule and digest for every script (aliased files answer to their original path); no extra or missing cargo; policy digest matches (1.377s)
  [PASS] B3 CARGO.pal, BERTH.pal and the four slots' NODE.pal parse, verify (pacore.lang) and seal to their pinned seals; CARGO.pal has one row per script (0.167s)
  [PASS] B4 studio/main.lctlc is byte-identical to the field lowering of BERTH.pal (the DF witness rows, then the fabric rows) and pa21app.json expects R2 == reference witness (0.0s)
  [PASS] B5 BERTH.pal witnessed on every bound engine (replica + BSP): cross-node differential agreement with the pinned reference; replay PASS (1.092s)
  [PASS] B6 CARGO.pal (5513 rows) witnessed in 84-row segments: replica on every engine and a pipeline chained across engines reach the pinned reference (multi-process profile where the host has fork, multi-thread where it has not -- recorded) (45.121s)
  [SKIPPED] B7 the hull face: the berth's studio container runs on the hull's runtime and answers R2 == reference witness (studio expectation met; SKIPPED with the reason on a compile-only hull) (0.002s)
  [PASS] B8 runnable cargo (a sample per engine of scripts in that engine's dialect, and .pal bundles) executes on its engine with a definite verdict (5.848s)
  [PASS] B9 every container in the berth has its own .tif fabric (five DF containers + the hull face): PA21FABTIF/1, reversible byte for byte, live history rooted at the sealed genesis, page count == tick + 1, declaration tiles reported against the sealed words (0.024s)
  [SKIPPED] B10 a tick executes the pictures (on a scratch copy): every bound engine agrees with the CPython reference for the state read and the engines agree; tick 2 chains from the pictures; a painted tick cell is executed as painted (200 -> 201); a painted declaration cell is reported (its vote withheld, unanimity broken where two or more engines are bound, verdict TICK_DISAGREEMENT); the hull's VM ticks the hull face's own picture with R2 == reference (not on a compile-only hull -- said so) (2.256s)
  [SKIPPED] B11 hull cargo: the studio container(s) the berth carries re-assemble from the slots exactly as their seal lists, verify with the hull's own seal verifier, are mounted in the hull, and tick on their own picture (on a backup, restored; not on a compile-only hull -- said so) (0.0s): the berth carries no studio container (no CONTAINER.json + RELEASE_CONTENTS.sha256 pair in its cargo)
  [PASS] U6.vm_xtra_large berth vm_xtra_large: the berth battery (B0-B11) (56.327s)
  [SKIPPED] U7 studio test: every berth container in the hull runs against its own declared answer (SKIPPED with the reason on a compile-only hull) (0.001s)
== PASS: 14 passed, 0 failed, 5 skipped in 91.068s -> /tmp/uc-rehearsal-7el5aich/Unikernel_Containership/_runs/VERIFY_20260817T102522Z.json
   host limits on this machine: no_c_toolchain, no_fork, no_sh -- gates that need what is missing are SKIPPED with the reason (README_START_HERE.md > On Windows)

--- stderr ---
